01-06 18:21:39.553     0     0 I         : c7      1 init: Loaded kernel module /lib/modules/qpnp-qgauge.ko
01-06 18:21:39.553     0     0 I         : c7      1 init: Loading module /lib/modules/sm7250_bms.ko with args ''
01-06 18:21:39.554     0     0 I         : c7      1 init: Loaded kernel module /lib/modules/sm7250_bms.ko
01-06 18:21:39.554     0     0 I         : c7      1 init: Loading module /lib/modules/google_charger.ko with args ''
01-06 18:21:39.555     0     0 I         : c7      1 google_charger: renegotiate on full
01-06 18:21:39.555     0     0 I         : c7      1 google_charger: charging profile in the battery
01-06 18:21:39.555     0     0 I         : c7      1 google_charger: MSC_BD: trig volt=4320000,4300000 temp=350,time=21600 drainto=80,79 resume=280,50 290,14400
01-06 18:21:39.555     0     0 I         : c7      1 logbuffer:  id:pps registered
01-06 18:21:39.555     0     0 E         : c7     79 minidump-id not found for npu
01-06 18:21:39.555     0     0 I         : c7     79 subsys-pil-tz 9800000.qcom,npu: for npu segments only will be dumped.
01-06 18:21:39.555     0     0 I         : c7     79 subsys-pil-tz 9800000.qcom,npu: for md_npu segments only will be dumped.
01-06 18:21:39.555     0     0 E         : c7     79 subsys-restart: __get_smem_state(): Could not get smem-states qcom,force-stop
01-06 18:21:39.555     0     0 E         : c7     79 Couldn't parse device tree rc=-517
01-06 18:21:39.556     0     0 I         : c7      1 init: Loaded kernel module /lib/modules/google_charger.ko
01-06 18:21:39.556     0     0 I         : c7      1 init: Loading module /lib/modules/google-battery.ko with args ''
01-06 18:21:39.556     0     0 I         : c7     79 QG-K: qg_get_batt_type: eeprom ID=82300172013, len=10, defer_cnt=0
01-06 18:21:39.557     0     0 I         : c7      1 logbuffer:  id:ssoc registered
01-06 18:21:39.557     0     0 E         : c7      1 google_battery: battery tz register failed. err:-19
01-06 18:21:39.557     0     0 E         : c7     79 minidump-id not found for npu
01-06 18:21:39.557     0     0 I         : c7     79 subsys-pil-tz 9800000.qcom,npu: for npu segments only will be dumped.
01-06 18:21:39.557     0     0 I         : c7     79 subsys-pil-tz 9800000.qcom,npu: for md_npu segments only will be dumped.
01-06 18:21:39.557     0     0 E         : c7     79 subsys-restart: __get_smem_state(): Could not get smem-states qcom,force-stop
01-06 18:21:39.557     0     0 E         : c7     79 Couldn't parse device tree rc=-517
01-06 18:21:39.558     0     0 I         : c7      1 init: Loaded kernel module /lib/modules/google-battery.ko
01-06 18:21:39.558     0     0 I         : c7      1 init: Loading module /lib/modules/overheat_mitigation.ko with args ''
01-06 18:21:39.559     0     0 I         : c7     79 QG-K: qg_get_batt_type: eeprom ID=82300172013, len=10, defer_cnt=0
01-06 18:21:39.559     0     0 I         : c7      1 init: Loaded kernel module /lib/modules/overheat_mitigation.ko
01-06 18:21:39.559     0     0 I         : c7      1 init: Loading module /lib/modules/p9221_charger.ko with args ''
01-06 18:21:39.560     0     0 E         : c7      1 lito-pinctrl f000000.pinctrl: pin_config_group_set op failed for group 99
01-06 18:21:39.560     0     0 E         : c7      1 p9221 1-003b: Error applying setting, reverse things back
01-06 18:21:39.560     0     0 I         : c7      1 p9221 1-003b: enable gpio:1233
01-06 18:21:39.560     0     0 W         : c7      1 p9221 1-003b: unable to read idt,gpio_slct from dt: -2
01-06 18:21:39.560     0     0 I         : c7      1 p9221 1-003b: ben gpio:1131
01-06 18:21:39.560     0     0 I         : c7      1 p9221 1-003b: switch gpio:1224
01-06 18:21:39.560     0     0 I         : c7      1 p9221 1-003b: gpio:1234, gpio_irq:280
01-06 18:21:39.560     0     0 I         : c7      1 p9221 1-003b: det gpio:1232, det gpio_irq:281
01-06 18:21:39.560     0     0 E         : c7      1 p9221 1-003b: No dt fod provided (-22)
01-06 18:21:39.560     0     0 E         : c7      1 p9221 1-003b: No dt fod epp provided (-22)
01-06 18:21:39.560     0     0 I         : c7      1 p9221 1-003b: dt epp_rp_value: 24
01-06 18:21:39.560     0     0 I         : c7      1 p9221 1-003b: dt needs_dcin_reset: 2
01-06 18:21:39.560     0     0 I         : c7      1 p9221 1-003b: dt google,alignment_frequencies size = -22
01-06 18:21:39.560     0     0 I         : c7      1 p9221 1-003b: google,alignment_hysteresis set to: 5000
01-06 18:21:39.560     0     0 I         : c7      1 p9221 1-003b: google,alignment_scalar_low_current set to: 200
01-06 18:21:39.560     0     0 I         : c7      1 p9221 1-003b: google,alignment_scalar_high_current set to: 118
01-06 18:21:39.560     0     0 I         : c7      1 p9221 1-003b: google,alignment_offset_low_current set to: 125000
01-06 18:21:39.560     0     0 I         : c7      1 p9221 1-003b: google,alignment_offset_high_current set to: 139000
01-06 18:21:42.027   600   600 D QSEECOMAPI: QSEECom_register_listener 28672 sb_length = 0x7e000
01-06 18:21:39.560     0     0 W         : c7      1 p9221 1-003b: Could not find DC_ICL votable
01-06 18:21:39.560     0     0 W         : c7      1 p9221 1-003b: Could not find DC_SUSPEND votable
01-06 18:21:39.560     0     0 E         : c7      1 i2c_geni 98c000.i2c: i2c error :-107
01-06 18:21:39.560     0     0 E         : c7      1 p9221 1-003b: i2c read error, reg:0, ret:-107 (-19)
01-06 18:21:39.561     0     0 I         : c7      1 p9221 1-003b: Charger rTX address :3b
01-06 18:21:39.561     0     0 E         : c7      1 p9221 1-003b: Could not vote DC_ICL - no votable
01-06 18:21:39.562     0     0 I         : c7      1 logbuffer:  id:wireless registered
01-06 18:21:39.562     0     0 I         : c7      1 logbuffer:  id:rtx registered
01-06 18:21:39.562     0     0 I         : c7      1 p9221 1-003b: p9221 Charger Driver Loaded
01-06 18:21:39.562     0     0 E         : c7    207 minidump-id not found for npu
01-06 18:21:39.562     0     0 I         : c7    207 subsys-pil-tz 9800000.qcom,npu: for npu segments only will be dumped.
01-06 18:21:39.562     0     0 I         : c7    207 subsys-pil-tz 9800000.qcom,npu: for md_npu segments only will be dumped.
01-06 18:21:39.562     0     0 E         : c7    207 subsys-restart: __get_smem_state(): Could not get smem-states qcom,force-stop
01-06 18:21:39.562     0     0 I         : c7      1 init: Loaded kernel module /lib/modules/p9221_charger.ko
01-06 18:21:39.562     0     0 E         : c7    207 Couldn't parse device tree rc=-517
01-06 18:21:39.562     0     0 I         : c7      1 init: Loading module /lib/modules/qti_qmi_sensor.ko with args ''
01-06 18:21:39.563     0     0 I         : c7    207 QG-K: qg_get_batt_type: eeprom ID=82300172013, len=10, defer_cnt=0
01-06 18:21:39.564     0     0 I         : c0      1 init: Loaded kernel module /lib/modules/qti_qmi_sensor.ko
01-06 18:21:39.564     0     0 I         : c0      1 init: Loading module /lib/modules/bcl_pmic5.ko with args ''
01-06 18:21:39.565     0     0 E         : c0    368 minidump-id not found for npu
01-06 18:21:39.565     0     0 I         : c0    368 subsys-pil-tz 9800000.qcom,npu: for npu segments only will be dumped.
01-06 18:21:39.565     0     0 I         : c0    368 subsys-pil-tz 9800000.qcom,npu: for md_npu segments only will be dumped.
01-06 18:21:39.565     0     0 E         : c0    368 subsys-restart: __get_smem_state(): Could not get smem-states qcom,force-stop
01-06 18:21:39.566     0     0 E         : c0    368 Couldn't parse device tree rc=-517
01-06 18:21:39.567     0     0 I         : c0    368 QG-K: qg_get_batt_type: eeprom ID=82300172013, len=10, defer_cnt=0
01-06 18:21:39.569     0     0 E         : c5     81 minidump-id not found for npu
01-06 18:21:39.570     0     0 I         : c5     81 subsys-pil-tz 9800000.qcom,npu: for npu segments only will be dumped.
01-06 18:21:39.570     0     0 I         : c5     81 subsys-pil-tz 9800000.qcom,npu: for md_npu segments only will be dumped.
01-06 18:21:39.570     0     0 E         : c5     81 subsys-restart: __get_smem_state(): Could not get smem-states qcom,force-stop
01-06 18:21:39.571     0     0 E         : c5     81 Couldn't parse device tree rc=-517
01-06 18:21:39.571     0     0 I         : c5     81 QG-K: qg_get_batt_type: eeprom ID=82300172013, len=10, defer_cnt=0
01-06 18:21:39.571     0     0 I         : c1      1 init: Loaded kernel module /lib/modules/bcl_pmic5.ko
01-06 18:21:39.572     0     0 I         : c1      1 init: Loading module /lib/modules/bcl_soc.ko with args ''
01-06 18:21:39.572     0     0 E         : c5     81 minidump-id not found for npu
01-06 18:21:39.572     0     0 I         : c5     81 subsys-pil-tz 9800000.qcom,npu: for npu segments only will be dumped.
01-06 18:21:39.572     0     0 I         : c5     81 subsys-pil-tz 9800000.qcom,npu: for md_npu segments only will be dumped.
01-06 18:21:39.572     0     0 E         : c5     81 subsys-restart: __get_smem_state(): Could not get smem-states qcom,force-stop
01-06 18:21:39.573     0     0 I         : c1      1 init: Loaded kernel module /lib/modules/bcl_soc.ko
01-06 18:21:39.573     0     0 I         : c1      1 init: Loading module /lib/modules/qmi_cdev.ko with args ''
01-06 18:21:39.573     0     0 E         : c5     81 Couldn't parse device tree rc=-517
01-06 18:21:39.574     0     0 I         : c5     81 QG-K: qg_get_batt_type: eeprom ID=82300172013, len=10, defer_cnt=0
01-06 18:21:39.575     0     0 E         : c5     81 minidump-id not found for npu
01-06 18:21:39.575     0     0 I         : c5     81 subsys-pil-tz 9800000.qcom,npu: for npu segments only will be dumped.
01-06 18:21:39.575     0     0 I         : c5     81 subsys-pil-tz 9800000.qcom,npu: for md_npu segments only will be dumped.
01-06 18:21:39.575     0     0 E         : c5     81 subsys-restart: __get_smem_state(): Could not get smem-states qcom,force-stop
01-06 18:21:39.575     0     0 I         : c1      1 init: Loaded kernel module /lib/modules/qmi_cdev.ko
01-06 18:21:39.575     0     0 I         : c1      1 init: Loading module /lib/modules/lmh_dbg.ko with args ''
01-06 18:21:39.576     0     0 I         : c1      1 init: Loaded kernel module /lib/modules/lmh_dbg.ko
01-06 18:21:39.576     0     0 E         : c5     81 Couldn't parse device tree rc=-517
01-06 18:21:39.576     0     0 I         : c1      1 init: Loading module /lib/modules/msm_lmh_dcvs.ko with args ''
01-06 18:21:39.576     0     0 I         : c5     81 QG-K: qg_get_batt_type: eeprom ID=82300172013, len=10, defer_cnt=0
01-06 18:21:39.577     0     0 E         : c5     81 minidump-id not found for npu
01-06 18:21:39.577     0     0 I         : c5     81 subsys-pil-tz 9800000.qcom,npu: for npu segments only will be dumped.
01-06 18:21:39.577     0     0 I         : c5     81 subsys-pil-tz 9800000.qcom,npu: for md_npu segments only will be dumped.
01-06 18:21:39.577     0     0 E         : c5     81 subsys-restart: __get_smem_state(): Could not get smem-states qcom,force-stop
01-06 18:21:39.578     0     0 E         : c5     81 Couldn't parse device tree rc=-517
01-06 18:21:39.578     0     0 I         : c1      1 init: Loaded kernel module /lib/modules/msm_lmh_dcvs.ko
01-06 18:21:39.578     0     0 I         : c1      1 init: Loading module /lib/modules/regulator_aop_cdev.ko with args ''
01-06 18:21:39.579     0     0 I         : c5     81 QG-K: qg_get_batt_type: eeprom ID=82300172013, len=10, defer_cnt=0
01-06 18:21:39.579     0     0 I         : c1      1 init: Loaded kernel module /lib/modules/regulator_aop_cdev.ko
01-06 18:21:39.580     0     0 I         : c1      1 init: Loading module /lib/modules/cpu_isolate.ko with args ''
01-06 18:21:39.580     0     0 E         : c5     81 minidump-id not found for npu
01-06 18:21:39.580     0     0 I         : c5     81 subsys-pil-tz 9800000.qcom,npu: for npu segments only will be dumped.
01-06 18:21:39.580     0     0 I         : c5     81 subsys-pil-tz 9800000.qcom,npu: for md_npu segments only will be dumped.
01-06 18:21:39.580     0     0 E         : c5     81 subsys-restart: __get_smem_state(): Could not get smem-states qcom,force-stop
01-06 18:21:39.581     0     0 I         : c0      1 init: Loaded kernel module /lib/modules/cpu_isolate.ko
01-06 18:21:39.581     0     0 I         : c0      1 init: Loading module /lib/modules/lmh_cpu_vdd_cdev.ko with args ''
01-06 18:21:39.581     0     0 E         : c5     81 Couldn't parse device tree rc=-517
01-06 18:21:39.582     0     0 I         : c1      1 init: Loaded kernel module /lib/modules/lmh_cpu_vdd_cdev.ko
01-06 18:21:39.582     0     0 I         : c1      1 init: Loading module /lib/modules/qcom-spmi-temp-alarm.ko with args ''
01-06 18:21:39.582     0     0 I         : c5     81 QG-K: qg_get_batt_type: eeprom ID=82300172013, len=10, defer_cnt=0
01-06 18:21:39.583     0     0 I         : c1      1 init: Loaded kernel module /lib/modules/qcom-spmi-temp-alarm.ko
01-06 18:21:39.583     0     0 I         : c1      1 init: Loading module /lib/modules/thermal-tsens.ko with args ''
01-06 18:21:39.583     0     0 E         : c5     81 minidump-id not found for npu
01-06 18:21:39.583     0     0 I         : c5     81 subsys-pil-tz 9800000.qcom,npu: for npu segments only will be dumped.
01-06 18:21:39.583     0     0 I         : c5     81 subsys-pil-tz 9800000.qcom,npu: for md_npu segments only will be dumped.
01-06 18:21:39.583     0     0 E         : c5     81 subsys-restart: __get_smem_state(): Could not get smem-states qcom,force-stop
01-06 18:21:39.584     0     0 E         : c5     81 Couldn't parse device tree rc=-517
01-06 18:21:39.584     0     0 I         : c5     81 QG-K: qg_get_batt_type: eeprom ID=82300172013, len=10, defer_cnt=0
01-06 18:21:39.590     0     0 E         : c6    295 minidump-id not found for npu
01-06 18:21:39.590     0     0 I         : c6    295 subsys-pil-tz 9800000.qcom,npu: for npu segments only will be dumped.
01-06 18:21:39.590     0     0 I         : c6    295 subsys-pil-tz 9800000.qcom,npu: for md_npu segments only will be dumped.
01-06 18:21:39.590     0     0 E         : c6    295 subsys-restart: __get_smem_state(): Could not get smem-states qcom,force-stop
01-06 18:21:39.591     0     0 E         : c6    295 Couldn't parse device tree rc=-517
01-06 18:21:39.591     0     0 I         : c6    295 QG-K: qg_get_batt_type: eeprom ID=82300172013, len=10, defer_cnt=0
01-06 18:21:39.592     0     0 E         : c6    295 minidump-id not found for npu
01-06 18:21:39.592     0     0 I         : c6    295 subsys-pil-tz 9800000.qcom,npu: for npu segments only will be dumped.
01-06 18:21:39.592     0     0 I         : c6    295 subsys-pil-tz 9800000.qcom,npu: for md_npu segments only will be dumped.
01-06 18:21:39.592     0     0 E         : c6    295 subsys-restart: __get_smem_state(): Could not get smem-states qcom,force-stop
01-06 18:21:39.592     0     0 I         : c1      1 init: Loaded kernel module /lib/modules/thermal-tsens.ko
01-06 18:21:39.592     0     0 I         : c1      1 init: Loading module /lib/modules/dm-user.ko with args ''
01-06 18:21:39.593     0     0 E         : c6    295 Couldn't parse device tree rc=-517
01-06 18:21:39.594     0     0 I         : c6      1 init: Loaded kernel module /lib/modules/dm-user.ko
01-06 18:21:39.594     0     0 I         : c6      1 init: Loading module /lib/modules/slimbus.ko with args ''
01-06 18:21:39.595     0     0 I         : c6      1 init: Loaded kernel module /lib/modules/slimbus.ko
01-06 18:21:39.595     0     0 I         : c6      1 init: Loading module /lib/modules/bluetooth_power.ko with args ''
01-06 18:21:39.596     0     0 I         : c6      1 bt_power_populate_dt_pinfo: bt-reset-gpio not provided in devicetree
01-06 18:21:39.596     0     0 I         : c6      1 bt_power_populate_dt_pinfo: wl-reset-gpio not provided in devicetree
01-06 18:21:39.596     0     0 I         : c6      1 bt_dt_parse_vreg_info: qca,bt-vdd-ldo: is not provided in device tree
01-06 18:21:39.596     0     0 I         : c6      1 bt_dt_parse_vreg_info: qca,bt-chip-pwd: is not provided in device tree
01-06 18:21:39.596     0     0 I         : c6      1 bt_dt_parse_vreg_info: qca,bt-vdd-aon: is not provided in device tree
01-06 18:21:39.596     0     0 I         : c6      1 bt_dt_parse_vreg_info: qca,bt-vdd-dig: is not provided in device tree
01-06 18:21:39.596     0     0 I         : c6      1 bt_dt_parse_vreg_info: qca,bt-vdd-rfa1: is not provided in device tree
01-06 18:21:39.596     0     0 I         : c6      1 bt_dt_parse_vreg_info: qca,bt-vdd-rfa2: is not provided in device tree
01-06 18:21:39.596     0     0 I         : c6      1 bt_dt_parse_vreg_info: qca,bt-vdd-asd: is not provided in device tree
01-06 18:21:39.596     0     0 I         : c6      1 bt_dt_parse_clk_info: clocks is not provided in device tree
01-06 18:21:39.596     0     0 I         : c6      1 init: Loaded kernel module /lib/modules/bluetooth_power.ko
01-06 18:21:39.596     0     0 I         : c6      1 init: Loading module /lib/modules/qcom_edac.ko with args ''
01-06 18:21:39.597     0     0 I         : c6    295 QG-K: qg_get_batt_type: eeprom ID=82300172013, len=10, defer_cnt=0
01-06 18:21:39.597     0     0 E         : c6    295 minidump-id not found for npu
01-06 18:21:39.597     0     0 I         : c6    295 subsys-pil-tz 9800000.qcom,npu: for npu segments only will be dumped.
01-06 18:21:39.597     0     0 I         : c6    295 subsys-pil-tz 9800000.qcom,npu: for md_npu segments only will be dumped.
01-06 18:21:39.597     0     0 E         : c6    295 subsys-restart: __get_smem_state(): Could not get smem-states qcom,force-stop
01-06 18:21:39.597     0     0 E         : c6    295 Couldn't parse device tree rc=-517
01-06 18:21:39.598     0     0 I         : c6      1 qcom_llcc_edac qcom_llcc_edac: No ECC IRQ; defaulting to polling mode
01-06 18:21:39.598     0     0 I         : c6      1 EDAC DEVICE1: Giving out device to module qcom_llcc_edac controller llcc: DEV qcom_llcc_edac (POLLED)
01-06 18:21:39.598     0     0 I         : c6      1 init: Loaded kernel module /lib/modules/qcom_edac.ko
01-06 18:21:39.598     0     0 I         : c6      1 init: Loading module /lib/modules/leds-qpnp-flash-common.ko with args ''
01-06 18:21:39.599     0     0 I         : c6      1 init: Loaded kernel module /lib/modules/leds-qpnp-flash-common.ko
01-06 18:21:39.599     0     0 I         : c6      1 init: Loading module /lib/modules/leds-qpnp-flash-v2.ko with args ''
01-06 18:21:39.599     0     0 I         : c6    295 QG-K: qg_get_batt_type: eeprom ID=82300172013, len=10, defer_cnt=0
01-06 18:21:39.599     0     0 E         : c6    295 minidump-id not found for npu
01-06 18:21:39.599     0     0 I         : c6    295 subsys-pil-tz 9800000.qcom,npu: for npu segments only will be dumped.
01-06 18:21:39.599     0     0 I         : c6    295 subsys-pil-tz 9800000.qcom,npu: for md_npu segments only will be dumped.
01-06 18:21:39.599     0     0 E         : c6    295 subsys-restart: __get_smem_state(): Could not get smem-states qcom,force-stop
01-06 18:21:39.600     0     0 E         : c6    295 Couldn't parse device tree rc=-517
01-06 18:21:39.601     0     0 I         : c6    295 QG-K: qg_get_batt_type: eeprom ID=82300172013, len=10, defer_cnt=0
01-06 18:21:39.602     0     0 I         : c6      1 init: Loaded kernel module /lib/modules/leds-qpnp-flash-v2.ko
01-06 18:21:39.602     0     0 I         : c6      1 init: Loading module /lib/modules/of_slimbus.ko with args ''
01-06 18:21:39.602     0     0 E         : c6    295 minidump-id not found for npu
01-06 18:21:39.603     0     0 I         : c6    295 subsys-pil-tz 9800000.qcom,npu: for npu segments only will be dumped.
01-06 18:21:39.603     0     0 I         : c6    295 subsys-pil-tz 9800000.qcom,npu: for md_npu segments only will be dumped.
01-06 18:21:39.603     0     0 E         : c6    295 subsys-restart: __get_smem_state(): Could not get smem-states qcom,force-stop
01-06 18:21:39.603     0     0 E         : c6    295 Couldn't parse device tree rc=-517
01-06 18:21:39.604     0     0 I         : c6      1 init: Loaded kernel module /lib/modules/of_slimbus.ko
01-06 18:21:39.604     0     0 I         : c6      1 init: Loading module /lib/modules/google_wlan_mac.ko with args ''
01-06 18:21:39.604     0     0 W         : c6      1 google_wlan_mac: module is from the staging directory, the quality is unknown, you have been warned.
01-06 18:21:39.604     0     0 I         : c6      1 init: Loaded kernel module /lib/modules/google_wlan_mac.ko
01-06 18:21:39.604     0     0 I         : c6      1 init: Loading module /lib/modules/msm_ext_display.ko with args ''
01-06 18:21:39.605     0     0 I         : c6      1 init: Loaded kernel module /lib/modules/msm_ext_display.ko
01-06 18:21:39.605     0     0 I         : c6      1 init: Loading module /lib/modules/msm_qmp.ko with args ''
01-06 18:21:39.607     0     0 I         : c6    295 QG-K: qg_get_batt_type: eeprom ID=82300172013, len=10, defer_cnt=0
01-06 18:21:39.607     0     0 E         : c6    295 minidump-id not found for npu
01-06 18:21:39.607     0     0 I         : c6    295 subsys-pil-tz 9800000.qcom,npu: for npu segments only will be dumped.
01-06 18:21:39.607     0     0 I         : c6    295 subsys-pil-tz 9800000.qcom,npu: for md_npu segments only will be dumped.
01-06 18:21:39.607     0     0 E         : c6    295 subsys-restart: __get_smem_state(): Could not get smem-states qcom,force-stop
01-06 18:21:39.607     0     0 E         : c6    295 Couldn't parse device tree rc=-517
01-06 18:21:39.608     0     0 I         : c7      1 init: Loaded kernel module /lib/modules/msm_qmp.ko
01-06 18:21:39.608     0     0 I         : c7      1 init: Loading module /lib/modules/governor_bw_hwmon.ko with args ''
01-06 18:21:39.608     0     0 I         : c6    295 QG-K: qg_get_batt_type: eeprom ID=82300172013, len=10, defer_cnt=0
01-06 18:21:39.609     0     0 I         : c6    295 qmp-aop-clk soc:qcom,aopclk: Registered clocks with AOP
01-06 18:21:39.609     0     0 I         : c6    295 subsys-pil-tz 4080000.qcom,mss: Linked as a consumer to regulator.8
01-06 18:21:39.609     0     0 I         : c6    295 subsys-pil-tz 4080000.qcom,mss: Linked as a consumer to regulator.13
01-06 18:21:39.609     0     0 I         : c6    295 init: Loaded kernel module /lib/modules/governor_bw_hwmon.ko
01-06 18:21:39.609     0     0 E         : c6    295 register_client_adhoc:find path.src 129 dest 512
01-06 18:21:39.609     0     0 I         : c6    295 init: Loading module /lib/modules/bimc-bwmon.ko with args ''
01-06 18:21:39.609     0     0 E         : c6    295 register_client_adhoc:Client handle 32 pil-modem
01-06 18:21:39.609     0     0 I         : c6    295 subsys-pil-tz 3000000.qcom,lpass: Linked as a consumer to regulator.36
01-06 18:21:39.609     0     0 I         : c6    295 subsys-pil-tz 3000000.qcom,lpass: Linked as a consumer to regulator.17
01-06 18:21:39.609     0     0 I         : c7      1 bimc-bwmon 90b6300.qcom,cpu-cpu-llcc-bwmon: BW HWmon governor registered.
01-06 18:21:39.609     0     0 I         : c7      1 bimc-bwmon 90cd000.qcom,cpu-llcc-ddr-bwmon: BW HWmon governor registered.
01-06 18:21:42.030   594   594 I hwservicemanager: getDeviceHalManifest: Successfully processed VINTF information
01-06 18:21:39.609     0     0 I         : c7      1 bimc-bwmon 60400.qcom,npu-npu-llcc-bwmon: BW HWmon governor registered.
01-06 18:21:42.030   592   592 I servicemanager: getDeviceHalManifest: Successfully processed VINTF information
01-06 18:21:42.030   592   592 I servicemanager: getFrameworkHalManifest: Reading VINTF information.
01-06 18:21:39.609     0     0 I         : c6    295 subsys-pil-tz 8300000.qcom,turing: Linked as a consumer to regulator.8
01-06 18:21:42.030   594   594 I hwservicemanager: getFrameworkHalManifest: Successfully processed VINTF information
01-06 18:21:39.609     0     0 I         : c6    295 bimc-bwmon 90ce000.qcom,npu-llcc-ddr-bwmon: BW HWmon governor registered.
01-06 18:21:39.609     0     0 E         : c6    295 register_client_adhoc:find path.src 154 dest 821
01-06 18:21:39.609     0     0 E         : c6    295 register_client_adhoc:Client handle 33 pil-cdsp
01-06 18:21:39.610     0     0 I         : c7      1 bimc-bwmon 70300.qcom,npudsp-npu-ddr-bwmon: BW HWmon governor registered.
01-06 18:21:39.610     0     0 E         : c6    295 minidump-id not found for npu
01-06 18:21:39.610     0     0 I         : c7      1 init: Loaded kernel module /lib/modules/bimc-bwmon.ko
01-06 18:21:42.031   594   594 I hwservicemanager: hwservicemanager is ready now.
01-06 18:21:39.610     0     0 I         : c6    295 subsys-pil-tz 9800000.qcom,npu: for npu segments only will be dumped.
01-06 18:21:39.610     0     0 I         : c6    295 subsys-pil-tz 9800000.qcom,npu: for md_npu segments only will be dumped.
01-06 18:21:39.610     0     0 E         : c6    295 subsys-restart: __get_smem_state(): Could not get smem-states qcom,force-stop
01-06 18:21:39.610     0     0 I         : c7      1 init: Loading module /lib/modules/governor_memlat.ko with args ''
01-06 18:21:39.610     0     0 I         : c6    295 kgsl-3d 3d6a000.qcom,gmu: Dropping the link to 3da0000.kgsl-smmu
01-06 18:21:39.610     0     0 E         : c6    295 Couldn't parse device tree rc=-517
01-06 18:21:39.611     0     0 I         : c7      1 init: Loaded kernel module /lib/modules/governor_memlat.ko
01-06 18:21:39.611     0     0 I         : c7      1 init: Loading module /lib/modules/arm-memlat-mon.ko with args ''
01-06 18:21:39.611     0     0 I         : c6    295 QG-K: qg_get_batt_type: eeprom ID=82300172013, len=10, defer_cnt=0
01-06 18:21:39.611     0     0 I         : c7      1 arm-memlat-mon soc:qcom,cpu0-cpugrp:qcom,cpu0-cpu-l3-latmon: Memory Latency governor registered.
01-06 18:21:42.031   592   592 I servicemanager: getFrameworkHalManifest: Successfully processed VINTF information
01-06 18:21:39.612     0     0 I         : c7      1 arm-memlat-mon soc:qcom,cpu0-cpugrp:qcom,cpu0-cpu-llcc-latmon: Memory Latency governor registered.
01-06 18:21:42.032   592   592 I servicemanager: Found android.frameworks.stats.IStats/default in framework VINTF manifest.
01-06 18:21:39.612     0     0 E         : c6    295 minidump-id not found for npu
01-06 18:21:39.612     0     0 I         : c6    295 subsys-pil-tz 9800000.qcom,npu: for npu segments only will be dumped.
01-06 18:21:39.612     0     0 I         : c7      1 arm-memlat-mon soc:qcom,cpu0-cpugrp:qcom,cpu0-llcc-ddr-latmon: Memory Latency governor registered.
01-06 18:21:39.612     0     0 I         : c6    295 subsys-pil-tz 9800000.qcom,npu: for md_npu segments only will be dumped.
01-06 18:21:39.612     0     0 E         : c6    295 subsys-restart: __get_smem_state(): Could not get smem-states qcom,force-stop
01-06 18:21:39.612     0     0 I         : c7      1 arm-memlat-mon soc:qcom,cpu0-cpugrp:qcom,cpu0-computemon: Compute governor registered.
01-06 18:21:39.612     0     0 I         : c7      1 arm-memlat-mon soc:qcom,cpu4-cpugrp:qcom,cpu6-cpu-l3-latmon: Memory Latency governor registered.
01-06 18:21:39.612     0     0 I         : c7      1 arm-memlat-mon soc:qcom,cpu4-cpugrp:qcom,cpu7-cpu-l3-latmon: Memory Latency governor registered.
01-06 18:21:39.612     0     0 I         : c7      1 arm-memlat-mon soc:qcom,cpu4-cpugrp:qcom,cpu6-cpu-llcc-latmon: Memory Latency governor registered.
01-06 18:21:39.612     0     0 E         : c6    295 Couldn't parse device tree rc=-517
01-06 18:21:39.612     0     0 I         : c7      1 arm-memlat-mon soc:qcom,cpu4-cpugrp:qcom,cpu6-llcc-ddr-latmon: Memory Latency governor registered.
01-06 18:21:39.612     0     0 I         : c7      1 arm-memlat-mon soc:qcom,cpu4-cpugrp:qcom,cpu6-computemon: Compute governor registered.
01-06 18:21:39.612     0     0 I         : c7      1 arm-memlat-mon soc:qcom,cpu4-cpugrp:qcom,cpu7-computemon: Compute governor registered.
01-06 18:21:39.613     0     0 I         : c7      1 init: Loaded kernel module /lib/modules/arm-memlat-mon.ko
01-06 18:21:39.613     0     0 I         : c7      1 init: Loading module /lib/modules/governor_cdsp_l3.ko with args ''
01-06 18:21:42.032   592   592 I servicemanager: Since 'android.frameworks.stats.IStats/default' could not be found, trying to start it as a lazy AIDL service
01-06 18:21:39.613     0     0 I         : c6    295 QG-K: qg_get_batt_type: eeprom ID=82300172013, len=10, defer_cnt=0
01-06 18:21:39.613     0     0 E         : c6    295 minidump-id not found for npu
01-06 18:21:39.613     0     0 I         : c6    295 subsys-pil-tz 9800000.qcom,npu: for npu segments only will be dumped.
01-06 18:21:39.613     0     0 I         : c6    295 subsys-pil-tz 9800000.qcom,npu: for md_npu segments only will be dumped.
01-06 18:21:39.613     0     0 E         : c6    295 subsys-restart: __get_smem_state(): Could not get smem-states qcom,force-stop
01-06 18:21:39.614     0     0 I         : c7      1 init: Loaded kernel module /lib/modules/governor_cdsp_l3.ko
01-06 18:21:39.614     0     0 I         : c7      1 init: Loading module /lib/modules/qcom-vadc-common.ko with args ''
01-06 18:21:39.614     0     0 E         : c6    295 Couldn't parse device tree rc=-517
01-06 18:21:39.614     0     0 I         : c7      1 init: Loaded kernel module /lib/modules/qcom-vadc-common.ko
01-06 18:21:39.614     0     0 I         : c7      1 init: Loading module /lib/modules/qcom-spmi-adc5.ko with args ''
01-06 18:21:39.614     0     0 I         : c6    295 QG-K: qg_get_batt_type: eeprom ID=82300172013, len=10, defer_cnt=0
01-06 18:21:39.615     0     0 I         : c7      1 init: Loaded kernel module /lib/modules/qcom-spmi-adc5.ko
01-06 18:21:39.615     0     0 I         : c7      1 init: Loading module /lib/modules/pac193x.ko with args ''
01-06 18:21:39.616     0     0 E         : c6      1 i2c_geni 98c000.i2c: i2c error :-107
01-06 18:21:39.616     0     0 E         : c6      1 pac193x: failed reading data from register 0xFD
01-06 18:21:39.616     0     0 E         : c6      1 pac193x: cannot read revision
01-06 18:21:39.616     0     0 W         : c6      1 pac193x: probe of 1-0010 failed with error -22
01-06 18:21:39.616     0     0 E         : c6      1 i2c_geni 98c000.i2c: i2c error :-107
01-06 18:21:39.616     0     0 E         : c6      1 pac193x: failed reading data from register 0xFD
01-06 18:21:39.616     0     0 E         : c6      1 pac193x: cannot read revision
01-06 18:21:39.616     0     0 W         : c6      1 pac193x: probe of 1-0018 failed with error -22
01-06 18:21:39.617     0     0 I         : c7    207 sm7250_bms: batt_id = 9971
01-06 18:21:39.617     0     0 I         : c7    207 sm7250_bms: node qpnp,qg PMIC subtype 46 Digital major 1
01-06 18:21:39.617     0     0 I         : c7    207 sm7250_bms: QG_TYPE 13
01-06 18:21:39.617     0     0 I         : c7    207 sm7250_bms: QG_TYPE 13
01-06 18:21:39.617     0     0 E         : c6      1 i2c_geni 98c000.i2c: i2c error :-107
01-06 18:21:39.617     0     0 E         : c6      1 pac193x: failed reading data from register 0xFD
01-06 18:21:39.617     0     0 E         : c6      1 pac193x: cannot read revision
01-06 18:21:39.617     0     0 W         : c6      1 pac193x: probe of 1-001f failed with error -22
01-06 18:21:39.617     0     0 I         : c6      1 init: Loaded kernel module /lib/modules/pac193x.ko
01-06 18:21:39.617     0     0 I         : c6      1 init: Loading module /lib/modules/qcom_llcc_pmu.ko with args ''
01-06 18:21:39.617     0     0 I         : c7    207 sm7250_bms c440000.qcom,spmi:qcom,pm7250b@2:google,bms: Linked as a consumer to regulator.55
01-06 18:21:39.617     0     0 I         : c6      1 qcom-llcc-pmu 90cc000.llcc-pmu: Registered llcc_pmu, type: 8
01-06 18:21:39.618     0     0 I         : c6      1 init: Loaded kernel module /lib/modules/qcom_llcc_pmu.ko
01-06 18:21:39.618     0     0 I         : c6      1 init: Loading module /lib/modules/nvmem_qfprom.ko with args ''
01-06 18:21:39.618     0     0 I         : c6      1 init: Loaded kernel module /lib/modules/nvmem_qfprom.ko
01-06 18:21:39.618     0     0 I         : c6      1 init: Loading module /lib/modules/qcom-spmi-sdam.ko with args ''
01-06 18:21:39.619     0     0 I         : c6      1 SDAM base=0xb100 size=128 registered successfully
01-06 18:21:39.619     0     0 I         : c6      1 init: Loaded kernel module /lib/modules/qcom-spmi-sdam.ko
01-06 18:21:39.619     0     0 I         : c6      1 init: Loading module /lib/modules/slim_msm_ngd.ko with args ''
01-06 18:21:39.619     0     0 I         : c7    207 sm7250_bms: BMS driver probed successfully
01-06 18:21:39.621     0     0 I         : c6      1 iommu: Adding device 3ac0000.slim to group 24
01-06 18:21:39.621     0     0 I         : c6      1 init: Loaded kernel module /lib/modules/slim_msm_ngd.ko
01-06 18:21:39.622     0     0 I         : c6      1 init: Loading module /lib/modules/rpmsg_char.ko with args ''
01-06 18:21:39.622     0     0 I         : c6      1 init: Loaded kernel module /lib/modules/rpmsg_char.ko
01-06 18:21:39.622     0     0 I         : c6      1 init: Loading module /lib/modules/rmnet.ko with args ''
01-06 18:21:39.625     0     0 I         : c6      1 init: Loaded kernel module /lib/modules/rmnet.ko
01-06 18:21:39.625     0     0 I         : c6      1 init: Loading module /lib/modules/usb-audio-qmi.ko with args ''
01-06 18:21:39.626     0     0 I         : c6      1 iommu: Adding device soc:usb_audio_qmi_dev to group 25
01-06 18:21:39.626     0     0 I         : c7    388 sm7250_bms: MSC_PCS chg_state=64102c03010015 [0x15:3:1:4140:100] chg=u
01-06 18:21:39.626     0     0 I         : c7    388 sm7250_bms: CHGR_ENG_CHARGING_CFG_REG = 0x04
01-06 18:21:39.627     0     0 I         : c6      1 init: Loaded kernel module /lib/modules/usb-audio-qmi.ko
01-06 18:21:39.627     0     0 I         : c6      1 init: Loading module /lib/modules/msm-vidc.ko with args ''
01-06 18:21:39.628     0     0 I         : c7    207 lito_npucc 9980000.qcom,npucc: Linked as a consumer to regulator.8
01-06 18:21:39.630     0     0 I         : c7    207 lito_npucc 9980000.qcom,npucc: Registered NPU_CC clocks
01-06 18:21:39.630     0     0 I         : c7    207 lito-videocc ab00000.qcom,videocc: Linked as a consumer to regulator.8
01-06 18:21:39.630     0     0 I         : c7    207 lito-videocc ab00000.qcom,videocc: Registered Video CC clocks
01-06 18:21:39.632     0     0 E         : c7    207 spmi-temp-alarm c440000.qcom,spmi:qcom,pm7250b@2:qcom,temp-alarm@2400: failed to register sensor
01-06 18:21:39.632     0     0 E         : c7    207 spmi-temp-alarm c440000.qcom,spmi:qcom,pm8150l@4:qcom,temp-alarm@2400: failed to register sensor
01-06 18:21:39.633     0     0 I         : c7    207 subsys-pil-tz aae0000.qcom,venus: Linked as a consumer to regulator.65
01-06 18:21:39.633     0     0 E         : c7    207 register_client_adhoc:find path.src 63 dest 512
01-06 18:21:39.633     0     0 E         : c7    207 register_client_adhoc:Client handle 34 pil-venus
01-06 18:21:39.633     0     0 E         : c7    207 minidump-id not found for venus
01-06 18:21:39.633     0     0 I         : c7    207 subsys-pil-tz aae0000.qcom,venus: for venus segments only will be dumped.
01-06 18:21:39.633     0     0 I         : c7    207 subsys-pil-tz aae0000.qcom,venus: for md_venus segments only will be dumped.
01-06 18:21:39.638     0     0 E         : c7    207 minidump-id not found for npu
01-06 18:21:39.638     0     0 I         : c7    207 subsys-pil-tz 9800000.qcom,npu: for npu segments only will be dumped.
01-06 18:21:39.638     0     0 I         : c7    207 subsys-pil-tz 9800000.qcom,npu: for md_npu segments only will be dumped.
01-06 18:21:39.638     0     0 E         : c7    207 subsys-restart: __get_smem_state(): Could not get smem-states qcom,force-stop
01-06 18:21:39.639     0     0 I         : c7    207 iommu: Adding device 9900000.qcom,msm_npu to group 26
01-06 18:21:39.639     0     0 I         : c7    207 msm_npu 9900000.qcom,msm_npu: Linked as a consumer to regulator.6
01-06 18:21:39.639     0     0 I         : c7    207 msm_npu 9900000.qcom,msm_npu: Linked as a consumer to regulator.8
01-06 18:21:39.639     0     0 E         : c7    207 register_client_adhoc:find path.src 154 dest 512
01-06 18:21:39.640     0     0 E         : c7    207 register_client_adhoc:find path.src 154 dest 620
01-06 18:21:39.640     0     0 E         : c7    207 register_client_adhoc:Client handle 35 9900000.qcom,msm_npu
01-06 18:21:39.640     0     0 I         : c7    207 NPU_INFO: npu_parse_dt_bw: 1832 NPU BW client sets up successfully
01-06 18:21:39.641     0     0 I         : c7    207 NPU_INFO: npu_adjust_max_power_level: 1928 Adjust max_pwrlevel to 4[49]
01-06 18:21:39.641     0     0 E         : c7    207 NPU_ERR: npu_debugfs_init: 360 debugfs_create_dir for npu failed, error -19
01-06 18:21:39.641     0     0 I         : c6      1 msm_vidc:   err : ffffffff: .....: Failed to create debugfs for msm_vidc
01-06 18:21:39.642     0     0 I         : c6      1 msm_vidc:   err : ffffffff: .....: no device Registered
01-06 18:21:39.642     0     0 I         : c7    207 kgsl-3d 3d6a000.qcom,gmu: Linked as a consumer to regulator.19
01-06 18:21:39.642     0     0 I         : c7    207 kgsl-3d 3d6a000.qcom,gmu: Linked as a consumer to regulator.64
01-06 18:21:39.642     0     0 I         : c6      1 msm_vidc:   err : ffffffff: .....: Failed to create debugfs for msm_vidc
01-06 18:21:39.642     0     0 I         : c7    207 platform 3d6a000.qcom,gmu:gmu_user: Linked as a consumer to 3da0000.kgsl-smmu
01-06 18:21:39.642     0     0 I         : c6      1 platform aa00000.qcom,vidc0:bus_cnoc: Linked as a consumer to 16e0000.ad-hoc-bus
01-06 18:21:39.642     0     0 I         : c7    207 platform 3d6a000.qcom,gmu:gmu_kernel: Linked as a consumer to 3da0000.kgsl-smmu
01-06 18:21:39.642     0     0 I         : c6      1 platform aa00000.qcom,vidc0:venus_bus_ddr: Linked as a consumer to 16e0000.ad-hoc-bus
01-06 18:21:39.642     0     0 I         : c7    207 iommu: Adding device 3d6a000.qcom,gmu:gmu_user to group 27
01-06 18:21:39.642     0     0 I         : c6      1 platform aa00000.qcom,vidc0:arm9_bus_ddr: Linked as a consumer to 16e0000.ad-hoc-bus
01-06 18:21:39.643     0     0 I         : c6      1 platform aa00000.qcom,vidc0:non_secure_cb: Linked as a consumer to 15000000.apps-smmu
01-06 18:21:39.643     0     0 I         : c7    207 iommu: Adding device 3d6a000.qcom,gmu:gmu_kernel to group 29
01-06 18:21:39.643     0     0 I         : c6      1 iommu: Adding device aa00000.qcom,vidc0:non_secure_cb to group 28
01-06 18:21:39.643     0     0 I         : c7    207 platform aa00000.qcom,vidc0:secure_non_pixel_cb: Linked as a consumer to 15000000.apps-smmu
01-06 18:21:39.644     0     0 E         : c7    207 register_client_adhoc:find path.src 26 dest 512
01-06 18:21:39.644     0     0 E         : c7    207 register_client_adhoc:Client handle 36 grp3d
01-06 18:21:39.644     0     0 E         : c7    207 register_client_adhoc:find path.src 26 dest 10036
01-06 18:21:39.644     0     0 E         : c7    207 register_client_adhoc:Client handle 37 cnoc
01-06 18:21:39.644     0     0 E         : c7    207 query_client_usecase_all: query_start
01-06 18:21:39.644     0     0 E         : c7    207 query_client_usecase_all: query_start
01-06 18:21:39.644     0     0 I         : c7    207 kgsl-3d 3d00000.qcom,kgsl-3d0: Linked as a consumer to regulator.19
01-06 18:21:39.644     0     0 I         : c7    207 kgsl-3d 3d00000.qcom,kgsl-3d0: Linked as a consumer to regulator.64
01-06 18:21:39.644     0     0 E         : c7    207 register_client_adhoc:find path.src 1 dest 598
01-06 18:21:39.644     0     0 E         : c7    207 register_client_adhoc:Client handle 38 gpu_cfg
01-06 18:21:39.644     0     0 I         : c6      1 iommu: Adding device aa00000.qcom,vidc0:secure_non_pixel_cb to group 30
01-06 18:21:39.644     0     0 I         : c7    207 platform 3da0000.qcom,kgsl-iommu:gfx3d_user: Linked as a consumer to 3da0000.kgsl-smmu
01-06 18:21:39.645     0     0 I         : c6      1 platform aa00000.qcom,vidc0:secure_bitstream_cb: Linked as a consumer to 15000000.apps-smmu
01-06 18:21:39.645     0     0 I         : c7    207 platform 3da0000.qcom,kgsl-iommu:gfx3d_secure: Linked as a consumer to 3da0000.kgsl-smmu
01-06 18:21:39.645     0     0 I         : c7    207 iommu: Adding device 3da0000.qcom,kgsl-iommu:gfx3d_user to group 32
01-06 18:21:39.645     0     0 I         : c7    207 iommu: Adding device 3da0000.qcom,kgsl-iommu:gfx3d_secure to group 33
01-06 18:21:39.645     0     0 I         : c6      1 iommu: Adding device aa00000.qcom,vidc0:secure_bitstream_cb to group 31
01-06 18:21:39.646     0     0 I         : c6      1 platform aa00000.qcom,vidc0:secure_pixel_cb: Linked as a consumer to 15000000.apps-smmu
01-06 18:21:39.646     0     0 I         : c6      1 iommu: Adding device aa00000.qcom,vidc0:secure_pixel_cb to group 34
01-06 18:21:39.646     0     0 I         : c6      1 platform aa00000.qcom,vidc0:qcom,msm-vidc,mem_cdsp: assigned reserved memory node cdsp_region
01-06 18:21:39.646     0     0 I         : c6      1 msm_vidc_v4l2 aa00000.qcom,vidc0: Dropping the link to 16e0000.ad-hoc-bus
01-06 18:21:39.646     0     0 I         : c6      1 msm_vidc_v4l2 aa00000.qcom,vidc0: Dropping the link to 15000000.apps-smmu
01-06 18:21:39.646     0     0 I         : c6      1 msm_vidc_v4l2 aa00000.qcom,vidc1: Dropping the link to 16e0000.ad-hoc-bus
01-06 18:21:39.646     0     0 I         : c6      1 msm_vidc_v4l2 aa00000.qcom,vidc1: Dropping the link to 15000000.apps-smmu
01-06 18:21:39.647     0     0 I         : c6      1 init: Loaded kernel module /lib/modules/msm-vidc.ko
01-06 18:21:39.647     0     0 I         : c6      1 init: Loading module /lib/modules/msm_drm.ko with args 'dsi_display0=qcom,mdss_dsi_s6e3hc2_dvt_dsc_1080p_cmd:'
01-06 18:21:39.666     0     0 I         : c6      1 mdss_pll_probe: MDSS pll label = MDSS DSI 0 PLL
01-06 18:21:39.666     0     0 I         : c6      1 mdss_pll_probe: mdss_pll_probe: label=MDSS DSI 0 PLL PLL SSC enabled
01-06 18:21:39.668     0     0 I         : c6      1 dsi_pll_clock_register_7nm: Registered DSI PLL ndx=0, clocks successfully
01-06 18:21:39.668     0     0 I         : c6      1 mdss_pll_probe: MDSS pll label = MDSS DSI 1 PLL
01-06 18:21:39.668     0     0 I         : c6      1 mdss_pll_probe: mdss_pll_probe: label=MDSS DSI 1 PLL PLL SSC enabled
01-06 18:21:39.673     0     0 I         : c7    207 qcom_rpmh DRV:apps_rsc TCS Busy, retrying RPMH message send: addr=0x30010
01-06 18:21:39.673     0     0 I         : c7    207 qcom_rpmh DRV:apps_rsc TCS Busy, retrying RPMH message send: addr=0x30010
01-06 18:21:39.673     0     0 I         : c7    207 qcom_rpmh DRV:apps_rsc TCS Busy, retrying RPMH message send: addr=0x30010
01-06 18:21:39.673     0     0 I         : c7    207 qcom_rpmh DRV:apps_rsc TCS Busy, retrying RPMH message send: addr=0x30010
01-06 18:21:39.673     0     0 I         : c7    207 qcom_rpmh DRV:apps_rsc TCS Busy, retrying RPMH message send: addr=0x30010
01-06 18:21:39.673     0     0 I         : c7    207 qcom_rpmh DRV:apps_rsc TCS Busy, retrying RPMH message send: addr=0x30010
01-06 18:21:39.673     0     0 I         : c7    207 qcom_rpmh DRV:apps_rsc TCS Busy, retrying RPMH message send: addr=0x30010
01-06 18:21:39.679     0     0 I         : c6      1 dsi_pll_clock_register_7nm: Registered DSI PLL ndx=1, clocks successfully
01-06 18:21:39.679     0     0 I         : c6      1 mdss_pll_probe: MDSS pll label = MDSS DP PLL
01-06 18:21:39.679     0     0 E         : c6      1 register_client_adhoc:find path.src 1 dest 590
01-06 18:21:39.680     0     0 I         : c7    207 logbuffer:  id:smblib registered
01-06 18:21:39.680     0     0 E         : c6      1 QCOM-BATT: qcom_batt_create_debugfs: Couldn't create battery debugfs rc=-19
01-06 18:21:39.680     0     0 E         : c6      1 register_client_adhoc:Client handle 39 disp_rsc_reg
01-06 18:21:39.680     0     0 E         : c6      1 register_client_adhoc:find path.src 20003 dest 20513
01-06 18:21:39.680     0     0 E         : c6      1 register_client_adhoc:find path.src 20004 dest 20513
01-06 18:21:39.680     0     0 E         : c6      1 register_client_adhoc:Client handle 40 disp_rsc_mnoc_llcc
01-06 18:21:39.680     0     0 E         : c6      1 register_client_adhoc:find path.src 20000 dest 20512
01-06 18:21:39.680     0     0 E         : c6      1 register_client_adhoc:Client handle 41 disp_rsc_ebi
01-06 18:21:39.680     0     0 I         : c6      1 sde_rsc af20000.qcom,sde_rscc: Linked as a consumer to regulator.63
01-06 18:21:39.680     0     0 I         : c6      1 [sde_rsc_hw:rsc_hw_init_v3:537]: sde rsc init successfully done
01-06 18:21:39.680     0     0 I         : c6      1 [sde_rsc:sde_rsc_probe:1594]: sde rsc index:0 probed successfully
01-06 18:21:39.680     0     0 W         : c6      1 dsi_phy ae94400.qcom,mdss_dsi_phy0: ae94400.qcom,mdss_dsi_phy0 supply gdsc not found, using dummy regulator
01-06 18:21:39.680     0     0 I         : c6      1 dsi_phy ae94400.qcom,mdss_dsi_phy0: Linked as a consumer to regulator.0
01-06 18:21:39.680     0     0 I         : c6      1 dsi_phy ae94400.qcom,mdss_dsi_phy0: Linked as a consumer to regulator.18
01-06 18:21:39.681     0     0 I         : c6      1 [drm:dsi_phy_driver_probe [msm_drm]] [msm-dsi-info]: DSI_0: Probe successful
01-06 18:21:39.681     0     0 W         : c6      1 dsi_phy ae96400.qcom,mdss_dsi_phy1: ae96400.qcom,mdss_dsi_phy1 supply gdsc not found, using dummy regulator
01-06 18:21:39.681     0     0 I         : c6      1 dsi_phy ae96400.qcom,mdss_dsi_phy1: Linked as a consumer to regulator.0
01-06 18:21:39.681     0     0 I         : c6      1 dsi_phy ae96400.qcom,mdss_dsi_phy1: Linked as a consumer to regulator.18
01-06 18:21:39.681     0     0 I         : c6      1 [drm:dsi_phy_driver_probe [msm_drm]] [msm-dsi-info]: DSI_1: Probe successful
01-06 18:21:39.681     0     0 E         : c6      1 OF: graph: no port node found in /soc/qcom,dsi-display-primary
01-06 18:21:39.682     0     0 E         : c6      1 [drm:dsi_ctrl_get [msm_drm]] *ERROR* [msm-dsi-error]: inv: Device with of node not found
01-06 18:21:39.682     0     0 E         : c6      1 [drm:dsi_display_init [msm_drm]] *ERROR* [msm-dsi-error]: failed to get dsi controller, rc=-517
01-06 18:21:39.682     0     0 E         : c6      1 [drm:dsi_display_init [msm_drm]] *ERROR* [msm-dsi-error]: [(null)] failed to initialize resources, rc=-517
01-06 18:21:39.682     0     0 E         : c6      1 [drm:dsi_display_init [msm_drm]] *ERROR* [msm-dsi-error]: device init failed, rc=-517
01-06 18:21:39.682     0     0 I         : c6      1 msm_drm ae00000.qcom,mdss_mdp: Dropping the link to 15000000.apps-smmu
01-06 18:21:39.682     0     0 I         : c6      1 msm_drm ae00000.qcom,mdss_mdp: Dropping the link to 16e0000.ad-hoc-bus
01-06 18:21:39.682     0     0 I         : c6      1 msm notifier probed successfully
01-06 18:21:42.034   600   600 D QSEECOMD: : Init gpfs_start ret = 0
01-06 18:21:39.682     0     0 I         : c6      1 init: Loaded kernel module /lib/modules/msm_drm.ko
01-06 18:21:42.034   600   600 D QSEECOMD: : gpfile system services: Started (Listener ID = 28672)
01-06 18:21:42.034   600   600 E QSEECOMD: : Listener: index = 6, hierarchy = 1
01-06 18:21:42.035   600   600 D QSEECOMD: : Init dlopen(libqisl.so, RTLD_NOW) succeeds
01-06 18:21:42.035   600   600 D QSEECOMD: : Init::Init dlsym(g_FSHandle qisl_start) succeeds
--------- beginning of system
01-06 18:21:42.035   600   619 I QISL    : QSEE Interrupt Service Listener Thread is started
01-06 18:21:42.035   600   619 D QSEECOMAPI: QSEECom_register_listener 36864 sb_length = 0x1f4
01-06 18:21:39.682     0     0 I         : c6      1 init: Loading module /lib/modules/ebtables.ko with args ''
01-06 18:21:39.684     0     0 I         : c6      1 init: Loaded kernel module /lib/modules/ebtables.ko
01-06 18:21:39.684     0     0 I         : c6      1 init: Loading module /lib/modules/ebtable_broute.ko with args ''
01-06 18:21:39.684     0     0 I         : c6      1 init: Loaded kernel module /lib/modules/ebtable_broute.ko
01-06 18:21:39.684     0     0 I         : c6      1 init: Loading module /lib/modules/sctp.ko with args ''
01-06 18:21:39.689     0     0 I         : c6      1 sctp: Hash tables configured (bind 256/256)
01-06 18:21:39.689     0     0 I         : c6      1 init: Loaded kernel module /lib/modules/sctp.ko
01-06 18:21:39.689     0     0 I         : c6      1 init: Loading module /lib/modules/sctp_diag.ko with args ''
01-06 18:21:42.036   600   619 I QISL    : QSEE Interrupt Service Listener was activated successfully
01-06 18:21:39.690     0     0 I         : c6      1 init: Loaded kernel module /lib/modules/sctp_diag.ko
01-06 18:21:39.690     0     0 I         : c6      1 init: Loading module /lib/modules/qrtr-smd.ko with args ''
01-06 18:21:39.690     0     0 I         : c6      1 init: Loaded kernel module /lib/modules/qrtr-smd.ko
01-06 18:21:39.690     0     0 I         : c6      1 init: Loaded 218 kernel modules took 794 ms
01-06 18:21:39.690     0     0 I         : c6      1 init: Copied ramdisk prop to /second_stage_resources/system/etc/ramdisk/build.prop
01-06 18:21:39.690     0     0 I         : c6      1 init: /first_stage_ramdisk/system/bin/snapuserd already exists and it can be executed
01-06 18:21:39.690     0     0 I         : c6      1 init: Switching root to '/first_stage_ramdisk'
01-06 18:21:39.691     0     0 I         : c6      1 init: [libfs_mgr]ReadFstabFromDt(): failed to read fstab from dt
01-06 18:21:39.691     0     0 I         : c6      1 init: Using Android DT directory /proc/device-tree/firmware/android/
01-06 18:21:39.705     0     0 I         : c6      1 init: [libfs_mgr]Invalid ext4 superblock on '/dev/block/by-name/metadata'
