--------- beginning of main
01-06 18:21:41.959   591   591 I lowmemorykiller: Using psi monitors for memory pressure detection
01-06 18:21:41.959   591   591 I lowmemorykiller: Process polling is supported
01-06 18:21:41.960   591   591 I lowmemorykiller: Process reaping is not supported
--------- beginning of kernel
01-06 18:21:38.416     0     0 I         : c0      0 Booting Linux on physical CPU 0x0000000000 [0x51df805e]
01-06 18:21:38.416     0     0 I         : c0      0 Linux version 4.19.261-g768ca1b2052f-ab9763220 (build-user@build-host) (Android (7284624, based on r416183b) clang version 12.0.5 (https://android.googlesource.com/toolchain/llvm-project c935d99d7cf2016289302412d708641d52d2f7ee), LLD 12.0.5 (/buildbot/src/android/llvm-toolchain/out/llvm-project/lld c935d99d7cf2016289302412d708641d52d2f7ee)) #1 SMP PREEMPT Thu Mar 16 08:55:09 UTC 2023
01-06 18:21:38.416     0     0 I         : c0      0 Machine model: Google Inc. MSM sm7250 v2 Redfin PVT
01-06 18:21:38.416     0     0 E         : c0      0 OF: reserved mem: OVERLAP DETECTED!
01-06 18:21:38.416     0     0 E         : c0      0 disp_rdump_region@0xa0000000 (0x00000000a0000000--0x00000000a2300000) overlaps with cont_splash_region (0x00000000a0000000--0x00000000a2300000)
01-06 18:21:38.416     0     0 I         : c0      0 Reserved memory: created CMA memory pool at 0x00000000ff800000, size 4 MiB
01-06 18:21:38.416     0     0 I         : c0      0 OF: reserved mem: initialized node cdsp_region, compatible id shared-dma-pool
01-06 18:21:38.416     0     0 I         : c0      0 Reserved memory: created CMA memory pool at 0x00000000ff400000, size 4 MiB
01-06 18:21:38.416     0     0 I         : c0      0 OF: reserved mem: initialized node sdsp_region, compatible id shared-dma-pool
01-06 18:21:38.416     0     0 I         : c0      0 Reserved memory: created CMA memory pool at 0x00000000fe000000, size 20 MiB
01-06 18:21:38.416     0     0 I         : c0      0 OF: reserved mem: initialized node qseecom_region, compatible id shared-dma-pool
01-06 18:21:38.416     0     0 I         : c0      0 Reserved memory: created CMA memory pool at 0x00000000fb800000, size 40 MiB
01-06 18:21:38.416     0     0 I         : c0      0 OF: reserved mem: initialized node mem_dump_region, compatible id shared-dma-pool
01-06 18:21:38.416     0     0 I         : c0      0 Reserved memory: created CMA memory pool at 0x00000000f9800000, size 32 MiB
01-06 18:21:38.416     0     0 I         : c0      0 OF: reserved mem: initialized node linux,cma, compatible id shared-dma-pool
01-06 18:21:38.416     0     0 I         : c0      0 Reserved memory: created CMA memory pool at 0x00000000f8800000, size 16 MiB
01-06 18:21:38.416     0     0 I         : c0      0 OF: reserved mem: initialized node qseecom_ta_region, compatible id shared-dma-pool
01-06 18:21:38.416     0     0 I         : c0      0 Reserved memory: created CMA memory pool at 0x00000000f7c00000, size 12 MiB
01-06 18:21:38.416     0     0 I         : c0      0 OF: reserved mem: initialized node adsp_region, compatible id shared-dma-pool
01-06 18:21:38.416     0     0 I         : c0      0 Reserved memory: created CMA memory pool at 0x00000000edc00000, size 160 MiB
01-06 18:21:38.416     0     0 I         : c0      0 OF: reserved mem: initialized node secure_display_region, compatible id shared-dma-pool
01-06 18:21:38.416     0     0 I         : c0      0 Removed memory: created DMA memory pool at 0x0000000080880000, size 0 MiB
01-06 18:21:38.416     0     0 I         : c0      0 OF: reserved mem: initialized node res_xbl_uefi_log_region@80880000, compatible id removed-dma-pool
01-06 18:21:38.416     0     0 I         : c0      0 Removed memory: created DMA memory pool at 0x00000000808ff000, size 0 MiB
01-06 18:21:38.416     0     0 I         : c0      0 OF: reserved mem: initialized node sec_apps_region@808ff000, compatible id removed-dma-pool
01-06 18:21:38.416     0     0 I         : c0      0 Removed memory: created DMA memory pool at 0x0000000086000000, size 5 MiB
01-06 18:21:38.416     0     0 I         : c0      0 OF: reserved mem: initialized node pil_camera_region@86000000, compatible id removed-dma-pool
01-06 18:21:38.416     0     0 I         : c0      0 Removed memory: created DMA memory pool at 0x0000000086500000, size 5 MiB
01-06 18:21:38.416     0     0 I         : c0      0 OF: reserved mem: initialized node pil_npu_region@86500000, compatible id removed-dma-pool
01-06 18:21:38.416     0     0 I         : c0      0 Removed memory: created DMA memory pool at 0x0000000086a00000, size 5 MiB
01-06 18:21:38.416     0     0 I         : c0      0 OF: reserved mem: initialized node pil_video_region@86a00000, compatible id removed-dma-pool
01-06 18:21:38.416     0     0 I         : c0      0 Removed memory: created DMA memory pool at 0x0000000087400000, size 30 MiB
01-06 18:21:38.416     0     0 I         : c0      0 OF: reserved mem: initialized node pil_cdsp_region@87400000, compatible id removed-dma-pool
01-06 18:21:38.416     0     0 I         : c0      0 Removed memory: created DMA memory pool at 0x0000000089200000, size 40 MiB
01-06 18:21:38.416     0     0 I         : c0      0 OF: reserved mem: initialized node pil_adsp_region@89200000, compatible id removed-dma-pool
01-06 18:21:38.416     0     0 I         : c0      0 Removed memory: created DMA memory pool at 0x000000008ba00000, size 2 MiB
01-06 18:21:38.416     0     0 I         : c0      0 OF: reserved mem: initialized node pil_wlan_fw_region@8ba00000, compatible id removed-dma-pool
01-06 18:21:38.416     0     0 I         : c0      0 Removed memory: created DMA memory pool at 0x000000008bc00000, size 0 MiB
01-06 18:21:38.416     0     0 I         : c0      0 OF: reserved mem: initialized node pil_ipa_fw_region@8bc00000, compatible id removed-dma-pool
01-06 18:21:38.416     0     0 I         : c0      0 Removed memory: created DMA memory pool at 0x000000008bc10000, size 0 MiB
01-06 18:21:38.416     0     0 I         : c0      0 OF: reserved mem: initialized node pil_ipa_gsi_region@8bc10000, compatible id removed-dma-pool
01-06 18:21:38.416     0     0 I         : c0      0 Removed memory: created DMA memory pool at 0x000000008bc15400, size 0 MiB
01-06 18:21:38.416     0     0 I         : c0      0 OF: reserved mem: initialized node pil_gpu_region@8bc15400, compatible id removed-dma-pool
01-06 18:21:38.416     0     0 I         : c0      0 Removed memory: created DMA memory pool at 0x000000008bc17400, size 3 MiB
01-06 18:21:38.416     0     0 I         : c0      0 OF: reserved mem: initialized node reserved_pil_mem_region@8bc17400, compatible id removed-dma-pool
01-06 18:21:38.416     0     0 I         : c0      0 Removed memory: created DMA memory pool at 0x000000008c000000, size 280 MiB
01-06 18:21:38.416     0     0 I         : c0      0 OF: reserved mem: initialized node modem_wlan_region@8c000000, compatible id removed-dma-pool
01-06 18:21:38.416     0     0 I         : c0      0 Removed memory: created DMA memory pool at 0x000000009f400000, size 12 MiB
01-06 18:21:38.416     0     0 I         : c0      0 OF: reserved mem: initialized node cdsp_sec_regions@9f400000, compatible id removed-dma-pool
01-06 18:21:38.416     0     0 I         : c0      0 Removed memory: created DMA memory pool at 0x00000000b7e01000, size 0 MiB
01-06 18:21:38.416     0     0 I         : c0      0 OF: reserved mem: initialized node debug_info@B7E01000, compatible id removed-dma-pool
01-06 18:21:38.416     0     0 I         : c0      0 Removed memory: created DMA memory pool at 0x00000000b7e41000, size 4 MiB
01-06 18:21:38.416     0     0 I         : c0      0 OF: reserved mem: initialized node ramoops_region@B7E41000, compatible id removed-dma-pool
01-06 18:21:38.416     0     0 I         : c0      0 Removed memory: created DMA memory pool at 0x00000000b8241000, size 4 MiB
01-06 18:21:38.416     0     0 I         : c0      0 OF: reserved mem: initialized node alt_ramoops_region@B8241000, compatible id removed-dma-pool
01-06 18:21:38.416     0     0 I         : c0      0 Removed memory: created DMA memory pool at 0x00000000b8641000, size 0 MiB
01-06 18:21:38.416     0     0 I         : c0      0 OF: reserved mem: initialized node ramoops_meta_region@0xB8641000, compatible id removed-dma-pool
01-06 18:21:38.416     0     0 I         : c0      0 Removed memory: created DMA memory pool at 0x00000000b8642000, size 0 MiB
01-06 18:21:38.416     0     0 I         : c0      0 OF: reserved mem: initialized node ramdumplog_region@0xb8642000, compatible id removed-dma-pool
01-06 18:21:38.416     0     0 I         : c0      0 Removed memory: created DMA memory pool at 0x00000000c8000000, size 0 MiB
01-06 18:21:38.416     0     0 I         : c0      0 OF: reserved mem: initialized node kregistry_mem@C8000000, compatible id removed-dma-pool
01-06 18:21:38.416     0     0 D         : c0      0 On node 0 totalpages: 1962250
01-06 18:21:38.416     0     0 D         : c0      0   Normal zone: 30661 pages used for memmap
01-06 18:21:38.416     0     0 D         : c0      0   Normal zone: 0 pages reserved
01-06 18:21:38.416     0     0 D         : c0      0   Normal zone: 1962250 pages, LIFO batch:63
01-06 18:21:38.416     0     0 I         : c0      0 psci: probing for conduit method from DT.
01-06 18:21:38.416     0     0 I         : c0      0 psci: PSCIv1.1 detected in firmware.
01-06 18:21:38.416     0     0 I         : c0      0 psci: Using standard PSCI v0.2 function IDs
01-06 18:21:38.416     0     0 I         : c0      0 psci: MIGRATE_INFO_TYPE not supported.
01-06 18:21:38.416     0     0 I         : c0      0 psci: SMC Calling Convention v1.1
01-06 18:21:38.416     0     0 I         : c0      0 percpu: Embedded 25 pages/cpu s61784 r8192 d32424 u102400
01-06 18:21:38.416     0     0 D         : c0      0 pcpu-alloc: s61784 r8192 d32424 u102400 alloc=25*4096
01-06 18:21:38.416     0     0 D         : c0      0 pcpu-alloc: [0] 0 [0] 1 [0] 2 [0] 3 [0] 4 [0] 5 [0] 6 [0] 7
01-06 18:21:38.416     0     0 I         : c0      0 Detected VIPT I-cache on CPU0
01-06 18:21:38.416     0     0 I         : c0      0 CPU features: kernel page table isolation disabled by kernel configuration
01-06 18:21:38.416     0     0 I         : c0      0 Built 1 zonelists, mobility grouping on.  Total pages: 1931589
01-06 18:21:38.416     0     0 I         : c0      0 Kernel command line: rcupdate.rcu_expedited=1 rcu_nocbs=0-7 rootwait ro init=/init androidboot.bootdevice=1d84000.ufshc androidboot.baseband=msm androidboot.keymaster=1 msm_drm.dsi_display0=qcom,mdss_dsi_s6e3hc2_dvt_dsc_1080p_cmd: androidboot.force_normal_boot=1 androidboot.serialno=0B301FDD4002U3 androidboot.slot_suffix=_a androidboot.slot_retry_count=2 androidboot.slot_successful=no androidboot.hardware.platform=sm7250 androidboot.hardware=redfin androidboot.revision=MP1.0 androidboot.bootloader=r3-0.5-9825705 androidboot.hardware.sku=G5NZ6 androidboot.hardware.radio.subtype=2 androidboot.hardware.dsds=0 androidboot.secure_boot=PRODUCTION androidboot.cdt_hwid=0x050B2802 androidboot.hardware.majorid=0x0B androidboot.dtb_idx=0 androidboot.dtbo_idx=3 androidboot.bootreason=reboot androidboot.hardware.ddr=8GB,Micron,LPDDR4X androidboot.ddr_info=Micron androidboot.ddr_size=8GB androidboot.hardware.ufs=128GB,Micron androidboot.cid=00000000 androidboot.boottime=0BLE:74,1BLL:31,1B
01-06 18:21:38.416     0     0 I         : c0      0 cgroup: Disabling pressure control group feature
01-06 18:21:38.416     0     0 I         : c0      0 cgroup: Disabling pressure control group feature
01-06 18:21:38.416     0     0 I         : c0      0 log_buf_len individual max cpu contribution: 131072 bytes
01-06 18:21:38.416     0     0 I         : c0      0 log_buf_len total cpu_extra contributions: 917504 bytes
01-06 18:21:38.416     0     0 I         : c0      0 log_buf_len min size: 131072 bytes
01-06 18:21:38.416     0     0 I         : c0      0 log_buf_len: 1048576 bytes
01-06 18:21:38.416     0     0 I         : c0      0 early log buf free: 121844(92%)
01-06 18:21:38.416     0     0 I         : c0      0 Dentry cache hash table entries: 1048576 (order: 11, 8388608 bytes)
01-06 18:21:38.416     0     0 I         : c0      0 Inode-cache hash table entries: 524288 (order: 10, 4194304 bytes)
01-06 18:21:38.416     0     0 I         : c0      0 mem auto-init: stack:all(zero), heap alloc:on, heap free:off
01-06 18:21:38.416     0     0 I         : c0      0 Memory: 7312340K/7849000K available (17068K kernel code, 1418K rwdata, 2560K rodata, 1664K init, 382K bss, 241748K reserved, 294912K cma-reserved)
01-06 18:21:38.416     0     0 I         : c0      0 SLUB: HWalign=64, Order=0-3, MinObjects=0, CPUs=8, Nodes=1
01-06 18:21:38.416     0     0 I         : c0      0 rcu: Preemptible hierarchical RCU implementation.
01-06 18:21:38.416     0     0 I         : c0      0 rcu: 	RCU dyntick-idle grace-period acceleration is enabled.
01-06 18:21:38.416     0     0 I         : c0      0 rcu: 	RCU restricting CPUs from NR_CPUS=32 to nr_cpu_ids=8.
01-06 18:21:38.416     0     0 I         : c0      0 	All grace periods are expedited (rcu_expedited).
01-06 18:21:38.416     0     0 I         : c0      0 	Tasks RCU enabled.
01-06 18:21:38.416     0     0 I         : c0      0 rcu: Adjusting geometry for rcu_fanout_leaf=16, nr_cpu_ids=8
01-06 18:21:38.416     0     0 I         : c0      0 NR_IRQS: 64, nr_irqs: 64, preallocated irqs: 0
01-06 18:21:38.416     0     0 I         : c0      0 GICv3: Distributor has no Range Selector support
01-06 18:21:38.416     0     0 I         : c0      0 GICv3: no VLPI support, no direct LPI support
01-06 18:21:38.416     0     0 I         : c0      0 rcu: 	Offload RCU callbacks from CPUs: 0-7.
01-06 18:21:38.416     0     0 I         : c0      0 arch_timer: CPU0: Trapping CNTVCT access
01-06 18:21:38.416     0     0 I         : c0      0 arch_timer: cp15 and mmio timer(s) running at 19.20MHz (virt/virt).
01-06 18:21:38.416     0     0 I         : c0      0 clocksource: arch_sys_counter: mask: 0xffffffffffffff max_cycles: 0x46d987e47, max_idle_ns: 440795202767 ns
01-06 18:21:38.416     0     0 I         : c0      0 sched_clock: 56 bits at 19MHz, resolution 52ns, wraps every 4398046511078ns
01-06 18:21:38.416     0     0 I         : c0      0 clocksource: Switched to clocksource arch_sys_counter
01-06 18:21:38.418     0     0 I         : c0      0 Calibrating delay loop (skipped), value calculated using timer frequency.. 38.00 BogoMIPS (lpj=64000)
01-06 18:21:38.418     0     0 I         : c0      0 pid_max: default: 32768 minimum: 301
01-06 18:21:38.418     0     0 I         : c0      0 Security Framework initialized
01-06 18:21:38.418     0     0 I         : c0      0 SELinux:  Initializing.
01-06 18:21:38.418     0     0 I         : c0      0 Mount-cache hash table entries: 16384 (order: 5, 131072 bytes)
01-06 18:21:38.418     0     0 I         : c0      0 Mountpoint-cache hash table entries: 16384 (order: 5, 131072 bytes)
01-06 18:21:38.420     0     0 I         : c0      1 ASID allocator initialised with 65536 entries
01-06 18:21:38.420     0     0 I         : c0      1 rcu: Hierarchical SRCU implementation.
01-06 18:21:38.422     0     0 I         : c0      1 smp: Bringing up secondary CPUs ...
01-06 18:21:38.424     0     0 I         : c1      0 Detected VIPT I-cache on CPU1
01-06 18:21:38.424     0     0 I         : c1      0 arch_timer: CPU1: Trapping CNTVCT access
01-06 18:21:38.424     0     0 I         : c1      0 CPU1: Booted secondary processor 0x0000000100 [0x51df805e]
01-06 18:21:38.425     0     0 I         : c2      0 Detected VIPT I-cache on CPU2
01-06 18:21:38.425     0     0 I         : c2      0 arch_timer: CPU2: Trapping CNTVCT access
01-06 18:21:38.425     0     0 I         : c2      0 CPU2: Booted secondary processor 0x0000000200 [0x51df805e]
01-06 18:21:38.427     0     0 I         : c3      0 Detected VIPT I-cache on CPU3
01-06 18:21:38.427     0     0 I         : c3      0 arch_timer: CPU3: Trapping CNTVCT access
01-06 18:21:38.427     0     0 I         : c3      0 CPU3: Booted secondary processor 0x0000000300 [0x51df805e]
01-06 18:21:38.429     0     0 I         : c4      0 Detected VIPT I-cache on CPU4
01-06 18:21:38.429     0     0 I         : c4      0 arch_timer: CPU4: Trapping CNTVCT access
01-06 18:21:38.429     0     0 I         : c4      0 CPU4: Booted secondary processor 0x0000000400 [0x51df805e]
01-06 18:21:38.430     0     0 I         : c5      0 Detected VIPT I-cache on CPU5
01-06 18:21:38.430     0     0 I         : c5      0 arch_timer: CPU5: Trapping CNTVCT access
01-06 18:21:38.430     0     0 I         : c5      0 CPU5: Booted secondary processor 0x0000000500 [0x51df805e]
01-06 18:21:38.434     0     0 I         : c6      0 CPU features: enabling workaround for Mismatched cache type
01-06 18:21:38.434     0     0 I         : c6      0 CPU features: enabling workaround for ARM erratum 1188873
01-06 18:21:38.434     0     0 I         : c6      0 CPU features: detected: Hardware dirty bit management
01-06 18:21:38.434     0     0 I         : c6      0 CPU features: detected: Speculative Store Bypassing Safe (SSBS)
01-06 18:21:38.434     0     0 I         : c6      0 Detected PIPT I-cache on CPU6
01-06 18:21:38.434     0     0 W         : c6      0 CPU features: Unsupported CPU feature variation detected.
01-06 18:21:38.434     0     0 I         : c6      0 arch_timer: Enabling local workaround for ARM erratum 1188873
01-06 18:21:38.434     0     0 I         : c6      0 arch_timer: CPU6: Trapping CNTVCT access
01-06 18:21:38.434     0     0 I         : c6      0 CPU6: Booted secondary processor 0x0000000600 [0x51ff804e]
01-06 18:21:38.437     0     0 I         : c7      0 Detected PIPT I-cache on CPU7
01-06 18:21:41.985   592   592 I SELinux : SELinux: Loaded service_contexts from:
01-06 18:21:38.437     0     0 I         : c7      0 arch_timer: Enabling local workaround for ARM erratum 1188873
01-06 18:21:41.985   592   592 I SELinux :     /system/etc/selinux/plat_service_contexts
01-06 18:21:38.437     0     0 I         : c7      0 arch_timer: CPU7: Trapping CNTVCT access
01-06 18:21:41.985   592   592 I SELinux :     /system_ext/etc/selinux/system_ext_service_contexts
01-06 18:21:38.437     0     0 I         : c7      0 CPU7: Booted secondary processor 0x0000000700 [0x51ff804e]
01-06 18:21:41.985   592   592 I SELinux :     /product/etc/selinux/product_service_contexts
01-06 18:21:41.985   592   592 I SELinux :     /vendor/etc/selinux/vendor_service_contexts
01-06 18:21:38.437     0     0 I         : c0      1 smp: Brought up 1 node, 8 CPUs
01-06 18:21:38.437     0     0 I         : c0      1 SMP: Total of 8 processors activated.
01-06 18:21:38.437     0     0 I         : c0      1 CPU features: detected: GIC system register CPU interface
01-06 18:21:38.437     0     0 I         : c0      1 CPU features: detected: Privileged Access Never
01-06 18:21:38.437     0     0 I         : c0      1 CPU features: detected: LSE atomic instructions
01-06 18:21:38.437     0     0 I         : c0      1 CPU features: detected: User Access Override
01-06 18:21:38.437     0     0 I         : c0      1 CPU features: detected: 32-bit EL0 Support
01-06 18:21:38.437     0     0 I         : c0      1 CPU features: detected: RAS Extension Support
01-06 18:21:38.444     0     0 I         : c0      1 CPU: All CPU(s) started at EL1
01-06 18:21:38.444     0     0 I         : c0     17 alternatives: patching kernel code
01-06 18:21:38.524     0     0 I         : c7      1 Registered cp15_barrier emulation handler
01-06 18:21:38.524     0     0 I         : c7      1 Registered setend emulation handler
01-06 18:21:38.524     0     0 I         : c6     76 PM: Init ksuspend_mon thread
01-06 18:21:38.524     0     0 I         : c7      1 clocksource: jiffies: mask: 0xffffffff max_cycles: 0xffffffff, max_idle_ns: 6370867519511994 ns
01-06 18:21:38.524     0     0 I         : c7      1 futex hash table entries: 2048 (order: 5, 131072 bytes)
01-06 18:21:38.527     0     0 I         : c7      1 pinctrl core: initialized pinctrl subsystem
01-06 18:21:38.528     0     0 I         : c7      1 NET: Registered protocol family 16
01-06 18:21:38.529     0     0 I         : c7      1 schedtune: configured to support 8 boost groups
01-06 18:21:38.529     0     0 I         : c7      1 audit: initializing netlink subsys (disabled)
01-01 00:00:00.110   590   590 W auditd  : type=2000 audit(0.0:1): state=initialized audit_enabled=0 res=1
01-06 18:21:38.529     0     0 I         : c7      1 cpuidle: using governor menu
01-06 18:21:38.530     0     0 I         : c7      1 hw-breakpoint: found 6 breakpoint and 4 watchpoint registers.
01-06 18:21:38.530     0     0 I         : c7      1 DMA: preallocated 256 KiB pool for atomic allocations
01-06 18:21:38.530     0     0 I         : c7      1 DMA: preallocated 256 KiB pool for atomic allocations
01-06 18:21:38.532     0     0 I         : c7      1 platform soc:ramoops: assigned reserved memory node ramoops_region@B7E41000
01-06 18:21:38.533     0     0 I         : c7      1 console [pstore-1] enabled
01-06 18:21:38.533     0     0 I         : c7      1 pstore: Registered ramoops as persistent store backend
01-06 18:21:38.533     0     0 I         : c7      1 ramoops: attached 0x400000@0xb7e41000, ecc: 0/0
01-06 18:21:38.533     0     0 W         : c7      1 bldr_log_parser: bldr_log invalid in (____ptrval____)
01-06 18:21:38.534     0     0 I         : c7      1 platform 82200000.qseecom: assigned reserved memory node qseecom_region
01-06 18:21:38.536     0     0 I         : c7      1 platform soc:mem_dump: assigned reserved memory node mem_dump_region
01-06 18:21:38.536     0     0 I         : c7      1 platform 4080000.qcom,mss: assigned reserved memory node modem_wlan_region@8c000000
01-06 18:21:38.536     0     0 I         : c7      1 platform 3000000.qcom,lpass: assigned reserved memory node pil_adsp_region@89200000
01-06 18:21:38.536     0     0 I         : c7      1 platform 8300000.qcom,turing: assigned reserved memory node pil_cdsp_region@87400000
01-06 18:21:38.536     0     0 I         : c7      1 platform soc:qcom,msm-adsprpc-mem: assigned reserved memory node adsp_region
01-06 18:21:38.536     0     0 I         : c7      1 platform aae0000.qcom,venus: assigned reserved memory node pil_video_region@86a00000
01-06 18:21:38.538     0     0 I         : c7      1 platform soc:qcom,ipa_fws: assigned reserved memory node pil_ipa_fw_region@8bc00000
01-06 18:21:38.538     0     0 I         : c7      1 platform 9800000.qcom,npu: assigned reserved memory node pil_npu_region@86500000
01-06 18:21:38.547     0     0 I         : c7      1 platform b7e01000.bootloader_log: assigned reserved memory node debug_info@B7E01000
01-06 18:21:38.547     0     0 I         : c7      1 platform soc:access_ramoops@0: assigned reserved memory node ramoops_meta_region@0xB8641000
01-06 18:21:38.548     0     0 I         : c7      1 platform soc:access_ramoops@1: assigned reserved memory node alt_ramoops_region@B8241000
01-06 18:21:38.548     0     0 I         : c7      1 platform mem-offline: Linked as a consumer to c300000.qcom,qmp-aop
01-06 18:21:38.582     0     0 I         : c7      1 platform 3ac0000.slim: Linked as a consumer to 15000000.apps-smmu
01-06 18:21:38.582     0     0 I         : c7      1 platform soc:bt_wcn3990: Linked as a consumer to f000000.pinctrl
01-06 18:21:38.582     0     0 I         : c7      1 platform 793000.qrng: Linked as a consumer to 16e0000.ad-hoc-bus
01-06 18:21:38.582     0     0 I         : c7      1 platform 793000.qrng: Linked as a consumer to 100000.qcom,gcc
01-06 18:21:38.582     0     0 I         : c7      1 platform 1de0000.qcedev: Linked as a consumer to 16e0000.ad-hoc-bus
01-06 18:21:38.582     0     0 I         : c7      1 platform 1de0000.qcedev: Linked as a consumer to 15000000.apps-smmu
01-06 18:21:38.582     0     0 I         : c7      1 platform 1de0000.qcrypto: Linked as a consumer to 16e0000.ad-hoc-bus
01-06 18:21:38.582     0     0 I         : c7      1 platform 1de0000.qcrypto: Linked as a consumer to 15000000.apps-smmu
01-06 18:21:38.582     0     0 I         : c7      1 platform soc:qcom,snoc_cnoc_keepalive: Linked as a consumer to 16e0000.ad-hoc-bus
01-06 18:21:38.582     0     0 I         : c7      1 platform soc:qcom,aopclk: Linked as a consumer to c300000.qcom,qmp-aop
01-06 18:21:38.582     0     0 I         : c7      1 platform 100000.qcom,gcc: Linked as a consumer to 3d9106c.qcom,gdsc
01-06 18:21:38.582     0     0 I         : c7      1 platform ad00000.qcom,camcc: Linked as a consumer to 100000.qcom,gcc
01-06 18:21:38.582     0     0 I         : c7      1 platform ab00000.qcom,videocc: Linked as a consumer to 100000.qcom,gcc
01-06 18:21:38.582     0     0 I         : c7      1 platform ab00000.qcom,videocc: Linked as a consumer to 780000.qfprom
01-06 18:21:38.583     0     0 I         : c7      1 platform af00000.qcom,dispcc: Linked as a consumer to 100000.qcom,gcc
01-06 18:21:38.583     0     0 I         : c7      1 platform 3d90000.qcom,gpucc: Linked as a consumer to 3d9106c.qcom,gdsc
01-06 18:21:38.583     0     0 I         : c7      1 platform 9980000.qcom,npucc: Linked as a consumer to 9981004.qcom,gdsc
01-06 18:21:38.583     0     0 I         : c7      1 platform 9980000.qcom,npucc: Linked as a consumer to 780000.qfprom
01-06 18:21:38.584     0     0 I         : c7      1 platform 1d84000.ufshc: Linked as a consumer to 100000.qcom,gcc
01-06 18:21:38.584     0     0 I         : c7      1 platform 1d84000.ufshc: Linked as a consumer to 16e0000.ad-hoc-bus
01-06 18:21:38.584     0     0 I         : c7      1 platform 1d84000.ufshc: Linked as a consumer to f000000.pinctrl
01-06 18:21:38.584     0     0 I         : c7      1 platform 1d84000.ufshc: Linked as a consumer to 177004.qcom,gdsc
01-06 18:21:38.585     0     0 I         : c7      1 platform soc:qcom,smem: Linked as a consumer to soc:hwlock
01-06 18:21:38.585     0     0 I         : c7      1 platform c300000.qcom,qmp-aop: Linked as a consumer to 408000.qcom,ipcc
01-06 18:21:38.585     0     0 I         : c7      1 platform soc:aop-msg-client: Linked as a consumer to c300000.qcom,qmp-aop
01-06 18:21:38.585     0     0 I         : c7      1 platform 4080000.qcom,mss: Linked as a consumer to 16e0000.ad-hoc-bus
01-06 18:21:38.585     0     0 I         : c7      1 platform 4080000.qcom,mss: Linked as a consumer to c300000.qcom,qmp-aop
01-06 18:21:38.585     0     0 I         : c7      1 platform 3000000.qcom,lpass: Linked as a consumer to 16e0000.ad-hoc-bus
01-06 18:21:38.585     0     0 I         : c7      1 platform 3000000.qcom,lpass: Linked as a consumer to c300000.qcom,qmp-aop
01-06 18:21:38.585     0     0 I         : c7      1 platform 8300000.qcom,turing: Linked as a consumer to 16e0000.ad-hoc-bus
01-06 18:21:38.585     0     0 I         : c7      1 platform 8300000.qcom,turing: Linked as a consumer to c300000.qcom,qmp-aop
01-06 18:21:38.585     0     0 I         : c7      1 platform soc:qcom,smp2p_sleepstate: Linked as a consumer to soc:qcom,smp2p-adsp
01-06 18:21:38.585     0     0 I         : c7      1 platform aae0000.qcom,venus: Linked as a consumer to ab00814.qcom,gdsc
01-06 18:21:38.586     0     0 I         : c7      1 platform aae0000.qcom,venus: Linked as a consumer to ab00000.qcom,videocc
01-06 18:21:38.586     0     0 I         : c7      1 platform aae0000.qcom,venus: Linked as a consumer to 16e0000.ad-hoc-bus
01-06 18:21:38.586     0     0 I         : c7      1 platform 800000.qcom,gpi-dma: Linked as a consumer to 15000000.apps-smmu
01-06 18:21:38.586     0     0 I         : c7      1 platform 900000.qcom,gpi-dma: Linked as a consumer to 15000000.apps-smmu
01-06 18:21:38.586     0     0 I         : c7      1 platform 88e0000.qcom,msm-eud: Linked as a consumer to b220000.interrupt-controller
01-06 18:21:38.586     0     0 I         : c7      1 platform 88e0000.qcom,msm-eud: Linked as a consumer to 100000.qcom,gcc
01-06 18:21:38.586     0     0 I         : c7      1 platform soc:qcom,cpu-cpu-llcc-bw: Linked as a consumer to 16e0000.ad-hoc-bus
01-06 18:21:38.586     0     0 I         : c7      1 platform soc:qcom,cpu-llcc-ddr-bw: Linked as a consumer to 16e0000.ad-hoc-bus
01-06 18:21:38.586     0     0 I         : c7      1 platform soc:qcom,npu-npu-llcc-bw: Linked as a consumer to 16e0000.ad-hoc-bus
01-06 18:21:38.586     0     0 I         : c7      1 platform 60400.qcom,npu-npu-llcc-bwmon: Linked as a consumer to 100000.qcom,gcc
01-06 18:21:38.586     0     0 I         : c7      1 platform soc:qcom,npu-llcc-ddr-bw: Linked as a consumer to 16e0000.ad-hoc-bus
01-06 18:21:38.586     0     0 I         : c7      1 platform soc:qcom,npudsp-npu-ddr-bw: Linked as a consumer to 16e0000.ad-hoc-bus
01-06 18:21:38.586     0     0 I         : c7      1 platform 70300.qcom,npudsp-npu-ddr-bwmon: Linked as a consumer to 100000.qcom,gcc
01-06 18:21:38.586     0     0 I         : c7      1 platform soc:qcom,cpu0-cpu-llcc-lat: Linked as a consumer to 16e0000.ad-hoc-bus
01-06 18:21:38.586     0     0 I         : c7      1 platform soc:qcom,cpu0-llcc-ddr-lat: Linked as a consumer to 16e0000.ad-hoc-bus
01-06 18:21:38.586     0     0 I         : c7      1 platform soc:qcom,cpu0-cpu-ddr-latfloor: Linked as a consumer to 16e0000.ad-hoc-bus
01-06 18:21:38.586     0     0 I         : c7      1 platform soc:qcom,cpu6-cpu-llcc-lat: Linked as a consumer to 16e0000.ad-hoc-bus
01-06 18:21:38.586     0     0 I         : c7      1 platform soc:qcom,cpu6-llcc-ddr-lat: Linked as a consumer to 16e0000.ad-hoc-bus
01-06 18:21:38.586     0     0 I         : c7      1 platform soc:qcom,cpu6-cpu-ddr-latfloor: Linked as a consumer to 16e0000.ad-hoc-bus
01-06 18:21:38.586     0     0 I         : c7      1 platform soc:qcom,cpu7-cpu-ddr-latfloor: Linked as a consumer to 16e0000.ad-hoc-bus
01-06 18:21:38.586     0     0 I         : c7      1 platform soc:qcom,ipa_fws: Linked as a consumer to 16e0000.ad-hoc-bus
01-06 18:21:38.586     0     0 I         : c7      1 platform 1e00000.qcom,ipa: Linked as a consumer to 16e0000.ad-hoc-bus
01-06 18:21:38.586     0     0 I         : c7      1 platform soc:ipa_smmu_ap: Linked as a consumer to 15000000.apps-smmu
01-06 18:21:38.586     0     0 I         : c7      1 platform soc:ipa_smmu_wlan: Linked as a consumer to 15000000.apps-smmu
01-06 18:21:38.586     0     0 I         : c7      1 platform soc:ipa_smmu_uc: Linked as a consumer to 15000000.apps-smmu
01-06 18:21:38.586     0     0 I         : c7      1 platform 18800000.qcom,icnss: Linked as a consumer to 15000000.apps-smmu
01-06 18:21:38.586     0     0 I         : c7      1 platform 9800000.qcom,npu: Linked as a consumer to 16e0000.ad-hoc-bus
01-06 18:21:38.588     0     0 I         : c7      1 platform ad07004.qcom,gdsc: Linked as a consumer to 100000.qcom,gcc
01-06 18:21:38.588     0     0 I         : c7      1 platform ad08004.qcom,gdsc: Linked as a consumer to 100000.qcom,gcc
01-06 18:21:38.588     0     0 I         : c7      1 platform ad09004.qcom,gdsc: Linked as a consumer to 100000.qcom,gcc
01-06 18:21:38.588     0     0 I         : c7      1 platform ad0a004.qcom,gdsc: Linked as a consumer to 100000.qcom,gcc
01-06 18:21:38.588     0     0 I         : c7      1 platform ad0b004.qcom,gdsc: Linked as a consumer to 100000.qcom,gcc
01-06 18:21:38.588     0     0 I         : c7      1 platform ad0c1c4.qcom,gdsc: Linked as a consumer to 100000.qcom,gcc
01-06 18:21:38.588     0     0 I         : c7      1 platform af03000.qcom,gdsc: Linked as a consumer to 100000.qcom,gcc
01-06 18:21:38.589     0     0 I         : c7      1 platform ab00814.qcom,gdsc: Linked as a consumer to 100000.qcom,gcc
01-06 18:21:38.589     0     0 I         : c7      1 platform ab00874.qcom,gdsc: Linked as a consumer to 100000.qcom,gcc
01-06 18:21:38.589     0     0 I         : c7      1 platform ab008b4.qcom,gdsc: Linked as a consumer to 100000.qcom,gcc
01-06 18:21:38.589     0     0 I         : c7      1 platform 3da0000.kgsl-smmu: Linked as a consumer to 3d9106c.qcom,gdsc
01-06 18:21:38.589     0     0 I         : c7      1 platform 3da0000.kgsl-smmu: Linked as a consumer to 100000.qcom,gcc
01-06 18:21:38.589     0     0 I         : c7      1 platform 3da0000.kgsl-smmu: Linked as a consumer to 3d90000.qcom,gpucc
01-06 18:21:38.589     0     0 I         : c7      1 platform 15000000.apps-smmu: Linked as a consumer to 16e0000.ad-hoc-bus
01-06 18:21:38.589     0     0 I         : c7      1 platform soc:kgsl_iommu_test_device: Linked as a consumer to 3da0000.kgsl-smmu
01-06 18:21:38.589     0     0 I         : c7      1 platform soc:apps_iommu_test_device: Linked as a consumer to 15000000.apps-smmu
01-06 18:21:38.589     0     0 I         : c7      1 platform soc:apps_iommu_coherent_test_device: Linked as a consumer to 15000000.apps-smmu
01-06 18:21:38.589     0     0 I         : c7      1 platform soc:qcom,smp2p-mpss: Linked as a consumer to 408000.qcom,ipcc
01-06 18:21:38.589     0     0 I         : c7      1 platform soc:qcom,smp2p-adsp: Linked as a consumer to 408000.qcom,ipcc
01-06 18:21:38.589     0     0 I         : c7      1 platform soc:qcom,smp2p-cdsp: Linked as a consumer to 408000.qcom,ipcc
01-06 18:21:38.589     0     0 I         : c7      1 platform soc:qcom,smp2p-npu: Linked as a consumer to 408000.qcom,ipcc
01-06 18:21:38.589     0     0 I         : c7      1 platform soc:qcom,smp2p-npu: Linked as a consumer to 9900000.qcom,msm_npu
01-06 18:21:38.589     0     0 I         : c7      1 platform a600000.ssusb: Linked as a consumer to 15000000.apps-smmu
01-06 18:21:38.589     0     0 I         : c7      1 platform a600000.ssusb: Linked as a consumer to 10f004.qcom,gdsc
01-06 18:21:38.589     0     0 I         : c7      1 platform a600000.ssusb: Linked as a consumer to 88e3000.hsphy
01-06 18:21:38.589     0     0 I         : c7      1 platform a600000.ssusb: Linked as a consumer to 100000.qcom,gcc
01-06 18:21:38.589     0     0 I         : c7      1 platform a600000.ssusb: Linked as a consumer to 16e0000.ad-hoc-bus
01-06 18:21:38.589     0     0 I         : c7      1 platform a600000.ssusb: Linked as a consumer to 88e0000.qcom,msm-eud
01-06 18:21:38.589     0     0 I         : c7      1 platform 88e8000.ssphy: Linked as a consumer to 100000.qcom,gcc
01-06 18:21:38.589     0     0 I         : c7      1 platform 88e8000.ssphy: Linked as a consumer to soc:vdda_usb_ss_dp_core
01-06 18:21:38.589     0     0 I         : c7      1 platform soc:usb_audio_qmi_dev: Linked as a consumer to 15000000.apps-smmu
01-06 18:21:38.589     0     0 I         : c7      1 platform aa00000.qcom,vidc0: Linked as a consumer to ab00814.qcom,gdsc
01-06 18:21:38.589     0     0 I         : c7      1 platform aa00000.qcom,vidc0: Linked as a consumer to ab00874.qcom,gdsc
01-06 18:21:41.993   600   600 D QSEECOMD: : qseecom listener services process entry PPID = 1
01-06 18:21:38.589     0     0 I         : c7      1 platform aa00000.qcom,vidc0: Linked as a consumer to ab008b4.qcom,gdsc
01-06 18:21:41.993   600   600 E QSEECOMD: : Listener: index = 0, hierarchy = 0
01-06 18:21:38.589     0     0 I         : c7      1 platform aa00000.qcom,vidc0: Linked as a consumer to ab00000.qcom,videocc
01-06 18:21:38.589     0     0 I         : c7      1 platform aa00000.qcom,vidc1: Linked as a consumer to ab00814.qcom,gdsc
01-06 18:21:38.589     0     0 I         : c7      1 platform aa00000.qcom,vidc1: Linked as a consumer to ab00874.qcom,gdsc
01-06 18:21:38.589     0     0 I         : c7      1 platform aa00000.qcom,vidc1: Linked as a consumer to ab008b4.qcom,gdsc
01-06 18:21:38.589     0     0 I         : c7      1 platform aa00000.qcom,vidc1: Linked as a consumer to ab00000.qcom,videocc
01-06 18:21:38.590     0     0 I         : c7      1 platform 16e0000.ad-hoc-bus: Linked as a consumer to 100000.qcom,gcc
01-06 18:21:38.591     0     0 I         : c7      1 platform soc:qcom,kgsl-hyp: Linked as a consumer to 16e0000.ad-hoc-bus
01-06 18:21:38.591     0     0 I         : c7      1 platform soc:qcom,gpubw: Linked as a consumer to 16e0000.ad-hoc-bus
01-06 18:21:38.591     0     0 I         : c7      1 platform 3d00000.qcom,kgsl-3d0: Linked as a consumer to 3d90000.qcom,gpucc
01-06 18:21:38.591     0     0 I         : c7      1 platform 3d00000.qcom,kgsl-3d0: Linked as a consumer to 100000.qcom,gcc
01-06 18:21:38.592     0     0 I         : c7      1 platform 3d00000.qcom,kgsl-3d0: Linked as a consumer to 16e0000.ad-hoc-bus
01-06 18:21:38.592     0     0 I         : c7      1 platform 3d00000.qcom,kgsl-3d0: Linked as a consumer to 3d9106c.qcom,gdsc
01-06 18:21:38.592     0     0 I         : c7      1 platform 3d00000.qcom,kgsl-3d0: Linked as a consumer to 3d9100c.qcom,gdsc
01-06 18:21:38.592     0     0 I         : c7      1 platform 3d00000.qcom,kgsl-3d0: Linked as a consumer to 3d6a000.qcom,gmu
01-06 18:21:38.592     0     0 I         : c7      1 platform 3d00000.qcom,kgsl-3d0: Linked as a consumer to 3da0000.kgsl-smmu
01-06 18:21:38.592     0     0 I         : c7      1 platform 3d00000.qcom,kgsl-3d0: Linked as a consumer to 780000.qfprom
01-06 18:21:38.592     0     0 I         : c7      1 platform 3da0000.qcom,kgsl-iommu: Linked as a consumer to 100000.qcom,gcc
01-06 18:21:38.592     0     0 I         : c7      1 platform 3da0000.qcom,kgsl-iommu: Linked as a consumer to 3d90000.qcom,gpucc
01-06 18:21:38.592     0     0 I         : c7      1 platform 3d6a000.qcom,gmu: Linked as a consumer to 16e0000.ad-hoc-bus
01-06 18:21:38.592     0     0 I         : c7      1 platform 3d6a000.qcom,gmu: Linked as a consumer to 3d9106c.qcom,gdsc
01-06 18:21:38.592     0     0 I         : c7      1 platform 3d6a000.qcom,gmu: Linked as a consumer to 3d9100c.qcom,gdsc
01-06 18:21:38.592     0     0 I         : c7      1 platform 3d6a000.qcom,gmu: Linked as a consumer to 3d90000.qcom,gpucc
01-06 18:21:38.592     0     0 I         : c7      1 platform 3d6a000.qcom,gmu: Linked as a consumer to 100000.qcom,gcc
01-06 18:21:38.592     0     0 I         : c7      1 platform 3d6a000.qcom,gmu: Linked as a consumer to soc:qcom,aopclk
01-06 18:21:38.592     0     0 I         : c7      1 platform 3d6a000.qcom,gmu: Linked as a consumer to c300000.qcom,qmp-aop
01-06 18:21:38.592     0     0 I         : c7      1 platform 9900000.qcom,msm_npu: Linked as a consumer to 15000000.apps-smmu
01-06 18:21:38.592     0     0 I         : c7      1 platform 9900000.qcom,msm_npu: Linked as a consumer to 9980000.qcom,npucc
01-06 18:21:38.592     0     0 I         : c7      1 platform 9900000.qcom,msm_npu: Linked as a consumer to 9981004.qcom,gdsc
01-06 18:21:38.592     0     0 I         : c7      1 platform 9900000.qcom,msm_npu: Linked as a consumer to 408000.qcom,ipcc
01-06 18:21:38.592     0     0 I         : c7      1 platform soc:ipcc-self-ping-apss: Linked as a consumer to 408000.qcom,ipcc
01-06 18:21:38.592     0     0 I         : c7      1 platform soc:ipcc-self-ping-cdsp: Linked as a consumer to 408000.qcom,ipcc
01-06 18:21:38.592     0     0 I         : c7      1 platform soc:ipcc-self-ping-adsp: Linked as a consumer to 408000.qcom,ipcc
01-06 18:21:38.592     0     0 I         : c7      1 platform 8c0000.qcom,qupv3_0_geni_se: Linked as a consumer to 15000000.apps-smmu
01-06 18:21:38.592     0     0 I         : c7      1 platform 888000.qcom,qup_uart: Linked as a consumer to 100000.qcom,gcc
01-06 18:21:38.592     0     0 I         : c7      1 platform 888000.qcom,qup_uart: Linked as a consumer to f000000.pinctrl
01-06 18:21:38.592     0     0 I         : c7      1 platform 888000.qcom,qup_uart: Linked as a consumer to 8c0000.qcom,qupv3_0_geni_se
01-06 18:21:41.994   600   600 D QSEECOMD: : Init dlopen(librpmb.so, RTLD_NOW) succeeds
01-06 18:21:38.592     0     0 I         : c7      1 platform 894000.qcom,qup_uart: Linked as a consumer to 100000.qcom,gcc
01-06 18:21:41.994   600   600 D QSEECOMD: : Init::Init dlsym(g_FSHandle rpmb_init_service) succeeds
01-06 18:21:38.592     0     0 I         : c7      1 platform 894000.qcom,qup_uart: Linked as a consumer to f000000.pinctrl
01-06 18:21:38.592     0     0 I         : c7      1 platform 894000.qcom,qup_uart: Linked as a consumer to 8c0000.qcom,qupv3_0_geni_se
01-06 18:21:38.592     0     0 I         : c7      1 platform 880000.spi: Linked as a consumer to 100000.qcom,gcc
01-06 18:21:38.592     0     0 I         : c7      1 platform 880000.spi: Linked as a consumer to f000000.pinctrl
01-06 18:21:38.592     0     0 I         : c7      1 platform 880000.spi: Linked as a consumer to 8c0000.qcom,qupv3_0_geni_se
01-06 18:21:38.593     0     0 I         : c7      1 platform 880000.spi: Linked as a consumer to 800000.qcom,gpi-dma
01-06 18:21:38.593     0     0 I         : c7      1 platform 890000.spi: Linked as a consumer to 100000.qcom,gcc
01-06 18:21:38.593     0     0 I         : c7      1 platform 890000.spi: Linked as a consumer to f000000.pinctrl
01-06 18:21:38.593     0     0 I         : c7      1 platform 890000.spi: Linked as a consumer to 8c0000.qcom,qupv3_0_geni_se
01-06 18:21:38.593     0     0 I         : c7      1 platform 890000.spi: Linked as a consumer to 800000.qcom,gpi-dma
01-06 18:21:38.593     0     0 I         : c7      1 platform 9c0000.qcom,qupv3_1_geni_se: Linked as a consumer to 15000000.apps-smmu
01-06 18:21:38.593     0     0 I         : c7      1 platform 984000.i2c: Linked as a consumer to 100000.qcom,gcc
01-06 18:21:38.593     0     0 I         : c7      1 platform 984000.i2c: Linked as a consumer to 900000.qcom,gpi-dma
01-06 18:21:38.593     0     0 I         : c7      1 platform 984000.i2c: Linked as a consumer to f000000.pinctrl
01-06 18:21:38.593     0     0 I         : c7      1 platform 984000.i2c: Linked as a consumer to 9c0000.qcom,qupv3_1_geni_se
01-06 18:21:38.593     0     0 I         : c7      1 platform 98c000.i2c: Linked as a consumer to 100000.qcom,gcc
01-06 18:21:38.593     0     0 I         : c7      1 platform 98c000.i2c: Linked as a consumer to 900000.qcom,gpi-dma
01-06 18:21:38.593     0     0 I         : c7      1 platform 98c000.i2c: Linked as a consumer to f000000.pinctrl
01-06 18:21:38.593     0     0 I         : c7      1 platform 98c000.i2c: Linked as a consumer to 9c0000.qcom,qupv3_1_geni_se
01-06 18:21:38.593     0     0 I         : c7      1 platform 994000.i2c: Linked as a consumer to 100000.qcom,gcc
01-06 18:21:38.593     0     0 I         : c7      1 platform 994000.i2c: Linked as a consumer to 900000.qcom,gpi-dma
01-06 18:21:38.593     0     0 I         : c7      1 platform 994000.i2c: Linked as a consumer to f000000.pinctrl
01-06 18:21:38.593     0     0 I         : c7      1 platform 994000.i2c: Linked as a consumer to 9c0000.qcom,qupv3_1_geni_se
01-06 18:21:38.593     0     0 I         : c7      1 platform 980000.spi: Linked as a consumer to 100000.qcom,gcc
01-06 18:21:38.594     0     0 I         : c7      1 platform 980000.spi: Linked as a consumer to 9c0000.qcom,qupv3_1_geni_se
01-06 18:21:38.594     0     0 I         : c7      1 platform 980000.spi: Linked as a consumer to 900000.qcom,gpi-dma
01-06 18:21:38.594     0     0 I         : c7      1 amba 6046000.replicator: Linked as a consumer to soc:qcom,aopclk
01-06 18:21:38.594     0     0 I         : c7      1 amba 6b06000.replicator: Linked as a consumer to soc:qcom,aopclk
01-06 18:21:38.594     0     0 I         : c7      1 amba 6b05000.tmc: Linked as a consumer to soc:qcom,aopclk
01-06 18:21:38.594     0     0 I         : c7      1 amba 6b04000.funnel: Linked as a consumer to soc:qcom,aopclk
01-06 18:21:38.594     0     0 I         : c7      1 amba 6048000.tmc: Linked as a consumer to 15000000.apps-smmu
01-06 18:21:38.594     0     0 I         : c7      1 amba 6048000.tmc: Linked as a consumer to soc:qcom,aopclk
01-06 18:21:38.594     0     0 I         : c7      1 amba 6045000.funnel: Linked as a consumer to soc:qcom,aopclk
01-06 18:21:38.594     0     0 I         : c7      1 platform 6b0c000.csr: Linked as a consumer to soc:qcom,aopclk
01-06 18:21:38.594     0     0 I         : c7      1 amba 6041000.funnel: Linked as a consumer to soc:qcom,aopclk
01-06 18:21:41.995   600   600 E rpmb_ufs: Found an applicable RPMB lun and its index is 1
01-06 18:21:38.594     0     0 I         : c7      1 amba 6042000.funnel: Linked as a consumer to soc:qcom,aopclk
01-06 18:21:41.995   594   594 I hwservicemanager: getFrameworkHalManifest: Reading VINTF information.
01-06 18:21:38.594     0     0 I         : c7      1 amba 7810000.funnel: Linked as a consumer to soc:qcom,aopclk
01-06 18:21:38.594     0     0 I         : c7      1 amba 7800000.funnel: Linked as a consumer to soc:qcom,aopclk
01-06 18:21:38.594     0     0 I         : c7      1 amba 7040000.etm: Linked as a consumer to soc:qcom,aopclk
01-06 18:21:38.594     0     0 I         : c7      1 amba 7140000.etm: Linked as a consumer to soc:qcom,aopclk
01-06 18:21:38.594     0     0 I         : c7      1 amba 7240000.etm: Linked as a consumer to soc:qcom,aopclk
01-06 18:21:38.594     0     0 I         : c7      1 amba 7340000.etm: Linked as a consumer to soc:qcom,aopclk
01-06 18:21:38.594     0     0 I         : c7      1 amba 7440000.etm: Linked as a consumer to soc:qcom,aopclk
01-06 18:21:38.594     0     0 I         : c7      1 amba 7540000.etm: Linked as a consumer to soc:qcom,aopclk
01-06 18:21:38.594     0     0 I         : c7      1 amba 7640000.etm: Linked as a consumer to soc:qcom,aopclk
01-06 18:21:38.594     0     0 I         : c7      1 amba 7740000.etm: Linked as a consumer to soc:qcom,aopclk
01-06 18:21:38.594     0     0 I         : c7      1 platform ace0000.qcom,csiphy0: Linked as a consumer to ad0c1c4.qcom,gdsc
01-06 18:21:38.595     0     0 I         : c7      1 platform ace0000.qcom,csiphy0: Linked as a consumer to ff1000.refgen-regulator
01-06 18:21:38.595     0     0 I         : c7      1 platform ace0000.qcom,csiphy0: Linked as a consumer to ad00000.qcom,camcc
01-06 18:21:38.595     0     0 I         : c7      1 platform ace2000.qcom,csiphy1: Linked as a consumer to ad0c1c4.qcom,gdsc
01-06 18:21:38.595     0     0 I         : c7      1 platform ace2000.qcom,csiphy1: Linked as a consumer to ff1000.refgen-regulator
01-06 18:21:38.595     0     0 I         : c7      1 platform ace2000.qcom,csiphy1: Linked as a consumer to ad00000.qcom,camcc
01-06 18:21:41.995   600   600 I rpmb_ufs: RPMB Mult (512-byte sector) = 32768, Rel_sec_cnt = 32
01-06 18:21:38.595     0     0 I         : c7      1 platform ace4000.qcom,csiphy2: Linked as a consumer to ad0c1c4.qcom,gdsc
01-06 18:21:38.595     0     0 I         : c7      1 platform ace4000.qcom,csiphy2: Linked as a consumer to ff1000.refgen-regulator
01-06 18:21:38.595     0     0 I         : c7      1 platform ace4000.qcom,csiphy2: Linked as a consumer to ad00000.qcom,camcc
01-06 18:21:38.595     0     0 I         : c7      1 platform ace6000.qcom,csiphy3: Linked as a consumer to ad0c1c4.qcom,gdsc
01-06 18:21:38.595     0     0 I         : c7      1 platform ace6000.qcom,csiphy3: Linked as a consumer to ff1000.refgen-regulator
01-06 18:21:38.595     0     0 I         : c7      1 platform ace6000.qcom,csiphy3: Linked as a consumer to ad00000.qcom,camcc
01-06 18:21:38.595     0     0 I         : c7      1 platform ac4a000.qcom,cci0: Linked as a consumer to ad0c1c4.qcom,gdsc
01-06 18:21:38.595     0     0 I         : c7      1 platform ac4a000.qcom,cci0: Linked as a consumer to ad00000.qcom,camcc
01-06 18:21:38.595     0     0 I         : c7      1 platform ac4a000.qcom,cci0: Linked as a consumer to f000000.pinctrl
01-06 18:21:38.595     0     0 I         : c7      1 platform ac4b000.qcom,cci1: Linked as a consumer to ad0c1c4.qcom,gdsc
01-06 18:21:41.996   600   600 E DrmLibRpmb: rpmb_init succeeded! with ret = 0
01-06 18:21:38.595     0     0 I         : c7      1 platform ac4b000.qcom,cci1: Linked as a consumer to ad00000.qcom,camcc
01-06 18:21:41.996   600   600 D QSEECOMD: : Init rpmb_init_service ret = 0
01-06 18:21:41.996   600   600 D QSEECOMD: : RPMB system services: init (Listener ID = 8192)
01-06 18:21:41.996   600   600 E QSEECOMD: : Listener: index = 1, hierarchy = 0
01-06 18:21:38.595     0     0 I         : c7      1 platform ac4b000.qcom,cci1: Linked as a consumer to f000000.pinctrl
01-06 18:21:38.596     0     0 I         : c7      1 platform ac48000.qcom,cpas-cdm0: Linked as a consumer to ad0c1c4.qcom,gdsc
01-06 18:21:38.596     0     0 I         : c7      1 platform ac48000.qcom,cpas-cdm0: Linked as a consumer to ad00000.qcom,camcc
01-06 18:21:38.596     0     0 I         : c7      1 platform acb3000.qcom,csid0: Linked as a consumer to ad0c1c4.qcom,gdsc
01-06 18:21:38.596     0     0 I         : c7      1 platform acb3000.qcom,csid0: Linked as a consumer to ad0a004.qcom,gdsc
01-06 18:21:38.596     0     0 I         : c7      1 platform acb3000.qcom,csid0: Linked as a consumer to ad00000.qcom,camcc
01-06 18:21:38.596     0     0 I         : c7      1 platform acaf000.qcom,vfe0: Linked as a consumer to ad0c1c4.qcom,gdsc
01-06 18:21:38.596     0     0 I         : c7      1 platform acaf000.qcom,vfe0: Linked as a consumer to ad0a004.qcom,gdsc
01-06 18:21:38.596     0     0 I         : c7      1 platform acaf000.qcom,vfe0: Linked as a consumer to ad00000.qcom,camcc
01-06 18:21:38.596     0     0 I         : c7      1 platform acba000.qcom,csid1: Linked as a consumer to ad0c1c4.qcom,gdsc
01-06 18:21:38.596     0     0 I         : c7      1 platform acba000.qcom,csid1: Linked as a consumer to ad0b004.qcom,gdsc
01-06 18:21:38.596     0     0 I         : c7      1 platform acba000.qcom,csid1: Linked as a consumer to ad00000.qcom,camcc
01-06 18:21:38.596     0     0 I         : c7      1 platform acb6000.qcom,vfe1: Linked as a consumer to ad0c1c4.qcom,gdsc
01-06 18:21:38.596     0     0 I         : c7      1 platform acb6000.qcom,vfe1: Linked as a consumer to ad0b004.qcom,gdsc
01-06 18:21:38.596     0     0 I         : c7      1 platform acb6000.qcom,vfe1: Linked as a consumer to ad00000.qcom,camcc
