01-06 18:21:39.706     0     0 I         : c6      1 init: [libfs_mgr]Created logical partition system_a on device /dev/block/dm-0
01-06 18:21:39.706     0     0 I         : c6      1 init: [libfs_mgr]Created logical partition system_b on device /dev/block/dm-1
01-06 18:21:39.706     0     0 I         : c6      1 init: [libfs_mgr]Created logical partition product_a on device /dev/block/dm-2
01-06 18:21:39.706     0     0 I         : c6      1 init: [libfs_mgr]Skipping zero-length logical partition: product_b
01-06 18:21:39.707     0     0 I         : c6      1 init: [libfs_mgr]Created logical partition system_ext_a on device /dev/block/dm-3
01-06 18:21:39.707     0     0 I         : c6      1 init: [libfs_mgr]Skipping zero-length logical partition: system_ext_b
01-06 18:21:39.707     0     0 I         : c6      1 init: [libfs_mgr]Created logical partition vendor_a on device /dev/block/dm-4
01-06 18:21:39.707     0     0 I         : c6      1 init: [libfs_mgr]Skipping zero-length logical partition: vendor_b
01-06 18:21:39.707     0     0 I         : c6      1 init: DSU not detected, proceeding with normal boot
01-06 18:21:39.712     0     0 I         : c6      1 init: [libfs_avb]Returning avb_handle with status: Success
01-06 18:21:39.712     0     0 I         : c6      1 init: [libfs_avb]Built verity table: '1 /dev/block/dm-0 /dev/block/dm-0 4096 4096 206657 206657 sha256 232c2d3e7794f1e7b2ad78eb5303d6b3467c1ec32671159212173443a65e2a5e c41c9abdcbcf9e423d0dab455a85f258159fa4c70fd74db18bbdaa127d09e7f1 10 use_fec_from_device /dev/block/dm-0 fec_roots 2 fec_blocks 208286 fec_start 208286 restart_on_corruption ignore_zero_blocks'
01-06 18:21:39.712     0     0 I         : c6      1 device-mapper: verity: sha256 using implementation "sha256-ce"
01-06 18:21:39.714     0     0 I         : c6      1 init: [libfs_mgr]superblock s_max_mnt_count:65535,/dev/block/dm-5
01-06 18:21:39.715     0     0 I         : c6      1 EXT4-fs (dm-5): mounted filesystem without journal. Opts: barrier=1
01-06 18:21:39.715     0     0 I         : c6      1 init: [libfs_mgr]__mount(source=/dev/block/dm-5,target=/system,type=ext4)=0: Success
01-06 18:21:39.715     0     0 I         : c6      1 init: Switching root to '/system'
01-06 18:21:39.718     0     0 I         : c6      1 init: [libfs_avb]Built verity table: '1 /dev/block/dm-3 /dev/block/dm-3 4096 4096 47000 47000 sha256 368663e7c4b4166c358b30218f6c6b4676a21f4992ebf02b1ac42db8775b152c e6399c1d74358a4ab261ebf428e97be65151ae04d93357d441feb52b07b18144 10 use_fec_from_device /dev/block/dm-3 fec_roots 2 fec_blocks 47372 fec_start 47372 restart_on_corruption ignore_zero_blocks'
01-06 18:21:39.718     0     0 I         : c6      1 device-mapper: verity: sha256 using implementation "sha256-ce"
01-06 18:21:42.036   600   600 D QSEECOMD: : Init qisl_start ret = 0
01-06 18:21:39.719     0     0 I         : c6      1 init: [libfs_mgr]superblock s_max_mnt_count:65535,/dev/block/dm-6
01-06 18:21:42.036   600   600 D QSEECOMD: : interrupt services: Started (Listener ID = 36864)
01-06 18:21:42.036   600   600 E QSEECOMD: : Listener: index = 7, hierarchy = 1
01-06 18:21:42.036   600   600 E QSEECOMD: : Init dlopen(libspl.so, RLTD_NOW) is failed.... dlopen failed: library "libspl.so" not found
01-06 18:21:42.036   600   600 E QSEECOMD: : Listener: index = 8, hierarchy = 1
01-06 18:21:39.720     0     0 I         : c6      1 EXT4-fs (dm-6): mounted filesystem without journal. Opts: barrier=1
01-06 18:21:39.720     0     0 I         : c6      1 init: [libfs_mgr]__mount(source=/dev/block/dm-6,target=/system_ext,type=ext4)=0: Success
01-06 18:21:39.720     0     0 I         : c6      1 init: [libfs_avb]Built verity table: '1 /dev/block/dm-4 /dev/block/dm-4 4096 4096 188664 188664 sha256 5a96e50ee650f979eb0053b101189fd7ed0cf2710c12b9fd91beb048e1b0c68d b28176e1d3d4c1a912721481a21376d85d8d10efcee4324f532061919716c6cb 10 use_fec_from_device /dev/block/dm-4 fec_roots 2 fec_blocks 190151 fec_start 190151 restart_on_corruption ignore_zero_blocks'
01-06 18:21:39.721     0     0 I         : c6      1 device-mapper: verity: sha256 using implementation "sha256-ce"
01-06 18:21:39.722     0     0 I         : c6      1 init: [libfs_mgr]superblock s_max_mnt_count:65535,/dev/block/dm-7
01-06 18:21:39.723     0     0 I         : c6      1 EXT4-fs (dm-7): mounted filesystem without journal. Opts: barrier=1
01-06 18:21:39.723     0     0 I         : c6      1 init: [libfs_mgr]__mount(source=/dev/block/dm-7,target=/vendor,type=ext4)=0: Success
01-06 18:21:39.724     0     0 I         : c6      1 init: [libfs_avb]Built verity table: '1 /dev/block/dm-2 /dev/block/dm-2 4096 4096 69672 69672 sha256 038fcee0367e92f20d21acc5543f20af1c21ef22183bee44ab97923259ca6488 20531a4c23e67ed87bec0b924722174d08cfef5db53b0ad9f39bf315cb554139 10 use_fec_from_device /dev/block/dm-2 fec_roots 2 fec_blocks 70223 fec_start 70223 restart_on_corruption ignore_zero_blocks'
01-06 18:21:39.724     0     0 I         : c6      1 device-mapper: verity: sha256 using implementation "sha256-ce"
01-06 18:21:39.725     0     0 I         : c6      1 init: [libfs_mgr]superblock s_max_mnt_count:65535,/dev/block/dm-8
01-06 18:21:39.726     0     0 I         : c6      1 EXT4-fs (dm-8): mounted filesystem without journal. Opts: barrier=1
01-06 18:21:39.726     0     0 I         : c6      1 init: [libfs_mgr]__mount(source=/dev/block/dm-8,target=/product,type=ext4)=0: Success
01-06 18:21:39.734     0     0 W         : c7    207 Requested disable of battery power supply
01-06 18:21:39.734     0     0 I         : c7    207 qcom,qpnp-smb5 c440000.qcom,spmi:qcom,pm7250b@2:qcom,qpnp-smb5: Linked as a consumer to regulator.68
01-06 18:21:39.734     0     0 I         : c7    207 qcom,qpnp-smb5 c440000.qcom,spmi:qcom,pm7250b@2:qcom,qpnp-smb5: Linked as a consumer to regulator.74
01-06 18:21:39.736     0     0 I         : c6      1 init: Skipped setting INIT_AVB_VERSION (not in recovery mode)
01-06 18:21:39.745     0     0 I         : c7    207 qcom,qpnp-smb5 c440000.qcom,spmi:qcom,pm7250b@2:qcom,qpnp-smb5: typec_attach_detach_irq_handler lpd_stage=0 lpd_reason=0
01-06 18:21:39.745     0     0 I         : c7    207 qcom,qpnp-smb5 c440000.qcom,spmi:qcom,pm7250b@2:qcom,qpnp-smb5: smblib_lpd_launch_ra_open_work lpd_stage=1 lpd_reason=0
01-06 18:21:39.746     0     0 E         : c7    466 qcom,qpnp-smb5 c440000.qcom,spmi:qcom,pm7250b@2:qcom,qpnp-smb5: Couldn't get POWER_SUPPLY_PROP_VOLTAGE_REGULATION, rc=-22
01-06 18:21:39.746     0     0 E         : c7    466 qcom,qpnp-smb5 c440000.qcom,spmi:qcom,pm7250b@2:qcom,qpnp-smb5: Couldn't get VOLTAGE_MAX, rc=-19
01-06 18:21:39.746     0     0 E         : c7    466 qcom,qpnp-smb5 c440000.qcom,spmi:qcom,pm7250b@2:qcom,qpnp-smb5: Couldn't get POWER_SUPPLY_PROP_VOLTAGE_REGULATION, rc=-22
01-06 18:21:39.747     0     0 E         : c7    468 QCOM-BATT: handle_main_charge_type: Couldn't get batt charge type rc=-11
01-06 18:21:39.747     0     0 E         : c7    468 QCOM-BATT: handle_settled_icl_change: Couldn't get aicl settled value rc=-11
01-06 18:21:39.747     0     0 I         : c7    468 sm7250_bms: MSC_PCS chg_state=102c01030001 [0x1:1:3:4140:0] chg=
01-06 18:21:39.747     0     0 I         : c7    468 sm7250_bms: CHGR_ENG_CHARGING_CFG_REG = 0x04
01-06 18:21:39.751     0     0 E         : c7    207 Couldn't create charger debugfs rc=-19
01-06 18:21:39.751     0     0 I         : c7    207 SMB5 status - usb:present=1 type=4 batt:present = 1 health = 1 charge = 1
01-06 18:21:39.751     0     0 I         : c7    207 QPNP SMB5 probed successfully
01-06 18:21:39.752     0     0 I         : c7    207 QG-K: qg_get_batt_type: eeprom ID=82300172013, len=10, defer_cnt=0
01-06 18:21:39.756     0     0 E         : c7    388 qcom,qpnp-smb5 c440000.qcom,spmi:qcom,pm7250b@2:qcom,qpnp-smb5: Couldn't get POWER_SUPPLY_PROP_VOLTAGE_REGULATION, rc=-22
01-06 18:21:39.756     0     0 E         : c7    388 qcom,qpnp-smb5 c440000.qcom,spmi:qcom,pm7250b@2:qcom,qpnp-smb5: Couldn't get VOLTAGE_MAX, rc=-19
01-06 18:21:39.756     0     0 E         : c7    388 qcom,qpnp-smb5 c440000.qcom,spmi:qcom,pm7250b@2:qcom,qpnp-smb5: Couldn't get POWER_SUPPLY_PROP_VOLTAGE_REGULATION, rc=-22
01-06 18:21:39.757     0     0 E         : c7    464 QCOM-BATT: handle_main_charge_type: Couldn't get batt charge type rc=-11
01-06 18:21:39.757     0     0 E         : c7    464 QCOM-BATT: handle_settled_icl_change: Couldn't get aicl settled value rc=-11
01-06 18:21:39.766     0     0 I         : c7    207 of_batterydata_get_best_profile: 82300172013 found
01-06 18:21:39.766     0     0 I         : c7    207 QG-K: qg_batterydata_init: QG Battery-profile loaded
01-06 18:21:39.770     0     0 I         : c7    207 QG-K: qg_determine_pon_soc: using SHUTDOWN_SOC @ PON ocv_uv=4043300uV soc=68
01-06 18:21:39.771     0     0 I         : c7    207 google_bms: storage registered qg at 1, dupes=0, refs=0
01-06 18:21:39.771     0     0 I         : c7    207 QG-K: qpnp_qg_probe: QG initialized! battery_profile=82300172013 SOC=68 QG_subtype=4 QG_version=QG_PMIC5 QG_mode=QG_V_I
01-06 18:21:39.771     0     0 I         : c7    207 google,overheat_mitigation soc:google,overheat_mitigation: found usbc virtual sensor usbc-virt
01-06 18:21:39.771     0     0 I         : c7    207 google,overheat_mitigation soc:google,overheat_mitigation: found usbc virtual sensor usbc-virt-monitor
01-06 18:21:39.773     0     0 W         : c7    388 NPU_WARN: npu_bridge_mbox_work: 1216 NPU fw is not loaded
01-06 18:21:39.773     0     0 E         : c7    207 minidump-id not found for npu
01-06 18:21:39.773     0     0 I         : c7    207 subsys-pil-tz 9800000.qcom,npu: for npu segments only will be dumped.
01-06 18:21:39.773     0     0 I         : c7    207 subsys-pil-tz 9800000.qcom,npu: for md_npu segments only will be dumped.
01-06 18:21:39.774     0     0 E         : c7    207 i2c_geni 98c000.i2c: i2c error :-107
01-06 18:21:39.774     0     0 E         : c7    207 i2c_geni 98c000.i2c: i2c error :-107
01-06 18:21:39.774     0     0 E         : c7    207 i2c_geni 98c000.i2c: i2c error :-107
01-06 18:21:39.774     0     0 E         : c7    207 i2c_geni 98c000.i2c: i2c error :-107
01-06 18:21:39.774     0     0 E         : c7    207 i2c_geni 98c000.i2c: i2c error :-107
01-06 18:21:39.774     0     0 E         : c7    207 i2c_geni 98c000.i2c: i2c error :-107
01-06 18:21:39.774     0     0 E         : c7    207 i2c_geni 98c000.i2c: i2c error :-107
01-06 18:21:39.774     0     0 E         : c7    207 i2c_geni 98c000.i2c: i2c error :-107
01-06 18:21:39.775     0     0 E         : c7    207 i2c_geni 98c000.i2c: i2c error :-107
01-06 18:21:39.775     0     0 E         : c7    207 i2c_geni 98c000.i2c: i2c error :-107
01-06 18:21:39.775     0     0 I         : c7    207 qpnp-pdphy c440000.qcom,spmi:qcom,pm7250b@2:qcom,usb-pdphy@1700: Linked as a consumer to regulator.15
01-06 18:21:39.775     0     0 I         : c7    207 logbuffer:  id:usbpd registered
01-06 18:21:39.776     0     0 I         : c7    207 qpnp-pdphy c440000.qcom,spmi:qcom,pm7250b@2:qcom,usb-pdphy@1700: Linked as a consumer to regulator.82
01-06 18:21:39.776     0     0 I         : c7    207 qpnp-pdphy c440000.qcom,spmi:qcom,pm7250b@2:qcom,usb-pdphy@1700: Linked as a consumer to regulator.83
01-06 18:21:39.776     0     0 I         : c7    207 qpnp-pdphy c440000.qcom,spmi:qcom,pm7250b@2:qcom,usb-pdphy@1700: Linked as a consumer to regulator.68
01-06 18:21:39.776     0     0 I         : c7    207 logbuffer:  id:tcpm registered
01-06 18:21:39.776     0     0 I         : c7    207 drm_dsi_ctrl ae94000.qcom,mdss_dsi0_ctrl: Linked as a consumer to regulator.7
01-06 18:21:39.776     0     0 I         : c7    207 drm_dsi_ctrl ae94000.qcom,mdss_dsi0_ctrl: Linked as a consumer to regulator.25
01-06 18:21:39.776     0     0 E         : c7    207 AXI: get_pdata(): Error: Client name not found
01-06 18:21:39.776     0     0 E         : c7    207 AXI: msm_bus_cl_get_pdata(): client has to provide missing entry for successful registration
01-06 18:21:39.776     0     0 I         : c7    207 [drm:dsi_ctrl_dev_probe [msm_drm]] [msm-dsi-info]: dsi-ctrl-0: Probe successful
01-06 18:21:39.777     0     0 I         : c7    207 drm_dsi_ctrl ae96000.qcom,mdss_dsi1_ctrl: Linked as a consumer to regulator.7
01-06 18:21:39.777     0     0 I         : c7    207 drm_dsi_ctrl ae96000.qcom,mdss_dsi1_ctrl: Linked as a consumer to regulator.25
01-06 18:21:39.777     0     0 E         : c7    207 AXI: get_pdata(): Error: Client name not found
01-06 18:21:39.777     0     0 E         : c7    207 AXI: msm_bus_cl_get_pdata(): client has to provide missing entry for successful registration
01-06 18:21:39.777     0     0 I         : c7    207 [drm:dsi_ctrl_dev_probe [msm_drm]] [msm-dsi-info]: dsi-ctrl-1: Probe successful
01-06 18:21:39.777     0     0 E         : c7    207 OF: graph: no port node found in /soc/qcom,dsi-display-primary
01-06 18:21:39.777     0     0 I         : c7    207 dsi_panel_bl_parse_dynamic_elvss:603: ELVSS modes list not found
01-06 18:21:39.778     0     0 E         : c7    207 register_client_adhoc:find path.src 1 dest 590
01-06 18:21:39.778     0     0 E         : c7    207 register_client_adhoc:Client handle 42 mdss_reg
01-06 18:21:39.778     0     0 E         : c7    207 register_client_adhoc:find path.src 22 dest 512
01-06 18:21:39.778     0     0 E         : c7    207 register_client_adhoc:find path.src 23 dest 512
01-06 18:21:39.778     0     0 E         : c7    207 register_client_adhoc:Client handle 43 mdss_sde
01-06 18:21:39.778     0     0 I         : c7    207 [drm:sde_dbg_init:4755] evtlog_status: enable:11, panic:1, dump:2
01-06 18:21:39.778     0     0 I         : c7    207 msm_drm ae00000.qcom,mdss_mdp: bound soc:qcom,wb-display@0 (ops msm_notifier_unregister [msm_drm])
01-06 18:21:39.778     0     0 I         : c7    207 msm-dsi-display soc:qcom,dsi-display-primary: Linked as a consumer to regulator.44
01-06 18:21:39.778     0     0 I         : c7    207 msm-dsi-display soc:qcom,dsi-display-primary: Linked as a consumer to regulator.34
01-06 18:21:39.779     0     0 I         : c7    207 msm-dsi-display soc:qcom,dsi-display-primary: Linked as a consumer to regulator.72
01-06 18:21:42.038   603   603 I android.hardware.keymaster@4.1-service.citadel: Keymaster HAL service starting
01-06 18:21:39.779     0     0 I         : c7    207 dsi_backlight_register:1094: LAB regulator found
01-06 18:21:39.779     0     0 E         : c7    464 QCOM-STEPCHG: handle_battery_insertion: Get battery present status failed, rc=-11
01-06 18:21:39.779     0     0 I         : c7    464 sm7250_bms: CHGR_ENG_CHARGING_CFG_REG = 0x04
01-06 18:21:39.779     0     0 I         : c7    207 [drm:dsi_display_bind [msm_drm]] [msm-dsi-info]: Successfully bind display panel 'qcom,mdss_dsi_s6e3hc2_dvt_dsc_1080p_cmd'
01-06 18:21:39.779     0     0 I         : c7    207 msm_drm ae00000.qcom,mdss_mdp: bound soc:qcom,dsi-display-primary (ops msm_notifier_unregister [msm_drm])
01-06 18:21:39.779     0     0 I         : c7    207 msm_drm ae00000.qcom,mdss_mdp: bound af20000.qcom,sde_rscc (ops msm_notifier_unregister [msm_drm])
01-06 18:21:39.779     0     0 I         : c7    207 [drm] mapped mdp address space @000000008b4a4fed
01-06 18:21:39.780     0     0 I         : c7    466 battery type=82300172013
01-06 18:21:39.780     0     0 I         : c7    466 of_batterydata_get_best_profile: 82300172013 found
01-06 18:21:39.780     0     0 I         : c7    207 [drm:_sde_kms_hw_init_blocks:3784] sde hardware revision:0x60010000
01-06 18:21:39.781     0     0 I         : c7    207 [drm:_sde_kms_update_tcsr_glitch_mask:3766] tcsr glitch programmed read_val:4 write_val:4
01-06 18:21:39.781     0     0 I         : c7    207 platform ae00000.qcom,mdss_mdp:qcom,smmu_sde_unsec_cb: Linked as a consumer to 15000000.apps-smmu
01-06 18:21:39.781     0     0 I         : c7    207 iommu: Adding device ae00000.qcom,mdss_mdp:qcom,smmu_sde_unsec_cb to group 35
01-06 18:21:39.782     0     0 I         : c7    207 [drm] probing device qcom,smmu_sde_unsec
01-06 18:21:39.782     0     0 I         : c7    207 [drm] Created domain mdp_ns, secure=0
01-06 18:21:39.782     0     0 I         : c7    207 platform ae00000.qcom,mdss_mdp:qcom,smmu_sde_sec_cb: Linked as a consumer to 15000000.apps-smmu
01-06 18:21:39.782     0     0 I         : c7     70 google,overheat_mitigation soc:google,overheat_mitigation: Update USB port temp:318
01-06 18:21:39.782     0     0 I         : c7     70 google,overheat_mitigation soc:google,overheat_mitigation: USB is connected
01-06 18:21:39.783     0     0 I         : c7    207 iommu: Adding device ae00000.qcom,mdss_mdp:qcom,smmu_sde_sec_cb to group 36
01-06 18:21:39.783     0     0 I         : c7    207 [drm] probing device qcom,smmu_sde_sec
01-06 18:21:39.783     0     0 I         : c7    207 [drm] Created domain mdp_s, secure=1
01-06 18:21:39.783     0     0 I         : c7    207 [drm:dsi_panel_get_mode [msm_drm]] [msm-dsi-info]: default topology: lm: 2 comp_enc:2 intf: 1
01-06 18:21:39.783     0     0 I         : c7    207 [drm:dsi_panel_get_mode [msm_drm]] [msm-dsi-info]: roi alignment: [540, 540, 65, 65, 540, 65]
01-06 18:21:42.038   600   600 D QSEECOMD: : Init dlopen(libGPreqcancel.so, RTLD_NOW) succeeds
01-06 18:21:39.784     0     0 I         : c7    207 [drm:dsi_panel_get_mode [msm_drm]] [msm-dsi-info]: default topology: lm: 2 comp_enc:2 intf: 1
01-06 18:21:42.038   600   600 D QSEECOMD: : Init::Init dlsym(g_FSHandle gp_reqcancel_start) succeeds
01-06 18:21:42.038   600   600 D QSEECOMAPI: QSEECom_register_listener 4352 sb_length = 0x5000
01-06 18:21:39.784     0     0 I         : c7    207 [drm:dsi_panel_get_mode [msm_drm]] [msm-dsi-info]: roi alignment: [540, 540, 65, 65, 540, 65]
01-06 18:21:39.785     0     0 I         : c7    207 [drm] Supports vblank timestamp caching Rev 2 (21.10.2013).
01-06 18:21:39.785     0     0 I         : c7    207 [drm] No driver support for vblank timestamp query.
01-06 18:21:39.785     0     0 I         : c7    207 [drm] Initialized msm_drm 1.3.0 20130625 for ae00000.qcom,mdss_mdp on minor 0
01-06 18:21:39.785     0     0 I         : c7    207 [drm] cont_splash enabled in 1 of 1 display(s)
01-06 18:21:39.786     0     0 I         : c7    207 [drm:dsi_ctrl_isr_configure [msm_drm]] [msm-dsi-info]: dsi-ctrl-0: IRQ 356 registered
01-06 18:21:39.786     0     0 I         : c7    207 msm-usb-ssphy-qmp 88e8000.ssphy: Linked as a consumer to regulator.69
01-06 18:21:39.786     0     0 I         : c7    207 msm-usb-ssphy-qmp 88e8000.ssphy: Linked as a consumer to regulator.25
01-06 18:21:39.786     0     0 I         : c7    207 msm-usb-ssphy-qmp 88e8000.ssphy: No separate ID extcon device
01-06 18:21:39.786     0     0 I         : c7    207 iommu: Adding device a600000.ssusb to group 37
01-06 18:21:39.786     0     0 I         : c7    207 msm-dwc3 a600000.ssusb: Linked as a consumer to regulator.2
01-06 18:21:39.787     0     0 E         : c7    207 dwc3 a600000.dwc3: Failed to get clk 'ref': -2
01-06 18:21:39.787     0     0 I         : c7    207 dwc3 a600000.dwc3: changing max_speed on rev 00000000
01-06 18:21:39.787     0     0 E         : c7    207 register_client_adhoc:find path.src 61 dest 512
01-06 18:21:39.788     0     0 E         : c7    207 register_client_adhoc:find path.src 61 dest 676
01-06 18:21:39.788     0     0 E         : c7    207 register_client_adhoc:find path.src 1 dest 583
01-06 18:21:39.788     0     0 E         : c7    207 register_client_adhoc:Client handle 44 usb0
01-06 18:21:39.788     0     0 I         : c7    207 msm-dwc3 a600000.ssusb: Linked as a consumer to regulator.74
01-06 18:21:39.804     0     0 I         : c7    207 sm7250_bms: CHARGE_DISABLE : disable=0 -> val=1 (0)
01-06 18:21:39.804     0     0 E         : c7    465 google_charger: failed to get POWER_SUPPLY_PROP_PRESENT from 'battery', ret=-11
01-06 18:21:39.806     0     0 E         : c7    465 google_charger: failed to get POWER_SUPPLY_PROP_PRESENT from 'battery', ret=-11
01-06 18:21:39.807     0     0 I         : c7    207 google_charger: WLC overrides FCC
01-06 18:21:39.808     0     0 E         : c7    207 google_charger: failed to get POWER_SUPPLY_PROP_VOLTAGE_NOW from 'battery', ret=-11
01-06 18:21:39.808     0     0 I         : c7    207 google_charger: MSC_THERM_PD active=0 state=0
01-06 18:21:39.809     0     0 E         : c7    207 google_charger: failed to get POWER_SUPPLY_PROP_VOLTAGE_NOW from 'battery', ret=-11
01-06 18:21:39.809     0     0 I         : c7    207 google_charger: MSC_THERM_PD active=0 state=0
01-06 18:21:39.809     0     0 E         : c7    207 google_charger: failed to get POWER_SUPPLY_PROP_DEAD_BATTERY from 'battery', ret=-11
01-06 18:21:39.809     0     0 I         : c7    207 google_charger: dead battery mode
01-06 18:21:39.809     0     0 I         : c7    207 google_charger: google_charger_init_work done
01-06 18:21:39.814     0     0 I         : c6      1 init: Opening SELinux policy
01-06 18:21:39.814     0     0 I         : c6      1 init: Falling back to standard signature check. TODO implementent support for fsverity SEPolicy.
01-06 18:21:39.814     0     0 I         : c6      1 init: Error: Apex SEPolicy failed signature check
01-06 18:21:39.814     0     0 I         : c6      1 init: Loading APEX Sepolicy from /system/etc/selinux/apex/SEPolicy.zip
01-06 18:21:39.814     0     0 E         : c6      1 init: Failed to open package /system/etc/selinux/apex/SEPolicy.zip: No such file or directory
01-06 18:21:39.815     0     0 I         : c6      1 init: /system/etc/selinux/plat_sepolicy_and_mapping.sha256 and /vendor/etc/selinux/precompiled_sepolicy.plat_sepolicy_and_mapping.sha256 differ
01-06 18:21:39.815     0     0 I         : c6      1 init: Compiling SELinux policy
01-06 18:21:39.830     0     0 I         : c7    207 google_battery: AACR: supported
01-06 18:21:39.830     0     0 I         : c7    207 google_battery: Profile constant charge limits:
01-06 18:21:39.830     0     0 I         : c7    207 |T \ V  4200  4300  4390  4410  4430  4450
01-06 18:21:39.830     0     0 I         : c7    207 | 0:10  1200   400     0     0     0     0
01-06 18:21:39.830     0     0 I         : c7    207 |10:20  2000  1200  1200  1200   600   120
01-06 18:21:39.830     0     0 I         : c7    207 |20:42  4000  2800  2040  1200   600   120
01-06 18:21:39.830     0     0 I         : c7    207 |42:46  3200  2000  2000  1200   600   120
01-06 18:21:39.830     0     0 I         : c7    207 |46:48  2000  2000     0     0     0     0
01-06 18:21:39.830     0     0 I         : c7    207 |48:55  1200     0     0     0     0     0
01-06 18:21:39.831     0     0 I         : c7    207 logbuffer:  id:ttf registered
01-06 18:21:39.831     0     0 I         : c7    207 google_battery: RES: req:0, sample:0[0], filt_cnt:0, res_avg:0
01-06 18:21:39.833     0     0 I         : c7    207 google_battery: init_work done
01-06 18:21:39.837     0     0 I         : c7     70 google_charger: MSC_CHG battery present
01-06 18:21:39.837     0     0 I         : c7     70 google_charger: dead battery cleared uptime=1
01-06 18:21:39.839     0     0 I         : c7     70 google_charger: MSC_CHG disable_charging -1 -> 0
01-06 18:21:39.839     0     0 I         : c7     70 sm7250_bms: SAFETY_TIMER_ENABLE : val=1 (0)
01-06 18:21:39.839     0     0 I         : c7     70 google_charger: MSC_CHG disable_pwrsrc -1 -> 0
01-06 18:21:39.839     0     0 I         : c7     70 sm7250_bms: MSC_PCS chg_state=100201030001 [0x1:1:3:4098:0] chg=
01-06 18:21:39.839     0     0 I         : c7     70 google_battery: MSC_DIN chg_state=100201030001 f=0x1 chg_s=Not Charging chg_t=None vchg=4098 icl=0
01-06 18:21:39.839     0     0 I         : c7     70 google_battery: RES: req:1, sample:0[0], filt_cnt:0, res_avg:0
01-06 18:21:39.840     0     0 I         : c7     70 google_battery: MSC_JEITA temp=314 ok, enabling charging
01-06 18:21:39.840     0     0 I         : c7     70 google_battery: MSC_SEED temp=314 vbatt=4098665 temp_idx:-1->2, vbatt_idx:-1->0
01-06 18:21:39.840     0     0 I         : c7     70 google_battery: MSC_VOTE msc_state=1 cv_cnt=3 ov_cnt=0 temp_idx:2, vbatt_idx:0  fv_uv=4200000 cc_max=4000000 update_interval=30000
01-06 18:21:39.840     0     0 I         : c7     70 sm7250_bms: CONSTANT_CHARGE_CURRENT_MAX : ivalue=3900000, val=78 pause=0 (0)
01-06 18:21:39.840     0     0 I         : c7     70 sm7250_bms: CONSTANT_CHARGE_VOLTAGE_MAX : ivalue=4200000, val=60 (0)
01-06 18:21:39.840     0     0 I         : c7     70 google_charger: MSC_CHG fv_uv=-1->4200000 cc_max=-1->4000000 rc=0
01-06 18:21:39.840     0     0 I         : c7     70 google_charger: MSC_CHG fv_uv=4200000, cc_max=4000000, rerun in 2000 ms (0)
01-06 18:21:39.840     0     0 I         : c7     70 google_charger: MSC_CHG power source usb=0 wlc=0, enabling charging
01-06 18:21:39.843     0     0 I         : c7    207 p9221 1-003b: Notifier work: on:0 ben:0 dc:1 np:0 det:0
01-06 18:21:42.040   602   612 D libnos_transport: Calling App 2 with params 0x0017
01-06 18:21:39.843     0     0 E         : c7    207 i2c_geni 98c000.i2c: i2c error :-107
01-06 18:21:42.040   600   600 D QSEECOMD: : Init gp_reqcancel_start ret = 0
01-06 18:21:42.040   600   600 D QSEECOMD: : gp request cancellation services: Started (Listener ID = 4352)
01-06 18:21:42.040   600   600 E QSEECOMD: : Listener: index = 9, hierarchy = 1
01-06 18:21:39.843     0     0 E         : c7    207 p9221 1-003b: p9221_reg_write_n: i2c write error, reg: 0x8d, n: 1 ret: -107 (-19)
01-06 18:21:39.843     0     0 E         : c7    207 p9221 1-003b: cannot write to EPP_NEG_POWER=24 (-19)
01-06 18:21:39.843     0     0 E         : c7    207 i2c_geni 98c000.i2c: i2c error :-107
01-06 18:21:39.843     0     0 E         : c7    207 p9221 1-003b: i2c read error, reg:40, ret:-107 (-19)
01-06 18:21:39.843     0     0 I         : c7    207 p9221 1-003b: dc status is 0
01-06 18:21:39.843     0     0 E         : c7    207 i2c_geni 98c000.i2c: i2c error :-107
01-06 18:21:39.843     0     0 E         : c7    207 p9221 1-003b: i2c read error, reg:42, ret:-107 (-19)
01-06 18:21:39.843     0     0 I         : c7    207 p9221 1-003b: trigger wc changed on:0 in:0
01-06 18:21:39.843     0     0 I         : c7    465 sm7250_bms: MSC_PCS chg_state=100201030001 [0x1:1:3:4098:0] chg=
01-06 18:21:39.843     0     0 I         : c7    465 google_battery: MSC_DIN chg_state=100201030001 f=0x1 chg_s=Not Charging chg_t=None vchg=4098 icl=0
01-06 18:21:39.844     0     0 I         : c7    465 google_battery: MSC_DSG vbatt_idx:0->0 vbatt=4098665 ibatt=846558 fv_uv=4200000 cv_cnt=3 ov_cnt=0
01-06 18:21:39.844     0     0 I         : c7    465 google_battery: MSC_VOTE msc_state=2 cv_cnt=3 ov_cnt=0 temp_idx:2, vbatt_idx:0  fv_uv=4200000 cc_max=4000000 update_interval=30000
01-06 18:21:39.844     0     0 I         : c7    465 google_charger: MSC_CHG fv_uv=4200000, cc_max=4000000, rerun in 2000 ms (0)
01-06 18:21:39.845     0     0 I         : c7    465 sm7250_bms: MSC_PCS chg_state=100201030001 [0x1:1:3:4098:0] chg=
01-06 18:21:39.845     0     0 I         : c7    465 google_battery: MSC_DIN chg_state=100201030001 f=0x1 chg_s=Not Charging chg_t=None vchg=4098 icl=0
01-06 18:21:39.846     0     0 I         : c7    465 google_battery: MSC_DSG vbatt_idx:0->0 vbatt=4098665 ibatt=846558 fv_uv=4200000 cv_cnt=3 ov_cnt=0
01-06 18:21:39.846     0     0 I         : c7    465 google_battery: MSC_VOTE msc_state=2 cv_cnt=3 ov_cnt=0 temp_idx:2, vbatt_idx:0  fv_uv=4200000 cc_max=4000000 update_interval=30000
01-06 18:21:39.846     0     0 I         : c7    465 google_charger: MSC_CHG fv_uv=4200000, cc_max=4000000, rerun in 2000 ms (0)
01-06 18:21:40.043     0     0 I         : c7    465 qcom,qpnp-smb5 c440000.qcom,spmi:qcom,pm7250b@2:qcom,qpnp-smb5: smblib_lpd_ra_open_work lpd_stage=0 lpd_reason=0
01-06 18:21:40.944     0     0 I         : c0    489 qcom,qpnp-smb5 c440000.qcom,spmi:qcom,pm7250b@2:qcom,qpnp-smb5: typec_attach_detach_irq_handler lpd_stage=2 lpd_reason=0
01-06 18:21:40.963     0     0 I         : c1    521 google,overheat_mitigation soc:google,overheat_mitigation: Update USB port temp:318
01-06 18:21:40.966     0     0 I         : c1    522 google_charger: usbchg=USB typec=C usbv=5086 usbc=364 usbMv=5000 usbMc=100
01-06 18:21:40.966     0     0 I         : c1    522 sm7250_bms: MSC_PCS chg_state=64100501030011 [0x11:1:3:4101:100] chg=u
01-06 18:21:40.966     0     0 I         : c1    522 google_battery: MSC_DIN chg_state=64100501030011 f=0x11 chg_s=Not Charging chg_t=None vchg=4101 icl=100
01-06 18:21:42.040   602   612 D libnos_transport: App 2 inspection status=0x00000000 reply_len=0 protocol=1 flags=0x0000
01-06 18:21:40.967     0     0 I         : c1    522 google_battery: MSC_DSG vbatt_idx:0->0 vbatt=4101585 ibatt=628052 fv_uv=4200000 cv_cnt=3 ov_cnt=0
01-06 18:21:42.040   602   612 D libnos_transport: Send app 2 command data (13 bytes)
01-06 18:21:40.967     0     0 I         : c1    522 google_battery: MSC_VOTE msc_state=2 cv_cnt=3 ov_cnt=0 temp_idx:2, vbatt_idx:0  fv_uv=4200000 cc_max=4000000 update_interval=30000
01-06 18:21:40.967     0     0 I         : c1    522 google_charger: MSC_CHG fv_uv=4200000, cc_max=4000000, rerun in 2000 ms (0)
01-06 18:21:40.969     0     0 I         : c1     22 google,overheat_mitigation soc:google,overheat_mitigation: Update USB port temp:318
01-06 18:21:40.984     0     0 I         : c1    522 google_charger: usbchg=USB typec=C usbv=5086 usbc=366 usbMv=5000 usbMc=100
01-06 18:21:40.984     0     0 I         : c1    522 sm7250_bms: MSC_PCS chg_state=64100501030011 [0x11:1:3:4101:100] chg=u
01-06 18:21:40.984     0     0 I         : c1    522 google_battery: MSC_DIN chg_state=64100501030011 f=0x11 chg_s=Not Charging chg_t=None vchg=4101 icl=100
01-06 18:21:40.986     0     0 I         : c1    522 google_battery: MSC_DSG vbatt_idx:0->0 vbatt=4101585 ibatt=628052 fv_uv=4200000 cv_cnt=3 ov_cnt=0
01-06 18:21:40.986     0     0 I         : c1    522 google_battery: MSC_VOTE msc_state=2 cv_cnt=3 ov_cnt=0 temp_idx:2, vbatt_idx:0  fv_uv=4200000 cc_max=4000000 update_interval=30000
01-06 18:21:40.986     0     0 I         : c1    522 google_charger: MSC_CHG fv_uv=4200000, cc_max=4000000, rerun in 2000 ms (0)
01-06 18:21:41.112     0     0 E         : c6      1 init: /system/bin/secilc: linker: Warning: failed to find generated linker configuration from "/linkerconfig/ld.config.txt"
01-06 18:21:41.112     0     0 E         : c6      1 init: /system/bin/secilc: WARNING: linker: Warning: failed to find generated linker configuration from "/linkerconfig/ld.config.txt"
01-06 18:21:41.113     0     0 I         : c6      1 init: Loading SELinux policy
01-06 18:21:41.123     0     0 I         : c6      1 SELinux:  policy capability network_peer_controls=1
01-06 18:21:41.123     0     0 I         : c6      1 SELinux:  policy capability open_perms=1
01-06 18:21:41.123     0     0 I         : c6      1 SELinux:  policy capability extended_socket_class=1
01-06 18:21:41.123     0     0 I         : c6      1 SELinux:  policy capability always_check_network=0
01-06 18:21:41.123     0     0 I         : c6      1 SELinux:  policy capability cgroup_seclabel=0
01-06 18:21:41.123     0     0 I         : c6      1 SELinux:  policy capability nnp_nosuid_transition=1
01-06 18:21:41.145     0     0 E         : c0    370 msm-usb-ssphy-qmp 88e8000.ssphy: USB DP QMP PHY: Update TYPEC CTRL(2)
01-06 18:21:41.147     0     0 I         : c0    370 msm-dwc3 a600000.ssusb: DWC3 exited from low power mode
01-06 18:21:41.156   590   590 W auditd  : type=1403 audit(0.0:2): auid=4294967295 ses=4294967295 lsm=selinux res=1
01-06 18:21:42.041   602   612 D libnos_transport: Send app 2 go command 0x00020017
01-06 18:21:41.165     0     0 I         : c6      1 selinux: SELinux: Loaded file_contexts
01-06 18:21:41.166     0     0 I         : c6      1 selinux:
01-06 18:21:41.163   590   590 W auditd  : type=1404 audit(0.0:3): enforcing=1 old_enforcing=0 auid=4294967295 ses=4294967295 enabled=1 old-enabled=1 lsm=selinux res=1
01-06 18:21:41.175     0     0 I         : c7      1 init: init second stage started!
01-06 18:21:41.191     0     0 I         : c6      1 init: Using Android DT directory /proc/device-tree/firmware/android/
01-06 18:21:41.196     0     0 W         : c6      1 init: Couldn't load property file '/system_dlkm/etc/build.prop': open() failed: No such file or directory: No such file or directory
01-06 18:21:41.196     0     0 W         : c6      1 init: Couldn't load property file '/vendor/default.prop': open() failed: No such file or directory: No such file or directory
01-06 18:21:41.197     0     0 W         : c6      1 init: Overriding previous property 'persist.vendor.sys.modem.diag.mdlog':'false' with new value 'true'
01-06 18:21:41.197     0     0 W         : c6      1 init: Overriding previous property 'persist.vendor.verbose_logging_enabled':'false' with new value 'true'
01-06 18:21:41.197     0     0 W         : c6      1 init: Overriding previous property 'vendor.display.disable_hw_recovery_dump':'1' with new value '0'
01-06 18:21:41.199     0     0 W         : c6      1 init: Couldn't load property file '/odm_dlkm/etc/build.prop': open() failed: No such file or directory: No such file or directory
01-06 18:21:41.200     0     0 W         : c6      1 init: Overriding previous property 'debug.sf.hw':'0' with new value '1'
01-06 18:21:41.200     0     0 W         : c6      1 init: Overriding previous property 'ro.config.notification_sound':'OnTheHunt.ogg' with new value 'pixiedust.ogg'
01-06 18:21:41.200     0     0 W         : c6      1 init: Overriding previous property 'ro.postinstall.fstab.prefix':'/system' with new value '/product'
01-06 18:21:41.201     0     0 I         : c6      1 init: Setting product property ro.product.brand to 'Android' (from ro.product.product.brand)
01-06 18:21:41.201     0     0 I         : c6      1 init: Setting product property ro.product.device to 'redfin' (from ro.product.product.device)
01-06 18:21:41.201     0     0 I         : c6      1 init: Setting product property ro.product.manufacturer to 'Google' (from ro.product.product.manufacturer)
01-06 18:21:41.201     0     0 I         : c6      1 init: Setting product property ro.product.model to 'AOSP on redfin' (from ro.product.product.model)
01-06 18:21:42.041   602   612 D libnos_transport: Polling app 2
01-06 18:21:41.201     0     0 I         : c6      1 init: Setting product property ro.product.name to 'aosp_redfin' (from ro.product.product.name)
01-06 18:21:41.201     0     0 I         : c6      1 init: Setting property 'ro.build.fingerprint' to 'Android/aosp_redfin/redfin:13/TQ2A.230505.002.A1/eng.loko.20240319.112945:user/test-keys'
01-06 18:21:41.201     0     0 I         : c6      1 init: Setting property 'ro.product.cpu.abilist' to 'arm64-v8a,armeabi-v7a,armeabi'
01-06 18:21:41.201     0     0 I         : c6      1 init: Setting property 'ro.product.cpu.abilist32' to 'armeabi-v7a,armeabi'
01-06 18:21:41.201     0     0 I         : c6      1 init: Setting property 'ro.product.cpu.abilist64' to 'arm64-v8a'
01-06 18:21:41.203     0     0 I         : c6      1 selinux: SELinux: Loaded file_contexts
01-06 18:21:41.203     0     0 I         : c6      1 selinux:
01-06 18:21:41.203     0     0 I         : c6      1 init: Running restorecon...
01-06 18:21:41.210     0     0 E         : c6      1 selinux: SELinux: Could not get canonical path for /metadata/ota/rollback-indicator restorecon: No such file or directory.
01-06 18:21:41.210     0     0 E         : c6      1 selinux:
01-06 18:21:41.210     0     0 E         : c6      1 selinux: SELinux:  Could not stat /metadata/gsi: No such file or directory.
01-06 18:21:41.210     0     0 E         : c6      1 selinux:
01-06 18:21:41.210     0     0 I         : c6      1 init: Created socket '/dev/socket/property_service', mode 666, user 0, group 0
01-06 18:21:41.212     0     0 I         : c7      1 init: SetupMountNamespaces done
01-06 18:21:41.212     0     0 I         : c7      1 init: Forked subcontext for 'u:r:vendor_init:s0' with pid 526
01-06 18:21:41.214     0     0 I         : c6      1 init: Parsing file /system/etc/init/hw/init.rc...
01-06 18:21:41.215     0     0 I         : c6      1 init: Added '/init.environ.rc' to import list
01-06 18:21:41.215     0     0 I         : c6      1 init: Added '/system/etc/init/hw/init.usb.rc' to import list
01-06 18:21:41.215     0     0 I         : c6      1 init: Added '/init.redfin.rc' to import list
01-06 18:21:41.215     0     0 I         : c6      1 init: Added '/vendor/etc/init/hw/init.redfin.rc' to import list
01-06 18:21:41.215     0     0 I         : c6      1 init: Added '/system/etc/init/hw/init.usb.configfs.rc' to import list
01-06 18:21:41.215     0     0 I         : c6      1 init: Added '/system/etc/init/hw/init.zygote64_32.rc' to import list
01-06 18:21:41.216     0     0 I         : c6      1 init: Parsing file /init.environ.rc...
01-06 18:21:41.217     0     0 I         : c6      1 init: Parsing file /system/etc/init/hw/init.usb.rc...
01-06 18:21:41.217     0     0 I         : c6      1 init: Parsing file /init.redfin.rc...
01-06 18:21:41.217     0     0 I         : c6      1 init: Unable to read config file '/init.redfin.rc': open() failed: No such file or directory
01-06 18:21:41.218     0     0 I         : c6      1 init: Parsing file /vendor/etc/init/hw/init.redfin.rc...
01-06 18:21:41.218     0     0 I         : c6      1 init: Added '/vendor/etc/init/hw/init.sm7250.rc' to import list
01-06 18:21:41.218     0     0 I         : c6      1 init: Parsing file /vendor/etc/init/hw/init.sm7250.rc...
01-06 18:21:41.219     0     0 I         : c6      1 init: Added '/vendor/etc/init/hw/init.sm7250.usb.rc' to import list
01-06 18:21:41.219     0     0 I         : c6      1 init: Added '/vendor/etc/init/hw/init.sm7250.diag.rc' to import list
01-06 18:21:41.219     0     0 I         : c6      1 init: Added '/vendor/etc/init/hw/init.sm7250.logging.rc' to import list
01-06 18:21:41.219     0     0 I         : c6      1 init: Added '/vendor/etc/init/hw/init.sm7250.mpssrfs.rc' to import list
01-06 18:21:41.219     0     0 I         : c6      1 init: Added '/vendor/etc/init/hw/init.sm7250.power.rc' to import list
01-06 18:21:41.220     0     0 I         : c6      1 init: Parsing file /vendor/etc/init/hw/init.sm7250.usb.rc...
01-06 18:21:41.220     0     0 I         : c6      1 init: Parsing file /vendor/etc/init/hw/init.sm7250.diag.rc...
01-06 18:21:41.220     0     0 I         : c6      1 init: Parsing file /vendor/etc/init/hw/init.sm7250.logging.rc...
01-06 18:21:41.220     0     0 I         : c6      1 init: Parsing file /vendor/etc/init/hw/init.sm7250.mpssrfs.rc...
01-06 18:21:41.221     0     0 I         : c6      1 init: Parsing file /vendor/etc/init/hw/init.sm7250.power.rc...
01-06 18:21:41.221     0     0 I         : c6      1 init: Parsing file /system/etc/init/hw/init.usb.configfs.rc...
01-06 18:21:41.221     0     0 I         : c6      1 init: Parsing file /system/etc/init/hw/init.zygote64_32.rc...
01-06 18:21:41.221     0     0 I         : c6      1 init: Parsing directory /system/etc/init...
01-06 18:21:41.222     0     0 I         : c6      1 init: Parsing file /system/etc/init/android.hidl.allocator@1.0-service.rc...
01-06 18:21:41.222     0     0 I         : c6      1 init: Parsing file /system/etc/init/android.system.suspend@1.0-service.rc...
01-06 18:21:41.222     0     0 I         : c6      1 init: Parsing file /system/etc/init/apexd.rc...
01-06 18:21:41.222     0     0 I         : c6      1 init: Parsing file /system/etc/init/atrace.rc...
01-06 18:21:41.223     0     0 I         : c6      1 init: Parsing file /system/etc/init/audioserver.rc...
01-06 18:21:41.223     0     0 I         : c6      1 init: Parsing file /system/etc/init/blank_screen.rc...
01-06 18:21:41.223     0     0 I         : c6      1 init: Parsing file /system/etc/init/bootanim.rc...
01-06 18:21:41.223     0     0 I         : c6      1 init: Parsing file /system/etc/init/bootstat.rc...
01-06 18:21:41.224     0     0 I         : c6      1 init: Parsing file /system/etc/init/bpfloader.rc...
01-06 18:21:41.224     0     0 I         : c6      1 init: Parsing file /system/etc/init/cameraserver.rc...
01-06 18:21:41.224     0     0 I         : c6      1 init: Parsing file /system/etc/init/cppreopts.rc...
01-06 18:21:41.224     0     0 I         : c6      1 init: Parsing file /system/etc/init/credstore.rc...
01-06 18:21:41.224     0     0 I         : c6      1 init: Parsing file /system/etc/init/dmesgd.rc...
01-06 18:21:41.225     0     0 I         : c6      1 init: Parsing file /system/etc/init/drmserver.rc...
01-06 18:21:41.225     0     0 I         : c6      1 init: Parsing file /system/etc/init/dumpstate.rc...
01-06 18:21:41.225     0     0 I         : c6      1 init: Parsing file /system/etc/init/flags_health_check.rc...
01-06 18:21:41.225     0     0 I         : c6      1 init: Parsing file /system/etc/init/gatekeeperd.rc...
01-06 18:21:41.225     0     0 I         : c6      1 init: Parsing file /system/etc/init/gpuservice.rc...
01-06 18:21:41.225     0     0 I         : c6      1 init: Parsing file /system/etc/init/gsid.rc...
01-06 18:21:41.226     0     0 I         : c6      1 init: Parsing file /system/etc/init/heapprofd.rc...
01-06 18:21:41.226     0     0 I         : c6      1 init: Parsing file /system/etc/init/hwservicemanager.rc...
01-06 18:21:41.226     0     0 I         : c6      1 init: Parsing file /system/etc/init/idmap2d.rc...
01-06 18:21:41.226     0     0 I         : c6      1 init: Parsing file /system/etc/init/incidentd.rc...
01-06 18:21:41.226     0     0 I         : c6      1 init: Parsing file /system/etc/init/installd.rc...
01-06 18:21:41.227     0     0 I         : c6      1 init: Parsing file /system/etc/init/keystore2.rc...
01-06 18:21:41.227     0     0 I         : c6      1 init: Parsing file /system/etc/init/llkd.rc...
01-06 18:21:41.227     0     0 I         : c6      1 init: Parsing file /system/etc/init/lmkd.rc...
01-06 18:21:41.227     0     0 I         : c6      1 init: Parsing file /system/etc/init/logd.rc...
01-06 18:21:41.227     0     0 I         : c6      1 init: Parsing file /system/etc/init/lpdumpd.rc...
01-06 18:21:41.228     0     0 I         : c6      1 init: Parsing file /system/etc/init/mdnsd.rc...
01-06 18:21:41.228     0     0 I         : c6      1 init: Parsing file /system/etc/init/mediaextractor.rc...
01-06 18:21:41.228     0     0 I         : c6      1 init: Parsing file /system/etc/init/mediametrics.rc...
01-06 18:21:42.042   600   600 D QSEECOMD: : Init dlopen(libops.so, RTLD_NOW) succeeds
01-06 18:21:41.228     0     0 I         : c6      1 init: Parsing file /system/etc/init/mediaserver.rc...
01-06 18:21:42.042   600   600 D QSEECOMD: : Init::Init dlsym(g_FSHandle ops_start) succeeds
01-06 18:21:42.042   600   600 D OPS_SERVICE: Entering ops_start!
01-06 18:21:42.042   600   600 D QSEECOMAPI: QSEECom_register_listener 49152 sb_length = 0x6400
01-06 18:21:41.228     0     0 I         : c6      1 init: Parsing file /system/etc/init/mtpd.rc...
01-06 18:21:41.228     0     0 I         : c6      1 init: Parsing file /system/etc/init/netd.rc...
01-06 18:21:41.229     0     0 I         : c6      1 init: Parsing file /system/etc/init/odsign.rc...
01-06 18:21:41.229     0     0 I         : c6      1 init: Parsing file /system/etc/init/otapreopt.rc...
01-06 18:21:41.229     0     0 I         : c6      1 init: Parsing file /system/etc/init/perfetto.rc...
01-06 18:21:41.229     0     0 I         : c6      1 init: Parsing file /system/etc/init/prng_seeder.rc...
01-06 18:21:41.229     0     0 I         : c6      1 init: Parsing file /system/etc/init/racoon.rc...
01-06 18:21:41.230     0     0 I         : c6      1 init: Parsing file /system/etc/init/recovery-persist.rc...
01-06 18:21:41.230     0     0 I         : c6      1 init: Parsing file /system/etc/init/recovery-refresh.rc...
01-06 18:21:41.230     0     0 I         : c6      1 init: Parsing file /system/etc/init/rss_hwm_reset.rc...
01-06 18:21:41.230     0     0 I         : c6      1 init: Parsing file /system/etc/init/servicemanager.rc...
01-06 18:21:41.230     0     0 I         : c6      1 init: Parsing file /system/etc/init/simpleperf.rc...
01-06 18:21:41.230     0     0 I         : c6      1 init: Parsing file /system/etc/init/snapuserd.rc...
01-06 18:21:41.231     0     0 I         : c6      1 init: Parsing file /system/etc/init/storaged.rc...
01-06 18:21:41.231     0     0 I         : c6      1 init: Parsing file /system/etc/init/surfaceflinger.rc...
01-06 18:21:41.231     0     0 I         : c6      1 init: Parsing file /system/etc/init/tombstoned.rc...
01-06 18:21:41.231     0     0 I         : c6      1 init: Parsing file /system/etc/init/traced_perf.rc...
01-06 18:21:41.231     0     0 I         : c6      1 init: Parsing file /system/etc/init/uncrypt.rc...
01-06 18:21:41.232     0     0 I         : c6      1 init: Parsing file /system/etc/init/update_engine.rc...
01-06 18:21:41.232     0     0 I         : c6      1 init: Parsing file /system/etc/init/update_verifier.rc...
01-06 18:21:41.232     0     0 I         : c6      1 init: Parsing file /system/etc/init/usbd.rc...
01-06 18:21:41.232     0     0 I         : c6      1 init: Parsing file /system/etc/init/vold.rc...
01-06 18:21:41.232     0     0 I         : c6      1 init: Parsing file /system/etc/init/wifi.rc...
01-06 18:21:41.233     0     0 I         : c6      1 init: Parsing file /system/etc/init/wificond.rc...
01-06 18:21:41.233     0     0 I         : c6      1 init: Parsing file /system_ext/etc/init...
01-06 18:21:41.233     0     0 I         : c6      1 init: Unable to read config file '/system_ext/etc/init': open() failed: No such file or directory
01-06 18:21:41.233     0     0 I         : c6      1 init: Parsing directory /vendor/etc/init...
01-06 18:21:41.233     0     0 I         : c6      1 init: Parsing file /vendor/etc/init/android.hardware.atrace@1.0-service.pixel.rc...
01-06 18:21:41.233     0     0 I         : c6      1 init: Parsing file /vendor/etc/init/android.hardware.audio.service.rc...
01-06 18:21:41.233     0     0 I         : c6      1 init: Parsing file /vendor/etc/init/android.hardware.biometrics.fingerprint@2.2-service.fpc.rc...
01-06 18:21:41.233     0     0 I         : c6      1 init: Parsing file /vendor/etc/init/android.hardware.bluetooth@1.0-service-qti.rc...
01-06 18:21:41.234     0     0 W         : c6      1 init: 'writepid /dev/stune/foreground/tasks' is converted into 'task_profiles HighPerformance' for service vendor.bluetooth-1-0
01-06 18:21:41.234     0     0 I         : c6      1 init: Parsing file /vendor/etc/init/android.hardware.boot@1.2-service.rc...
01-06 18:21:41.234     0     0 I         : c6      1 init: Parsing file /vendor/etc/init/android.hardware.camera.provider@2.7-service-google.rc...
01-06 18:21:41.234     0     0 I         : c6      1 init: Parsing file /vendor/etc/init/android.hardware.cas@1.2-service.rc...
01-06 18:21:41.234     0     0 I         : c6      1 init: Parsing file /vendor/etc/init/android.hardware.confirmationui@1.0-service-google.rc...
01-06 18:21:41.234     0     0 I         : c6      1 init: Parsing file /vendor/etc/init/android.hardware.contexthub-service.generic.rc...
01-06 18:21:41.235     0     0 I         : c6      1 init: Parsing file /vendor/etc/init/android.hardware.drm-service.clearkey.rc...
01-06 18:21:41.235     0     0 I         : c6      1 init: Parsing file /vendor/etc/init/android.hardware.drm-service.widevine.rc...
01-06 18:21:41.235     0     0 W         : c6      1 init: 'writepid /dev/cpuset/foreground/tasks' is converted into 'task_profiles ProcessCapacityHigh' for service vendor.drm-widevine-hal
01-06 18:21:42.043   592   617 W libc    : Unable to set property "ctl.interface_start" to "aidl/android.frameworks.stats.IStats/default": error code: 0x20
01-06 18:21:41.235     0     0 I         : c6      1 init: Parsing file /vendor/etc/init/android.hardware.dumpstate@1.1-service.redfin.rc...
01-06 18:21:42.043   592   617 I servicemanager: Tried to start aidl service android.frameworks.stats.IStats/default as a lazy service, but was unable to. Usually this happens when a service is not installed, but if the service is intended to be used as a lazy service, then it may be configured incorrectly.
01-06 18:21:41.235     0     0 I         : c6      1 init: Parsing file /vendor/etc/init/android.hardware.gatekeeper@1.0-service-qti.rc...
01-06 18:21:41.235     0     0 I         : c6      1 init: Parsing file /vendor/etc/init/android.hardware.gnss@2.1-service-qti.rc...
01-06 18:21:41.235     0     0 I         : c6      1 init: Parsing file /vendor/etc/init/android.hardware.health.storage@1.0-service.rc...
01-06 18:21:41.236     0     0 I         : c6      1 init: Parsing file /vendor/etc/init/android.hardware.health@2.1-service.rc...
01-06 18:21:41.236     0     0 I         : c6      1 init: Parsing file /vendor/etc/init/android.hardware.identity@1.0-service.citadel.rc...
01-06 18:21:41.236     0     0 I         : c6      1 init: Parsing file /vendor/etc/init/android.hardware.input.processor-service.rc...
01-06 18:21:41.236     0     0 I         : c6      1 init: Parsing file /vendor/etc/init/android.hardware.keymaster@4.0-service-qti.rc...
01-06 18:21:41.236     0     0 I         : c6      1 init: Parsing file /vendor/etc/init/android.hardware.keymaster@4.1-service.citadel.rc...
01-06 18:21:41.236     0     0 I         : c6      1 init: Parsing file /vendor/etc/init/android.hardware.media.omx@1.0-service.rc...
01-06 18:21:41.237     0     0 I         : c6      1 init: Parsing file /vendor/etc/init/android.hardware.memtrack@1.0-service.rc...
01-06 18:21:41.237     0     0 I         : c6      1 init: Parsing file /vendor/etc/init/android.hardware.neuralnetworks@1.3-service-qti.rc...
