01-06 18:21:41.237     0     0 W         : c6      1 init: 'writepid /dev/stune/nnapi-hal/tasks' is converted into 'task_profiles NNApiHALPerformance' for service neuralnetworks_hal_service
01-06 18:21:41.237     0     0 I         : c6      1 init: Parsing file /vendor/etc/init/android.hardware.power-service.pixel-libperfmgr.rc...
01-06 18:21:41.237     0     0 I         : c6      1 init: Parsing file /vendor/etc/init/android.hardware.power.stats@1.0-service.pixel.rc...
01-06 18:21:41.237     0     0 I         : c6      1 init: Parsing file /vendor/etc/init/android.hardware.secure_element@1.2-service.st.rc...
01-06 18:21:42.043   600   600 D OPS_SERVICE: registering ops service to QSEECom is done!
01-06 18:21:42.044   600   600 D OPS_SERVICE: begin to create a thread!
01-06 18:21:41.238     0     0 I         : c6      1 init: Parsing file /vendor/etc/init/android.hardware.sensors@2.0-service-multihal.rc...
01-06 18:21:42.044   600   600 D OPS_SERVICE: Creating a pthread in ops_start is done! return 0
01-06 18:21:42.044   600   600 D QSEECOMD: : Init ops_start ret = 0
01-06 18:21:42.044   600   600 D QSEECOMD: : output protection service listener: Started (Listener ID = 49152)
01-06 18:21:41.238     0     0 I         : c6      1 init: Parsing file /vendor/etc/init/android.hardware.thermal@2.0-service.pixel.rc...
01-06 18:21:42.044   600   621 D OPS_SERVICE: OPS_SERVICE Dispatch starts! 
01-06 18:21:41.238     0     0 I         : c6      1 init: Parsing file /vendor/etc/init/android.hardware.usb-service.rc...
01-06 18:21:42.044   600   621 D OPS_SERVICE: before calling ioctl to read the next ops_cmd
01-06 18:21:42.044   600   600 D QSEECOMD: : QSEECOM DAEMON RUNNING 
01-06 18:21:41.238     0     0 I         : c6      1 init: Parsing file /vendor/etc/init/android.hardware.usb.gadget-service.redfin.rc...
01-06 18:21:41.238     0     0 I         : c6      1 init: Parsing file /vendor/etc/init/android.hardware.vibrator-service.redfin.rc...
01-06 18:21:41.238     0     0 I         : c6      1 init: Parsing file /vendor/etc/init/android.hardware.weaver@1.0-service.citadel.rc...
01-06 18:21:41.239     0     0 I         : c6      1 init: Parsing file /vendor/etc/init/android.hardware.wifi.supplicant-service.rc...
01-06 18:21:41.239     0     0 I         : c6      1 init: Parsing file /vendor/etc/init/boringssl_self_test.rc...
01-06 18:21:41.239     0     0 I         : c6      1 init: Parsing file /vendor/etc/init/chre_daemon.rc...
01-06 18:21:41.239     0     0 I         : c6      1 init: Parsing file /vendor/etc/init/citadeld.rc...
01-06 18:21:41.239     0     0 I         : c6      1 init: Parsing file /vendor/etc/init/cnd-generic.rc...
01-06 18:21:41.240     0     0 I         : c6      1 init: Parsing file /vendor/etc/init/cnss-daemon.rc...
01-06 18:21:41.240     0     0 I         : c6      1 init: Parsing file /vendor/etc/init/dataadpl.rc...
01-06 18:21:41.240     0     0 I         : c6      1 init: Parsing file /vendor/etc/init/dataqti.rc...
01-06 18:21:41.240     0     0 I         : c6      1 init: Parsing file /vendor/etc/init/feature_enabler_client.rc...
01-06 18:21:41.240     0     0 I         : c6      1 init: Parsing file /vendor/etc/init/hostapd.android.rc...
01-06 18:21:41.240     0     0 I         : c6      1 init: Parsing file /vendor/etc/init/ims_rtp_daemon.rc...
01-06 18:21:41.241     0     0 I         : c6      1 init: Parsing file /vendor/etc/init/imsdatadaemon.rc...
01-06 18:21:41.241     0     0 I         : c6      1 init: Parsing file /vendor/etc/init/imsqmidaemon.rc...
01-06 18:21:41.241     0     0 I         : c6      1 init: Parsing file /vendor/etc/init/imsrcsd.rc...
01-06 18:21:41.241     0     0 I         : c6      1 init: Parsing file /vendor/etc/init/init-ramdump.rc...
01-06 18:21:41.241     0     0 W         : c6      1 init: 'writepid /dev/blkio/background/tasks' is converted into 'task_profiles LowIoPriority' for service vendor.ramdump_auto
01-06 18:21:41.241     0     0 I         : c6      1 init: Parsing file /vendor/etc/init/init-ramoops.rc...
01-06 18:21:41.241     0     0 I         : c6      1 init: Parsing file /vendor/etc/init/init.pixel.rc...
01-06 18:21:41.242     0     0 I         : c6      1 init: Parsing file /vendor/etc/init/init.sm7250.ipa.rc...
01-06 18:21:41.242     0     0 I         : c6      1 init: Parsing file /vendor/etc/init/init.sm7250.wlc.rc...
01-06 18:21:41.242     0     0 I         : c6      1 init: Parsing file /vendor/etc/init/init.time_daemon.rc...
01-06 18:21:41.242     0     0 I         : c6      1 init: Parsing file /vendor/etc/init/init.vendor.sensors.rc...
01-06 18:21:41.242     0     0 I         : c6      1 init: Parsing file /vendor/etc/init/init.wifi_perf_diag.rc...
01-06 18:21:41.243     0     0 I         : c6      1 init: Parsing file /vendor/etc/init/init.wifi_sniffer.rc...
01-06 18:21:41.243     0     0 I         : c6      1 init: Parsing file /vendor/etc/init/init_citadel.rc...
01-06 18:21:41.243     0     0 I         : c6      1 init: Parsing file /vendor/etc/init/init_dp.rc...
01-06 18:21:41.243     0     0 I         : c6      1 init: Parsing file /vendor/etc/init/ipacm.rc...
01-06 18:21:41.243     0     0 I         : c6      1 init: Parsing file /vendor/etc/init/netmgrd.rc...
01-06 18:21:41.244     0     0 I         : c6      1 init: Parsing file /vendor/etc/init/nfc-service-default.rc...
01-06 18:21:41.244     0     0 I         : c6      1 init: Parsing file /vendor/etc/init/pixel-mm-logd.rc...
01-06 18:21:41.244     0     0 I         : c6      1 init: Parsing file /vendor/etc/init/pixel-mm.rc...
01-06 18:21:41.244     0     0 I         : c6      1 init: Parsing file /vendor/etc/init/pixel-thermal-logd.rc...
01-06 18:21:41.244     0     0 I         : c6      1 init: Parsing file /vendor/etc/init/pixel-thermal-symlinks.rc...
01-06 18:21:41.245     0     0 I         : c6      1 init: Parsing file /vendor/etc/init/pixelstats-vendor.redbull.rc...
01-06 18:21:41.245     0     0 I         : c6      1 init: Parsing file /vendor/etc/init/port-bridge.rc...
01-06 18:21:41.245     0     0 I         : c6      1 init: Parsing file /vendor/etc/init/qcrild.rc...
01-06 18:21:41.245     0     0 I         : c6      1 init: Parsing file /vendor/etc/init/rebootescrow-citadel.rc...
01-06 18:21:41.245     0     0 I         : c6      1 init: Parsing file /vendor/etc/init/rlsservice.rc...
01-06 18:21:41.245     0     0 W         : c6      1 init: 'writepid /dev/cpuset/system-background/tasks' is converted into 'task_profiles ServiceCapacityLow' for service rlsservice
01-06 18:21:41.245     0     0 I         : c6      1 init: Parsing file /vendor/etc/init/shsusrd.rc...
01-06 18:21:41.246     0     0 I         : c6      1 init: Parsing file /vendor/etc/init/ssgtzd.rc...
01-06 18:21:41.246     0     0 E         : c6      1 init: /vendor/etc/init/ssgtzd.rc: 15: ignored duplicate definition of service 'vendor.ssgtzd'
01-06 18:21:41.246     0     0 I         : c6      1 init: Parsing file /vendor/etc/init/twoshay.rc...
01-06 18:21:41.246     0     0 I         : c6      1 init: Parsing file /vendor/etc/init/vendor.display.color@1.0-service.rc...
01-06 18:21:41.246     0     0 I         : c6      1 init: Parsing file /vendor/etc/init/vendor.google.wifi_ext@1.0-service.rc...
01-06 18:21:41.246     0     0 I         : c6      1 init: Parsing file /vendor/etc/init/vendor.qti.adsprpc-service.rc...
01-06 18:21:41.247     0     0 E         : c6      1 init: /vendor/etc/init/vendor.qti.adsprpc-service.rc: 34: ignored duplicate definition of service 'vendor.adsprpcd'
01-06 18:21:41.247     0     0 E         : c6      1 init: /vendor/etc/init/vendor.qti.adsprpc-service.rc: 39: ignored duplicate definition of service 'vendor.adsprpcd_audiopd'
01-06 18:21:41.247     0     0 I         : c6      1 init: Parsing file /vendor/etc/init/vendor.qti.cdsprpc-service.rc...
01-06 18:21:41.247     0     0 E         : c6      1 init: /vendor/etc/init/vendor.qti.cdsprpc-service.rc: 34: ignored duplicate definition of service 'vendor.cdsprpcd'
01-06 18:21:41.247     0     0 I         : c6      1 init: Parsing file /vendor/etc/init/vendor.qti.hardware.charger_monitor@1.0-service.rc...
01-06 18:21:41.247     0     0 I         : c6      1 init: Parsing file /vendor/etc/init/vendor.qti.hardware.cryptfshw@1.0-service-qti.rc...
01-06 18:21:41.247     0     0 I         : c6      1 init: Parsing file /vendor/etc/init/vendor.qti.hardware.display.allocator-service.rc...
01-06 18:21:41.247     0     0 I         : c6      1 init: Parsing file /vendor/etc/init/vendor.qti.hardware.display.composer-service.rc...
01-06 18:21:41.247     0     0 I         : c6      1 init: Parsing file /vendor/etc/init/vendor.qti.hardware.dsp@1.0-service.rc...
01-06 18:21:41.248     0     0 I         : c6      1 init: Parsing file /vendor/etc/init/vendor.qti.hardware.qseecom@1.0-service.rc...
01-06 18:21:41.248     0     0 I         : c6      1 init: Parsing file /vendor/etc/init/vendor.qti.hardware.qteeconnector@1.0-service.rc...
01-06 18:21:41.248     0     0 I         : c6      1 init: Parsing file /vendor/etc/init/vendor.qti.hardware.tui_comm@1.0-service-qti.rc...
01-06 18:21:41.248     0     0 I         : c6      1 init: Parsing file /vendor/etc/init/vendor.qti.media.c2@1.0-service.rc...
01-06 18:21:41.248     0     0 W         : c6      1 init: 'writepid /dev/cpuset/foreground/tasks' is converted into 'task_profiles ProcessCapacityHigh' for service vendor-qti-media-c2-hal-1-0
01-06 18:21:41.248     0     0 I         : c6      1 init: Parsing file /vendor/etc/init/vendor.qti.qspmhal@1.0-service.rc...
01-06 18:21:41.248     0     0 I         : c6      1 init: Parsing file /vendor/etc/init/vendor.qti.rmt_storage.rc...
01-06 18:21:41.249     0     0 I         : c6      1 init: Parsing file /vendor/etc/init/vendor.qti.tftp.rc...
01-06 18:21:41.249     0     0 I         : c6      1 init: Parsing file /vendor/etc/init/vendor.sensors.qti.rc...
01-06 18:21:41.249     0     0 I         : c6      1 init: Parsing file /vendor/etc/init/vendor.sensors.sscrpcd.rc...
01-06 18:21:41.249     0     0 I         : c6      1 init: Parsing file /vendor/etc/init/vndservicemanager.rc...
01-06 18:21:41.249     0     0 I         : c6      1 init: Parsing file /odm/etc/init...
01-06 18:21:41.249     0     0 I         : c6      1 init: Unable to read config file '/odm/etc/init': open() failed: No such file or directory
01-06 18:21:41.249     0     0 I         : c6      1 init: Parsing file /product/etc/init...
01-06 18:21:41.249     0     0 I         : c6      1 init: Unable to read config file '/product/etc/init': open() failed: No such file or directory
01-06 18:21:41.250     0     0 I         : c7      1 init: processing action (SetupCgroups) from (<Builtin Action>:0)
01-06 18:21:41.251     0     0 E         : c7      1 cgroup: cgroup2: unknown option "memory_recursiveprot"
01-06 18:21:41.251     0     0 I         : c7      1 libprocessgroup: Mounting memcg with memory_recursiveprot failed. Retrying without.
01-06 18:21:41.255     0     0 I         : c7      1 init: processing action (SetKptrRestrict) from (<Builtin Action>:0)
01-06 18:21:41.255     0     0 I         : c7      1 init: processing action (TestPerfEventSelinux) from (<Builtin Action>:0)
01-06 18:21:41.256     0     0 I         : c7      1 init: processing action (ConnectEarlyStageSnapuserd) from (<Builtin Action>:0)
01-06 18:21:41.256     0     0 I         : c7      1 init: processing action (early-init) from (/system/etc/init/hw/init.rc:15)
01-06 18:21:41.257     0     0 I         : c7      1 init: Command 'mkdir /acct/uid' action=early-init (/system/etc/init/hw/init.rc:30) took 0ms and failed: mkdir() failed on /acct/uid: Read-only file system
01-06 18:21:41.258     0     0 I         : c7      1 init: starting service 'exec 1 (/system/bin/bootstrap/linkerconfig --target /linkerconfig/bootstrap)'...
01-06 18:21:41.260     0     0 I         : c7      1 init: SVC_EXEC service 'exec 1 (/system/bin/bootstrap/linkerconfig --target /linkerconfig/bootstrap)' pid 527 (uid 0 gid 0+0 context default) started; waiting...
01-06 18:21:41.267     0     0 E         : c6    527 linkerconfig: Unable to access VNDK APEX at path: /apex/com.android.vndk.v33: No such file or directory
01-06 18:21:41.267     0     0 E         : c6    527 linkerconfig: Unable to access VNDK APEX at path: /apex/com.android.vndk.v33: No such file or directory
01-06 18:21:41.268     0     0 I         : c7      1 init: Service 'exec 1 (/system/bin/bootstrap/linkerconfig --target /linkerconfig/bootstrap)' (pid 527) exited with status 0 waiting took 0.009000 seconds
01-06 18:21:41.268     0     0 I         : c7      1 init: Sending signal 9 to service 'exec 1 (/system/bin/bootstrap/linkerconfig --target /linkerconfig/bootstrap)' (pid 527) process group...
01-06 18:21:41.268     0     0 I         : c7      1 libprocessgroup: Successfully killed process cgroup uid 0 pid 527 in 0ms
01-06 18:21:41.269     0     0 I         : c7      1 init: starting service 'ueventd'...
01-06 18:21:41.270     0     0 I         : c7      1 init: starting service 'apexd-bootstrap'...
01-06 18:21:41.271     0     0 I         : c7      1 init: SVC_EXEC service 'apexd-bootstrap' pid 529 (uid 0 gid 1000+0 context default) started; waiting...
01-06 18:21:41.275     0     0 I         : c6    528 ueventd: ueventd started!
01-06 18:21:41.277     0     0 I         : c6    528 selinux: SELinux: Loaded file_contexts
01-06 18:21:41.277     0     0 I         : c6    528 selinux:
01-06 18:21:41.277     0     0 I         : c6    528 ueventd: Parsing file /system/etc/ueventd.rc...
01-06 18:21:41.277     0     0 I         : c6    528 ueventd: Added '/vendor/etc/ueventd.rc' to import list
01-06 18:21:41.277     0     0 I         : c6    528 ueventd: Added '/odm/etc/ueventd.rc' to import list
01-06 18:21:41.277     0     0 I         : c6    528 ueventd: Parsing file /vendor/etc/ueventd.rc...
01-06 18:21:41.277     0     0 I         : c6    528 ueventd: Unable to read config file '/vendor/etc/ueventd.rc': open() failed: No such file or directory
01-06 18:21:41.277     0     0 I         : c6    528 ueventd: Parsing file /odm/etc/ueventd.rc...
01-06 18:21:41.277     0     0 I         : c6    528 ueventd: Unable to read config file '/odm/etc/ueventd.rc': open() failed: No such file or directory
01-06 18:21:41.277     0     0 I         : c6    528 ueventd: Parsing file /vendor/ueventd.rc...
01-06 18:21:41.278     0     0 I         : c6    528 ueventd: Parsing file /odm/ueventd.rc...
01-06 18:21:41.278     0     0 I         : c6    528 ueventd: Unable to read config file '/odm/ueventd.rc': open() failed: No such file or directory
01-06 18:21:41.278     0     0 I         : c6    528 ueventd: Parsing file /ueventd.redfin.rc...
01-06 18:21:41.278     0     0 I         : c6    528 ueventd: Unable to read config file '/ueventd.redfin.rc': open() failed: No such file or directory
01-06 18:21:41.314     0     0 I         : c4    529 apexd: Bootstrap subcommand detected
01-06 18:21:41.315     0     0 E         : c6    528 cutils-trace: Error opening trace file: No such file or directory (2)
01-06 18:21:41.322     0     0 W         : c6    528 synth uevent: /devices/platform/soc/98c000.i2c/i2c-1/1-003b/power_supply/wireless: failed to send uevent
01-06 18:21:41.322     0     0 E         : c6    528 power_supply wireless: uevent: failed to send synthetic uevent
01-06 18:21:41.333     0     0 E         : c6    528 qcom,qpnp-smb5 c440000.qcom,spmi:qcom,pm7250b@2:qcom,qpnp-smb5: Couldn't get POWER_SUPPLY_PROP_VOLTAGE_REGULATION, rc=-22
01-06 18:21:41.333     0     0 E         : c6    528 qcom,qpnp-smb5 c440000.qcom,spmi:qcom,pm7250b@2:qcom,qpnp-smb5: Couldn't get VOLTAGE_MAX, rc=-19
01-06 18:21:41.333     0     0 E         : c6    528 qcom,qpnp-smb5 c440000.qcom,spmi:qcom,pm7250b@2:qcom,qpnp-smb5: Couldn't get POWER_SUPPLY_PROP_VOLTAGE_REGULATION, rc=-22
01-06 18:21:41.340     0     0 I         : c6    528 sm7250_bms: MSC_PCS chg_state=64100001030011 [0x11:1:3:4096:100] chg=u
01-06 18:21:41.340     0     0 I         : c6    528 sm7250_bms: CHGR_ENG_CHARGING_CFG_REG = 0x04
01-06 18:21:41.438     0     0 I         : c5    529 apexd: wait for '/dev/loop-control' took 105ms
01-06 18:21:41.442     0     0 I         : c5    529 apexd: Pre-allocated 15 loopback devices
01-06 18:21:41.442     0     0 I         : c5    529 apexd: Scanning /system/apex for pre-installed ApexFiles
01-06 18:21:41.443     0     0 I         : c5    529 apexd: Found pre-installed APEX /system/apex/com.android.wifi.capex
01-06 18:21:41.444     0     0 I         : c7    528 ueventd: Coldboot took 0.165 seconds
01-06 18:21:41.446     0     0 I         : c5    529 apexd: Found pre-installed APEX /system/apex/com.android.i18n.apex
01-06 18:21:41.447     0     0 I         : c5    529 apexd: Found pre-installed APEX /system/apex/com.android.resolv.capex
01-06 18:21:41.449     0     0 I         : c5    529 apexd: Found pre-installed APEX /system/apex/com.android.ipsec.capex
01-06 18:21:41.452     0     0 I         : c5    529 apexd: Found pre-installed APEX /system/apex/com.android.extservices.capex
01-06 18:21:41.454     0     0 I         : c5    529 apexd: Found pre-installed APEX /system/apex/com.android.mediaprovider.capex
01-06 18:21:41.456     0     0 I         : c5    529 apexd: Found pre-installed APEX /system/apex/com.android.media.swcodec.capex
01-06 18:21:41.457     0     0 I         : c4    529 apexd: Found pre-installed APEX /system/apex/com.android.apex.cts.shim.apex
01-06 18:21:41.458     0     0 I         : c4    529 apexd: Found pre-installed APEX /system/apex/com.android.btservices.apex
01-06 18:21:41.458     0     0 I         : c4    529 apexd: Found pre-installed APEX /system/apex/com.android.adservices.capex
01-06 18:21:41.459     0     0 I         : c4    529 apexd: Found pre-installed APEX /system/apex/com.android.runtime.apex
01-06 18:21:41.460     0     0 I         : c4    529 apexd: Found pre-installed APEX /system/apex/com.android.media.capex
01-06 18:21:41.461     0     0 I         : c4    529 apexd: Found pre-installed APEX /system/apex/com.android.tethering.capex
01-06 18:21:41.463     0     0 I         : c4    529 apexd: Found pre-installed APEX /system/apex/com.android.vndk.current.apex
01-06 18:21:41.463     0     0 I         : c4    529 apexd: Found pre-installed APEX /system/apex/com.android.permission.capex
01-06 18:21:41.465     0     0 I         : c4    529 apexd: Found pre-installed APEX /system/apex/com.android.ondevicepersonalization.apex
01-06 18:21:41.465     0     0 I         : c4    529 apexd: Found pre-installed APEX /system/apex/com.android.uwb.capex
01-06 18:21:41.467     0     0 I         : c4    529 apexd: Found pre-installed APEX /system/apex/com.android.conscrypt.capex
01-06 18:21:41.468     0     0 I         : c4    529 apexd: Found pre-installed APEX /system/apex/com.android.cellbroadcast.capex
01-06 18:21:41.470     0     0 I         : c4    529 apexd: Found pre-installed APEX /system/apex/com.android.os.statsd.apex
01-06 18:21:41.471     0     0 I         : c4    529 apexd: Found pre-installed APEX /system/apex/com.android.adbd.capex
01-06 18:21:41.473     0     0 I         : c4    529 apexd: Found pre-installed APEX /system/apex/com.android.tzdata.apex
01-06 18:21:41.473     0     0 I         : c4    529 apexd: Found pre-installed APEX /system/apex/com.android.neuralnetworks.capex
01-06 18:21:41.475     0     0 I         : c4    529 apexd: Found pre-installed APEX /system/apex/com.android.sdkext.apex
01-06 18:21:41.475     0     0 I         : c4    529 apexd: Found pre-installed APEX /system/apex/com.android.scheduling.apex
01-06 18:21:41.475     0     0 I         : c4    529 apexd: Found pre-installed APEX /system/apex/com.android.art.capex
01-06 18:21:41.477     0     0 I         : c4    529 apexd: Found pre-installed APEX /system/apex/com.android.appsearch.apex
01-06 18:21:41.478     0     0 I         : c4    529 apexd: Scanning /system_ext/apex for pre-installed ApexFiles
01-06 18:21:41.478     0     0 W         : c4    529 apexd: /system_ext/apex does not exist. Skipping
01-06 18:21:41.478     0     0 I         : c4    529 apexd: Scanning /product/apex for pre-installed ApexFiles
01-06 18:21:41.478     0     0 W         : c4    529 apexd: /product/apex does not exist. Skipping
01-06 18:21:41.478     0     0 I         : c4    529 apexd: Scanning /vendor/apex for pre-installed ApexFiles
01-06 18:21:41.478     0     0 W         : c4    529 apexd: /vendor/apex does not exist. Skipping
01-06 18:21:41.478     0     0 I         : c4    529 apexd: No block apex metadata partition found, not adding block apexes
01-06 18:21:41.478     0     0 I         : c4    529 apexd: Pre-allocated 0 loopback devices
01-06 18:21:41.498     0     0 W         : c4    566 apexd: Failed to read /sys/class/block/sda/mq/0/nr_tags
01-06 18:21:41.505     0     0 I         : c4    566 EXT4-fs (loop0): mounted filesystem without journal. Opts: (null)
01-06 18:21:41.505     0     0 I         : c4    566 apexd: Successfully mounted package /system/apex/com.android.vndk.current.apex on /apex/com.android.vndk.v33@1 duration=19
01-06 18:21:41.508     0     0 W         : c1    569 apexd: Failed to read /sys/class/block/sda/mq/0/nr_tags
01-06 18:21:41.514     0     0 I         : c1    569 EXT4-fs (loop1): mounted filesystem without journal. Opts: (null)
01-06 18:21:41.514     0     0 I         : c1    569 apexd: Successfully mounted package /system/apex/com.android.tzdata.apex on /apex/com.android.tzdata@330400000 duration=27
01-06 18:21:41.521     0     0 W         : c1    567 apexd: Failed to read /sys/class/block/sda/mq/0/nr_tags
01-06 18:21:41.527     0     0 I         : c1    567 EXT4-fs (loop2): mounted filesystem without journal. Opts: (null)
01-06 18:21:41.527     0     0 I         : c1    567 apexd: Successfully mounted package /system/apex/com.android.runtime.apex on /apex/com.android.runtime@1 duration=40
01-06 18:21:41.533     0     0 W         : c4    568 apexd: Failed to read /sys/class/block/sda/mq/0/nr_tags
01-06 18:21:41.540     0     0 I         : c4    568 EXT4-fs (loop3): mounted filesystem without journal. Opts: (null)
01-06 18:21:41.540     0     0 I         : c4    568 apexd: Successfully mounted package /system/apex/com.android.i18n.apex on /apex/com.android.i18n@1 duration=34
01-06 18:21:41.541     0     0 I         : c4    529 apexd: Activated 4 packages.
01-06 18:21:41.549     0     0 I         : c4    529 apexd: OnBootstrap done, duration=233
01-06 18:21:41.551     0     0 I         : c2      1 init: Service 'apexd-bootstrap' (pid 529) exited with status 0 waiting took 0.280000 seconds
01-06 18:21:41.551     0     0 I         : c2      1 init: Sending signal 9 to service 'apexd-bootstrap' (pid 529) process group...
01-06 18:21:41.551     0     0 I         : c2      1 libprocessgroup: Successfully killed process cgroup uid 0 pid 529 in 0ms
01-06 18:21:41.580     0     0 I         : c6    295 sm7250_bms: MSC_PCS chg_state=64100d03010005 [0x5:3:1:4109:100] chg=u
01-06 18:21:41.580     0     0 I         : c6    295 sm7250_bms: CHGR_ENG_CHARGING_CFG_REG = 0x04
01-06 18:21:41.581     0     0 I         : c0      1 init: linkerconfig generated /linkerconfig with mounted APEX modules info
01-06 18:21:41.587     0     0 I         : c6    220 google_charger: usbchg=USB typec=C usbv=5085 usbc=363 usbMv=5000 usbMc=100
01-06 18:21:41.587     0     0 I         : c6    220 sm7250_bms: MSC_PCS chg_state=64100d03010015 [0x15:3:1:4109:100] chg=u
01-06 18:21:41.587     0     0 I         : c6    220 google_battery: MSC_DIN chg_state=64100d03010015 f=0x15 chg_s=Charging chg_t=Fast vchg=4109 icl=100
01-06 18:21:41.588     0     0 I         : c6    220 google_battery: MSC_DSG vbatt_idx:0->0 vbatt=4109954 ibatt=543213 fv_uv=4200000 cv_cnt=3 ov_cnt=0
01-06 18:21:41.588     0     0 I         : c6    220 google_battery: MSC_VOTE msc_state=2 cv_cnt=3 ov_cnt=0 temp_idx:2, vbatt_idx:0  fv_uv=4200000 cc_max=4000000 update_interval=30000
01-06 18:21:41.588     0     0 I         : c6    220 google_charger: MSC_CHG fv_uv=4200000, cc_max=4000000, rerun in 30000 ms (0)
01-06 18:21:41.589     0     0 I         : c0      1 init: processing action (ro.product.cpu.abilist32=* && early-init) from (/system/etc/init/hw/init.rc:90)
01-06 18:21:41.589     0     0 I         : c0      1 init: starting service 'boringssl_self_test32'...
01-06 18:21:41.592     0     0 I         : c0      1 init: SVC_EXEC service 'boringssl_self_test32' pid 580 (uid 0 gid 0+0 context default) started; waiting...
01-06 18:21:41.645     0     0 I         : c0      1 init: Service 'boringssl_self_test32' (pid 580) exited with status 0 waiting took 0.054000 seconds
01-06 18:21:41.645     0     0 I         : c0      1 init: Sending signal 9 to service 'boringssl_self_test32' (pid 580) process group...
01-06 18:21:41.645     0     0 I         : c0      1 libprocessgroup: Successfully killed process cgroup uid 0 pid 580 in 0ms
01-06 18:21:41.646     0     0 I         : c0      1 init: processing action (ro.product.cpu.abilist64=* && early-init) from (/system/etc/init/hw/init.rc:92)
01-06 18:21:41.646     0     0 I         : c0      1 init: starting service 'boringssl_self_test64'...
01-06 18:21:41.649     0     0 I         : c5      1 init: SVC_EXEC service 'boringssl_self_test64' pid 581 (uid 0 gid 0+0 context default) started; waiting...
01-06 18:21:41.688     0     0 I         : c5      1 init: Service 'boringssl_self_test64' (pid 581) exited with status 0 waiting took 0.040000 seconds
01-06 18:21:41.688     0     0 I         : c5      1 init: Sending signal 9 to service 'boringssl_self_test64' (pid 581) process group...
01-06 18:21:41.688     0     0 I         : c5      1 libprocessgroup: Successfully killed process cgroup uid 0 pid 581 in 0ms
01-06 18:21:41.689     0     0 I         : c4      1 init: processing action (early-init) from (/init.environ.rc:2)
01-06 18:21:41.689     0     0 I         : c4      1 init: processing action (early-init) from (/vendor/etc/init/hw/init.sm7250.rc:34)
01-06 18:21:41.692     0     0 I         : c4      1 init: [libfs_mgr]superblock s_max_mnt_count:65535,/dev/block/platform/soc/1d84000.ufshc/by-name/persist
01-06 18:21:41.693     0     0 I         : c4      1 init: [libfs_mgr]Filesystem on /dev/block/platform/soc/1d84000.ufshc/by-name/persist was not cleanly shutdown; state flags: 0x1, incompat feature flags: 0x46
01-06 18:21:41.694     0     0 W         : c4      1 EXT4-fs (sda2): Ignoring removed nomblk_io_submit option
01-06 18:21:41.700     0     0 I         : c4      1 EXT4-fs (sda2): recovery complete
01-06 18:21:41.700     0     0 I         : c4      1 EXT4-fs (sda2): mounted filesystem with ordered data mode. Opts: errors=remount-ro,nomblk_io_submit
01-06 18:21:41.700     0     0 I         : c4      1 init: [libfs_mgr]check_fs(): mount(/dev/block/platform/soc/1d84000.ufshc/by-name/persist,/mnt/vendor/persist,ext4)=0: Success
01-06 18:21:41.702     0     0 I         : c4      1 init: [libfs_mgr]umount_retry(): unmount(/mnt/vendor/persist) succeeded
01-06 18:21:41.702     0     0 I         : c4      1 init: [libfs_mgr]Running /system/bin/e2fsck on /dev/block/sda2
01-06 18:21:41.704     0     0 E         : c4      1 logwrapper: Cannot log to file /dev/fscklogs/log
01-06 18:21:41.704     0     0 E         : c4      1 logwrapper:
01-06 18:21:41.714     0     0 I         : c2      1 e2fsck: e2fsck 1.46.2 (28-Feb-2021)
01-06 18:21:41.716     0     0 I         : c2      1 e2fsck: Pass 1: Checking inodes, blocks, and sizes
01-06 18:21:41.719     0     0 I         : c2      1 e2fsck: Pass 2: Checking directory structure
01-06 18:21:41.725     0     0 I         : c2      1 e2fsck: Pass 3: Checking directory connectivity
01-06 18:21:41.725     0     0 I         : c2      1 e2fsck: Pass 4: Checking reference counts
01-06 18:21:41.725     0     0 I         : c2      1 e2fsck: Pass 5: Checking group summary information
01-06 18:21:41.727     0     0 I         : c2      1 e2fsck: /dev/block/platform/soc/1d84000.ufshc/by-name/persist: 264/8192 files (8.3% non-contiguous), 1995/8192 blocks
01-06 18:21:41.730     0     0 I         : c4      1 EXT4-fs (sda2): mounted filesystem with ordered data mode. Opts: barrier=1
01-06 18:21:41.731     0     0 I         : c4      1 init: [libfs_mgr]__mount(source=/dev/block/platform/soc/1d84000.ufshc/by-name/persist,target=/mnt/vendor/persist,type=ext4)=0: Success
01-06 18:21:41.731     0     0 W         : c1      1 init: [libfs_mgr]log_fs_stat() cannot log
01-06 18:21:41.731     0     0 W         : c1      1 init: fs_stat,/dev/block/platform/soc/1d84000.ufshc/by-name/persist,0xb
01-06 18:21:41.731     0     0 W         : c1      1 init:
01-06 18:21:41.743     0     0 I         : c2      1 init: processing action (early-init) from (/system/etc/init/prng_seeder.rc:5)
01-06 18:21:41.744     0     0 I         : c2      1 init: starting service 'prng_seeder'...
01-06 18:21:41.744     0     0 I         : c2      1 init: Created socket '/dev/socket/prng_seeder', mode 666, user 1092, group 1092
01-06 18:21:41.748     0     0 I         : c5      1 init: processing action (ro.product.cpu.abilist32=* && early-init) from (/vendor/etc/init/boringssl_self_test.rc:2)
01-06 18:21:41.750     0     0 I         : c5      1 init: starting service 'boringssl_self_test32_vendor'...
01-06 18:21:41.752     0     0 I         : c5      1 init: SVC_EXEC service 'boringssl_self_test32_vendor' pid 588 (uid 0 gid 0+0 context default) started; waiting...
01-06 18:21:41.813     0     0 I         : c5      1 init: Service 'boringssl_self_test32_vendor' (pid 588) exited with status 0 waiting took 0.062000 seconds
01-06 18:21:41.814     0     0 I         : c5      1 init: Sending signal 9 to service 'boringssl_self_test32_vendor' (pid 588) process group...
01-06 18:21:41.814     0     0 I         : c5      1 libprocessgroup: Successfully killed process cgroup uid 0 pid 588 in 0ms
01-06 18:21:41.815     0     0 I         : c3      1 init: processing action (ro.product.cpu.abilist64=* && early-init) from (/vendor/etc/init/boringssl_self_test.rc:4)
01-06 18:21:41.816     0     0 I         : c3      1 init: starting service 'boringssl_self_test64_vendor'...
01-06 18:21:41.819     0     0 I         : c0      1 init: SVC_EXEC service 'boringssl_self_test64_vendor' pid 589 (uid 0 gid 0+0 context default) started; waiting...
01-06 18:21:41.866     0     0 I         : c7    207 google_charger: usbchg=USB typec=C usbv=5085 usbc=364 usbMv=5000 usbMc=100
01-06 18:21:41.866     0     0 I         : c7    207 sm7250_bms: MSC_PCS chg_state=64100d03010015 [0x15:3:1:4109:100] chg=u
01-06 18:21:41.866     0     0 I         : c7    207 google_battery: MSC_DIN chg_state=64100d03010015 f=0x15 chg_s=Charging chg_t=Fast vchg=4109 icl=100
01-06 18:21:41.867     0     0 I         : c7    207 google_battery: MSC_DSG vbatt_idx:0->0 vbatt=4109176 ibatt=524902 fv_uv=4200000 cv_cnt=3 ov_cnt=0
01-06 18:21:41.867     0     0 I         : c7    207 google_battery: MSC_VOTE msc_state=2 cv_cnt=3 ov_cnt=0 temp_idx:2, vbatt_idx:0  fv_uv=4200000 cc_max=4000000 update_interval=30000
01-06 18:21:41.867     0     0 I         : c7    207 google_charger: MSC_CHG fv_uv=4200000, cc_max=4000000, rerun in 30000 ms (0)
01-06 18:21:41.881     0     0 I         : c0      1 init: Service 'boringssl_self_test64_vendor' (pid 589) exited with status 0 waiting took 0.063000 seconds
01-06 18:21:41.881     0     0 I         : c0      1 init: Sending signal 9 to service 'boringssl_self_test64_vendor' (pid 589) process group...
01-06 18:21:41.882     0     0 I         : c0      1 libprocessgroup: Successfully killed process cgroup uid 0 pid 589 in 0ms
01-06 18:21:41.883     0     0 I         : c7    207 QCOM-STEPCHG: get_step_chg_jeita_setting_from_profile: battery type=82300172013
01-06 18:21:41.883     0     0 I         : c7    207 of_batterydata_get_best_profile: 82300172013 found
01-06 18:21:41.883     0     0 E         : c7    207 QCOM-STEPCHG: read_range_data_from_node: Count qcom,step-chg-ranges failed, rc=-22
01-06 18:21:41.883     0     0 E         : c7    207 QCOM-STEPCHG: read_range_data_from_node: Count qcom,jeita-fcc-ranges failed, rc=-22
01-06 18:21:41.883     0     0 E         : c7    207 QCOM-STEPCHG: read_range_data_from_node: Count qcom,jeita-fv-ranges failed, rc=-22
01-06 18:21:41.883     0     0 I         : c4      1 init: processing action (wait_for_coldboot_done) from (<Builtin Action>:0)
01-06 18:21:41.883     0     0 I         : c4      1 init: start_waiting_for_property("ro.cold_boot_done", "true"): already set
01-06 18:21:41.883     0     0 I         : c4      1 init: processing action (SetMmapRndBits) from (<Builtin Action>:0)
01-06 18:21:41.884     0     0 I         : c4      1 init: processing action (KeychordInit) from (<Builtin Action>:0)
01-06 18:21:42.048   602   612 D libnos_transport: App 2 poll=16 status=0x80000000 reply_len=0 flags=0x0000
01-06 18:21:41.884     0     0 W         : c4      1 init: EVIOCSMASK not supported: Invalid argument
01-06 18:21:42.048   602   612 D libnos_transport: App 2 polled=16 status=0x80000000 reply_len=0 flags=0x0000
01-06 18:21:42.048   602   612 D libnos_transport: App 2 returning 0x0
01-06 18:21:42.048   602   612 D libnos_transport: Calling App 2 with params 0x0018
01-06 18:21:42.048   602   612 D libnos_transport: App 2 inspection status=0x00000000 reply_len=0 protocol=1 flags=0x0000
01-06 18:21:42.048   602   612 D libnos_transport: Send app 2 command data (0 bytes)
01-06 18:21:42.049   602   612 D libnos_transport: Send app 2 go command 0x00020018
01-06 18:21:41.884     0     0 I         : c4      1 [KEY] gpio_keys_gpio_report_event: key 1-73, (0) changed to 0
01-06 18:21:42.049   602   612 D libnos_transport: Polling app 2
01-06 18:21:41.885     0     0 I         : c4      1 init: processing action (init) from (/system/etc/init/hw/init.rc:115)
01-06 18:21:41.885     0     0 I         : c4      1 init: Command 'copy /system/etc/prop.default /dev/urandom' action=init (/system/etc/init/hw/init.rc:120) took 0ms and failed: Could not read input file '/system/etc/prop.default': open() failed: No such file or directory
01-06 18:21:41.896     0     0 I         : c4      1 init: Command 'write /dev/cpuctl/nnapi-hal/cpu.uclamp.min 1' action=init (/system/etc/init/hw/init.rc:213) took 0ms and failed: Unable to write to file '/dev/cpuctl/nnapi-hal/cpu.uclamp.min': open() failed: Permission denied
01-06 18:21:41.897     0     0 I         : c4      1 init: Command 'write /dev/cpuctl/nnapi-hal/cpu.uclamp.latency_sensitive 1' action=init (/system/etc/init/hw/init.rc:214) took 0ms and failed: Unable to write to file '/dev/cpuctl/nnapi-hal/cpu.uclamp.latency_sensitive': open() failed: Permission denied
01-06 18:21:41.903     0     0 I         : c4      1 init: Command 'write /dev/blkio/background/blkio.bfq.weight 10' action=init (/system/etc/init/hw/init.rc:258) took 0ms and failed: Unable to write to file '/dev/blkio/background/blkio.bfq.weight': open() failed: Permission denied
01-06 18:21:41.940     0     0 I         : c4      1 Registered swp emulation handler
01-06 18:21:41.942     0     0 I         : c4      1 init: starting service 'logd'...
01-06 18:21:41.942     0     0 I         : c4      1 init: Created socket '/dev/socket/logd', mode 666, user 1036, group 1036
01-06 18:21:41.942     0     0 I         : c4      1 init: Created socket '/dev/socket/logdr', mode 666, user 1036, group 1036
01-06 18:21:41.943     0     0 I         : c4      1 init: Created socket '/dev/socket/logdw', mode 222, user 1036, group 1036
01-06 18:21:41.948     0     0 I         : c0      1 init: starting service 'lmkd'...
01-06 18:21:41.948     0     0 I         : c0      1 init: Created socket '/dev/socket/lmkd', mode 660, user 1000, group 1000
01-06 18:21:41.952     0     0 I         : c0      1 init: starting service 'servicemanager'...
01-06 18:21:41.957     0     0 I         : c4      1 init: starting service 'hwservicemanager'...
01-06 18:21:41.960     0     0 I         : c6      1 init: starting service 'vndservicemanager'...
01-06 18:21:41.962     0     0 I         : c6      1 init: processing action (ro.debuggable=1 && init) from (/system/etc/init/hw/init.rc:1280)
01-06 18:21:41.962     0     0 I         : c6      1 init: Command 'start console' action=ro.debuggable=1 && init (/system/etc/init/hw/init.rc:1281) took 0ms and failed: Could not start service: Couldn't open console '/dev/console': No such device
01-06 18:21:41.962     0     0 I         : c6      1 init: processing action (init) from (/system/etc/init/hw/init.usb.rc:27)
01-06 18:21:41.962     0     0 I         : c6      1 init: processing action (vendor.skip.init=0 && init) from (/vendor/etc/init/hw/init.sm7250.rc:64)
01-06 18:21:41.967     0     0 I         : c6    526 init: wait for '/dev/block/platform/soc/1d84000.ufshc' took 0ms
01-06 18:21:41.968     0     0 I         : c6      1 init: starting service 'vendor.qseecomd'...
01-06 18:21:41.968     0     0 I         : c3    590 logd.auditd: start
01-06 18:21:42.050   602   612 D libnos_transport: App 2 polled=2 status=0x80000000 reply_len=4 flags=0x0000
01-06 18:21:42.050   602   612 D libnos_transport: Read app 2 reply data (4 bytes)
01-06 18:21:42.051   602   612 D libnos_transport: App 2 returning 0x0
01-06 18:21:42.051   603   603 E cutils-trace: Error opening trace file: No such file or directory (2)
01-06 18:21:42.051   594   594 E cutils-trace: Error opening trace file: No such file or directory (2)
01-06 18:21:42.052   603   603 I HidlServiceManagement: Registered android.hardware.keymaster@4.1::IKeymasterDevice/strongbox
01-06 18:21:42.052   603   603 I HidlServiceManagement: Removing namespace from process name android.hardware.keymaster@4.1-service.citadel to keymaster@4.1-service.citadel.
01-06 18:21:42.056   622   622 E cutils-trace: Error opening trace file: No such file or directory (2)
01-06 18:21:42.067   622   622 I HidlServiceManagement: Registered vendor.qti.hardware.qseecom@1.0::IQSEECom/default
01-06 18:21:42.067   622   622 I HidlServiceManagement: Removing namespace from process name vendor.qti.hardware.qseecom@1.0-service to qseecom@1.0-service.
01-06 18:21:42.067   622   622 I QSEECOM_SERVICE: IQSEECom registerAsService is successful
01-06 18:21:42.088   625   625 I vold    : Vold 3.0 (the awakening) firing up
01-06 18:21:42.088   625   625 D vold    : Detected support for: ext4 f2fs vfat
01-06 18:21:42.096   625   625 D vold    : VoldNativeService::start() completed OK
01-06 18:21:41.971     0     0 I         : c6      1 init: starting service 'keymaster-4-0'...
01-06 18:21:41.973     0     0 I         : c7      1 init: starting service 'vendor.citadeld'...
01-06 18:21:41.975     0     0 I         : c7      1 init: starting service 'vendor.keymaster-4-1-citadel'...
01-06 18:21:41.976     0     0 I         : c6      1 init: starting service 'insmod_sh'...
01-06 18:21:41.980     0     0 I         : c4    592 binder: 592:592 ioctl 40046210 7fdf569760 returned -22
01-06 18:21:41.984     0     0 I         : c6      1 init: processing action (init) from (/vendor/etc/init/hw/init.sm7250.diag.rc:17)
01-06 18:21:41.984     0     0 I         : c6      1 init: processing action (init) from (/system/etc/init/audioserver.rc:62)
01-06 18:21:41.984     0     0 I         : c6      1 init: processing action (init) from (/vendor/etc/init/android.hardware.keymaster@4.0-service-qti.rc:1)
01-06 18:21:41.984     0     0 I         : c6      1 init: service 'keymaster-4-0' requested start, but it is already running (flags: 4)
01-06 18:21:41.984     0     0 I         : c6      1 init: processing action (ro.boot.slot_successful=no && init) from (/vendor/etc/init/init.pixel.rc:11)
01-06 18:21:41.985     0     0 I         : c6      1 init: processing action (init) from (/vendor/etc/init/init.pixel.rc:21)
01-06 18:21:41.986     0     0 I         : c1    590 logd: Loaded bug_map file: /system_ext/etc/selinux/bug_map
01-06 18:21:41.990     0     0 I         : c2    590 logd: Loaded bug_map file: /vendor/etc/selinux/selinux_denial_metadata
01-06 18:21:41.991     0     0 I         : c5    590 logd: Loaded bug_map file: /system/etc/selinux/bug_map
01-06 18:21:41.991     0     0 I         : c1    594 binder: 594:594 ioctl 40046210 7ffefecd04 returned -22
01-06 18:21:42.001     0     0 I         : c3    596 binder: 596:596 ioctl 40046210 7ff95cb120 returned -22
01-06 18:21:42.006     0     0 I         : c6    602 binder: 602:602 ioctl 40046210 7fcfa4a170 returned -22
01-06 18:21:42.008     0     0 I         : c3    611 binder: 602:611 ioctl 40046210 77f16d6670 returned -22
01-06 18:21:42.012     0     0 I         : c7    601 binder: 601:601 ioctl 40046210 7fde665bc4 returned -22
01-06 18:21:42.015     0     0 I         : c2    600 binder: 600:600 ioctl 40046210 7fefaea460 returned -22
01-06 18:21:42.038     0     0 I         : c0    603 binder: 603:603 ioctl 40046210 7fd1efdf80 returned -22
01-06 18:21:42.039     0     0 I         : c7    603 binder: 603:603 ioctl 40046210 7fd1efe204 returned -22
01-06 18:21:42.040     0     0 I         : c7    612 spi_geni 980000.spi: tx_fifo 16 rx_fifo 16 tx_width 32
01-06 18:21:42.043     0     0 I         : c6      1 init: Command 'copy_per_line /dev/cpuctl/tasks /dev/cpuctl/system/tasks' action=init (/vendor/etc/init/init.pixel.rc:22) took 58ms and succeeded
01-06 18:21:42.043     0     0 E         : c6      1 init: Control message: Could not find 'aidl/android.frameworks.stats.IStats/default' for ctl.interface_start from pid: 592 (/system/bin/servicemanager)
01-06 18:21:42.043     0     0 I         : c6      1 init: processing action (init) from (/vendor/etc/init/vendor.qti.hardware.qseecom@1.0-service.rc:8)
01-06 18:21:42.043     0     0 I         : c6      1 init: starting service 'qseecom-service'...
01-06 18:21:42.045     0     0 I         : c6      1 init: processing action (late-init) from (/system/etc/init/hw/init.rc:516)
01-06 18:21:42.045     0     0 I         : c6      1 init: processing action (late-init) from (/vendor/etc/init/hw/init.redfin.rc:57)
01-06 18:21:42.045     0     0 I         : c6      1 init: processing action (late-init) from (/vendor/etc/init/hw/init.sm7250.rc:154)
01-06 18:21:42.045     0     0 I         : c6      1 init: processing action (late-init) from (/system/etc/init/atrace.rc:3)
01-06 18:21:42.048     0     0 I         : c6      1 init: Command 'write /sys/kernel/tracing/synthetic_events rss_stat_throttled unsigned int mm_id; unsigned int curr; int member; long size' action=late-init (/system/etc/init/atrace.rc:294) took 0ms and failed: Unable to write to file '/sys/kernel/tracing/synthetic_events': open() failed: Permission denied
01-06 18:21:42.048     0     0 I         : c6      1 init: processing action (late-init) from (/vendor/etc/init/android.hardware.atrace@1.0-service.pixel.rc:1)
01-06 18:21:42.050     0     0 I         : c6      1 init: processing action (queue_property_triggers) from (<Builtin Action>:0)
01-06 18:21:42.050     0     0 I         : c6      1 init: processing action (early-fs) from (/system/etc/init/hw/init.rc:549)
01-06 18:21:42.050     0     0 I         : c6      1 init: starting service 'vold'...
01-06 18:21:42.052     0     0 I         : c4      1 init: processing action (fs) from (/vendor/etc/init/hw/init.sm7250.rc:159)
01-06 18:21:42.053     0     0 I         : c7      1 init: [libfs_mgr]Invalid ext4 superblock on '/dev/block/by-name/metadata'
01-06 18:21:42.053     0     0 E         : c7      1 init: [libfs_mgr]mount_with_alternatives(): skipping mount due to invalid magic, mountpoint=/metadata blk_dev=/dev/block/sda15 rec[5].fs_type=ext4
01-06 18:21:42.054     0     0 E         : c6      1 init: [libfs_mgr]fs_mgr_mount_all(): /dev/block/sda15 is wiped and /metadata ext4 is formattable. Format it.
01-06 18:21:42.054     0     0 E         : c6      1 init: [libfs_mgr]fs_mgr_do_format: Format /dev/block/by-name/metadata as 'ext4'
01-06 18:21:42.056     0     0 I         : c7    622 binder: 622:622 ioctl 40046210 7fe587a594 returned -22
01-06 18:21:42.063     0     0 W         : c6    614 lcd: disagrees about version of symbol kmem_cache_alloc_trace
01-06 18:21:42.063     0     0 W         : c6    614 lcd: Unknown symbol kmem_cache_alloc_trace (err -22)
01-06 18:21:42.063     0     0 W         : c6    614 lcd: disagrees about version of symbol kmalloc_caches
01-06 18:21:42.063     0     0 W         : c6    614 lcd: Unknown symbol kmalloc_caches (err -22)
01-06 18:21:42.066     0     0 I         : c3      1 mke2fs: mke2fs 1.46.2 (28-Feb-2021)
01-06 18:21:42.070     0     0 W         : c6    614 camcc_lito: disagrees about version of symbol devm_regulator_get
01-06 18:21:42.070     0     0 W         : c6    614 camcc_lito: Unknown symbol devm_regulator_get (err -22)
01-06 18:21:42.074     0     0 W         : c6    614 llcc_perfmon: disagrees about version of symbol regmap_read
01-06 18:21:42.074     0     0 W         : c6    614 llcc_perfmon: Unknown symbol regmap_read (err -22)
01-06 18:21:42.074     0     0 W         : c6    614 llcc_perfmon: disagrees about version of symbol regmap_write
01-06 18:21:42.074     0     0 W         : c6    614 llcc_perfmon: Unknown symbol regmap_write (err -22)
01-06 18:21:42.075     0     0 I         : c0      1 mke2fs: Discarding device blocks:          done
01-06 18:21:42.076     0     0 I         : c0      1 mke2fs: Creating filesystem with 4096 4k blocks and 4096 inodes
01-06 18:21:42.076     0     0 I         : c0      1 mke2fs:
01-06 18:21:42.076     0     0 I         : c0      1 mke2fs: Allocating group tables: 0/1   done
01-06 18:21:42.076     0     0 I         : c6      1 mke2fs: Writing inode tables: 0/1   done
01-06 18:21:42.085     0     0 I         : c0      1 mke2fs: Creating journal (1024 blocks): done
01-06 18:21:42.086     0     0 W         : c6    614 rq_stats: disagrees about version of symbol kobject_uevent
01-06 18:21:42.086     0     0 W         : c6    614 rq_stats: Unknown symbol kobject_uevent (err -22)
01-06 18:21:42.086     0     0 W         : c7    614 touch_offload: disagrees about version of symbol cdev_init
01-06 18:21:42.086     0     0 W         : c7    614 touch_offload: Unknown symbol cdev_init (err -22)
01-06 18:21:42.086     0     0 W         : c7    614 touch_offload: disagrees about version of symbol cdev_add
01-06 18:21:42.086     0     0 W         : c7    614 touch_offload: Unknown symbol cdev_add (err -22)
01-06 18:21:42.086     0     0 W         : c7    614 touch_offload: disagrees about version of symbol cdev_del
01-06 18:21:42.086     0     0 W         : c7    614 touch_offload: Unknown symbol cdev_del (err -22)
01-06 18:21:42.086     0     0 W         : c7    614 touch_offload: disagrees about version of symbol kmem_cache_alloc_trace
01-06 18:21:42.086     0     0 W         : c7    614 touch_offload: Unknown symbol kmem_cache_alloc_trace (err -22)
01-06 18:21:42.086     0     0 W         : c7    614 touch_offload: disagrees about version of symbol __register_chrdev
01-06 18:21:42.086     0     0 W         : c7    614 touch_offload: Unknown symbol __register_chrdev (err -22)
01-06 18:21:42.086     0     0 W         : c7    614 touch_offload: disagrees about version of symbol kmalloc_caches
01-06 18:21:42.086     0     0 W         : c7    614 touch_offload: Unknown symbol kmalloc_caches (err -22)
01-06 18:21:42.087     0     0 I         : c1      1 mke2fs: Writing superblocks and filesystem accounting information: 0/1   done
01-06 18:21:42.087     0     0 I         : c1      1 mke2fs:
01-06 18:21:42.088     0     0 W         : c6    614 heatmap: disagrees about version of symbol vb2_plane_vaddr
01-06 18:21:42.088     0     0 W         : c6    614 heatmap: Unknown symbol vb2_plane_vaddr (err -22)
01-06 18:21:42.088     0     0 W         : c6    614 heatmap: disagrees about version of symbol vb2_buffer_done
01-06 18:21:42.088     0     0 W         : c6    614 heatmap: Unknown symbol vb2_buffer_done (err -22)
01-06 18:21:42.088     0     0 W         : c6    614 heatmap: disagrees about version of symbol vb2_queue_init
01-06 18:21:42.088     0     0 W         : c6    614 heatmap: Unknown symbol vb2_queue_init (err -22)
01-06 18:21:42.088     0     0 W         : c6    614 heatmap: disagrees about version of symbol vb2_ops_wait_prepare
01-06 18:21:42.088     0     0 W         : c6    614 heatmap: Unknown symbol vb2_ops_wait_prepare (err -22)
01-06 18:21:42.088     0     0 W         : c6    614 heatmap: disagrees about version of symbol vb2_ops_wait_finish
01-06 18:21:42.088     0     0 W         : c6    614 heatmap: Unknown symbol vb2_ops_wait_finish (err -22)
01-06 18:21:42.088     0     0 W         : c6    614 heatmap: disagrees about version of symbol vb2_vmalloc_memops
01-06 18:21:42.088     0     0 W         : c6    614 heatmap: Unknown symbol vb2_vmalloc_memops (err -22)
01-06 18:21:42.089     0     0 W         : c0    614 drv2624: disagrees about version of symbol regmap_update_bits_base
01-06 18:21:42.089     0     0 W         : c0    614 drv2624: Unknown symbol regmap_update_bits_base (err -22)
01-06 18:21:42.089     0     0 W         : c0    614 drv2624: disagrees about version of symbol __devm_regmap_init_i2c
01-06 18:21:42.089     0     0 W         : c0    614 drv2624: Unknown symbol __devm_regmap_init_i2c (err -22)
01-06 18:21:42.089     0     0 W         : c0    614 drv2624: disagrees about version of symbol request_firmware_nowait
01-06 18:21:42.089     0     0 W         : c0    614 drv2624: Unknown symbol request_firmware_nowait (err -22)
01-06 18:21:42.089     0     0 W         : c0    614 drv2624: disagrees about version of symbol regmap_read
01-06 18:21:42.089     0     0 W         : c0    614 drv2624: Unknown symbol regmap_read (err -22)
01-06 18:21:42.089     0     0 W         : c0    614 drv2624: disagrees about version of symbol regmap_write
